Microchip MPLAB XC8 Compiler V2.05 ()

Linker command line:

-W-3 --edf=C:\Program Files (x86)\Microchip\xc8\v2.05\pic\dat\en_msgs.txt \
  -cs -h+dist/default/production\RS232.X.production.sym \
  --cmf=dist/default/production\RS232.X.production.cmf -z -Q18F47J53 \
  -oC:\Users\LAUTAR~1\AppData\Local\Temp\s718.2 --defsym=__MPLAB_BUILD=1 \
  -Mdist/default/production/RS232.X.production.map -E1 -ver=XC8 \
  --acfsm=1493 -ASTACK=0A8h-0EAFh -pstack=STACK -ACODE=00h-01FFF7h \
  -ACONST=00h-01FFF7h -ASMALLCONST=0F00h-0FFFhx496,01FF00h-01FFF7h \
  -AMEDIUMCONST=0F00h-0FFFFh,010F00h-01FFF7h -ACOMRAM=01h-05Fh \
  -AABS1=00h-0EAFh -ABIGRAM=01h-0EAFh \
  -ARAM=060h-0FFh,0100h-01FFhx13,0E00h-0EAFh -ABANK0=060h-0FFh \
  -ABANK1=0100h-01FFh -ABANK2=0200h-02FFh -ABANK3=0300h-03FFh \
  -ABANK4=0400h-04FFh -ABANK5=0500h-05FFh -ABANK6=0600h-06FFh \
  -ABANK7=0700h-07FFh -ABANK8=0800h-08FFh -ABANK9=0900h-09FFh \
  -ABANK10=0A00h-0AFFh -ABANK11=0B00h-0BFFh -ABANK12=0C00h-0CFFh \
  -ABANK13=0D00h-0DFFh -ABANK14=0E00h-0EAFh \
  -ASFR=0EB0h-0EFFh,0F00h-0F5Fh,0F60h-0FFFh \
  -preset_vec=00h,intcode=08h,intcodelo,powerup,init -pramtop=0F00h \
  -psmallconst=SMALLCONST -pmediumconst=MEDIUMCONST -pconst=CONST \
  -AFARRAM=00h-00h -ACONFIG=01FFF8h-01FFFFh -pconfig=CONFIG \
  -pjflash_buffer=01F800h \
  -prdata=COMRAM,nvrram=COMRAM,nvbit=COMRAM,rbss=COMRAM,rbit=COMRAM \
  -pfarbss=FARRAM,fardata=FARRAM,nvFARRAM=FARRAM \
  -pintsave_regs=BIGRAM,bigbss=BIGRAM,bigdata=BIGRAM -pbss=RAM \
  -pidata=CODE,irdata=CODE,ibigdata=CODE,ifardata=CODE -prparam=COMRAM \
  C:\Users\LAUTAR~1\AppData\Local\Temp\s718.o \
  dist/default/production\RS232.X.production.o 

Object code version is 3.11

Machine type is 18F47J53

Call graph: (short form)




                Name                               Link     Load   Length Selector   Space Scale
C:\Users\LAUTAR~1\AppData\Local\Temp\s718.o
                init                                 2A       2A        4        4       0
                reset_vec                             0        0        4        0       0
                config                            1FFF8    1FFF8        8    1FFF8       0
dist/default/production\RS232.X.production.o
                intcode                               8        8       22        4       0
                temp                                 5D       5D        1        1       1
                smallconst                          F00      F00       46      780       0
                text19                             2654     2654        6      7A3       0
                text18                             264E     264E        6      7A3       0
                text17                             2636     2636        C      7A3       0
                text16                             2616     2616       12      7A3       0
                text15                             2602     2602       14      7A3       0
                text14                             2628     2628        E      7A3       0
                text13                             2648     2648        6      7A3       0
                text12                             2642     2642        6      7A3       0
                text11                             1BA2     1BA2      30C      7A3       0
                text10                             1850     1850      352      7A3       0
                text9                              20E0     20E0      1FE      7A3       0
                text8                              25BE     25BE       2E      7A3       0
                text7                              2544     2544       46      7A3       0
                text6                              241E     241E       BA      7A3       0
                text5                              22DE     22DE      140      7A3       0
                text4                              258A     258A       34      7A3       0
                text3                              1416     1416      43A      7A3       0
                text2                              1EAE     1EAE      232      7A3       0
                text1                               F46      F46      4D0      7A3       0
                text0                              24D8     24D8       6C      7A3       0
                cstackCOMRAM                          1        1       5C        1       1
                cstackBANK0                          60       60       3E       60       1
                bssBANK0                             9E       9E        A       60       1
                cinit                              25EC     25EC       16      7A3       0

TOTAL           Name                               Link     Load   Length     Space
        CLASS   STACK          

        CLASS   CODE           
                intcode                               8        8       22         0
                init                                 2A       2A        4         0
                reset_vec                             0        0        4         0
                text19                             2654     2654        6         0
                text18                             264E     264E        6         0
                text17                             2636     2636        C         0
                text16                             2616     2616       12         0
                text15                             2602     2602       14         0
                text14                             2628     2628        E         0
                text13                             2648     2648        6         0
                text12                             2642     2642        6         0
                text11                             1BA2     1BA2      30C         0
                text10                             1850     1850      352         0
                text9                              20E0     20E0      1FE         0
                text8                              25BE     25BE       2E         0
                text7                              2544     2544       46         0
                text6                              241E     241E       BA         0
                text5                              22DE     22DE      140         0
                text4                              258A     258A       34         0
                text3                              1416     1416      43A         0
                text2                              1EAE     1EAE      232         0
                text1                               F46      F46      4D0         0
                text0                              24D8     24D8       6C         0
                cinit                              25EC     25EC       16         0

        CLASS   CONST          

        CLASS   SMALLCONST     
                smallconst                          F00      F00       46         0

        CLASS   MEDIUMCONST    

        CLASS   COMRAM         
                temp                                 5D       5D        1         1
                cstackCOMRAM                          1        1       5C         1

        CLASS   ABS1           

        CLASS   BIGRAM         

        CLASS   RAM            

        CLASS   BANK0          
                cstackBANK0                          60       60       3E         1
                bssBANK0                             9E       9E        A         1

        CLASS   BANK1          

        CLASS   BANK2          

        CLASS   BANK3          

        CLASS   BANK4          

        CLASS   BANK5          

        CLASS   BANK6          

        CLASS   BANK7          

        CLASS   BANK8          

        CLASS   BANK9          

        CLASS   BANK10         

        CLASS   BANK11         

        CLASS   BANK12         

        CLASS   BANK13         

        CLASS   BANK14         

        CLASS   SFR            

        CLASS   FARRAM         

        CLASS   CONFIG         
                config                            1FFF8    1FFF8        8         0

        CLASS   IDLOC          



SEGMENTS        Name                           Load    Length   Top    Selector   Space  Class

                reset_vec                      000000  000004  000004         0       0  CODE    
                cstackCOMRAM                   000001  00005D  00005E         1       1  COMRAM  
                intcode                        000008  000026  00002E         4       0  CODE    
                cstackBANK0                    000060  000048  0000A8        60       1  BANK0   
                smallconst                     000F00  000046  000F46       780       0  SMALLCON
                text1                          000F46  001714  00265A       7A3       0  CODE    
                config                         01FFF8  000008  020000     1FFF8       0  CONFIG  


UNUSED ADDRESS RANGES

        Name                Unused          Largest block    Delta
        BANK0            000A8-000FF              58
        BANK1            00100-001FF             100
        BANK10           00A00-00AFF             100
        BANK11           00B00-00BFF             100
        BANK12           00C00-00CFF             100
        BANK13           00D00-00DFF             100
        BANK14           00E00-00EAF              B0
        BANK2            00200-002FF             100
        BANK3            00300-003FF             100
        BANK4            00400-004FF             100
        BANK5            00500-005FF             100
        BANK6            00600-006FF             100
        BANK7            00700-007FF             100
        BANK8            00800-008FF             100
        BANK9            00900-009FF             100
        BIGRAM           0005E-0005F               2
                         000A8-00EAF             E08
        CODE             00004-00007               4
                         0002E-00EFF             ED2
                         0265A-1FFF7           1D99E
        COMRAM           0005E-0005F               2
        CONST            00004-00007               4
                         0002E-00EFF             ED2
                         0265A-1FFF7           1D99E
        MEDIUMCONST      0265A-0FFFF            D9A6
                         10F00-1FFF7            F0F8
        RAM              000A8-00EAF             100
        SFR              00EB0-00FFF              60
        SMALLCONST       0265A-1FFF7             100
        STACK            000A8-00EAF             E08

                                  Symbol Table

?___cosdf                          cstackCOMRAM  0002B
?___fladd                          cstackCOMRAM  0001B
?___flmul                          cstackCOMRAM  00002
?___flneg                          cstackCOMRAM  00047
?___flsub                          cstackCOMRAM  0002B
?___fltol                          cstackCOMRAM  0002B
?___rem_pio2f                      cstackCOMRAM  0004B
?___sindf                          cstackCOMRAM  0004B
?___xxtofl                         cstackCOMRAM  00002
?_fabsf                            cstackCOMRAM  00002
?_sinf                             cstackCOMRAM  00055
_ANCON0                            (abs)         00F48
_ANCON1                            (abs)         00F49
_BAUDCON1bits                      (abs)         00F7E
_INTCONbits                        (abs)         00FF2
_PIE1bits                          (abs)         00F9D
_PIR1bits                          (abs)         00F9E
_PORTBbits                         (abs)         00F81
_RCONbits                          (abs)         00FD0
_RCREG1                            (abs)         00FAF
_RCSTA1                            (abs)         00FAC
_SPBRG1                            (abs)         00FB0
_TRISBbits                         (abs)         00F93
_TRISCbits                         (abs)         00F94
_TXREG1                            (abs)         00FAE
_TXSTA1                            (abs)         00FAD
__CFG_ADCSEL$BIT12                 (abs)         00000
__CFG_CFGPLLEN$ON                  (abs)         00000
__CFG_CLKOEC$ON                    (abs)         00000
__CFG_CP0$OFF                      (abs)         00000
__CFG_CPUDIV$OSC1                  (abs)         00000
__CFG_DSBOREN$OFF                  (abs)         00000
__CFG_DSWDTEN$OFF                  (abs)         00000
__CFG_DSWDTOSC$INTOSCREF           (abs)         00000
__CFG_DSWDTPS$G2                   (abs)         00000
__CFG_FCMEN$ON                     (abs)         00000
__CFG_IESO$ON                      (abs)         00000
__CFG_IOL1WAY$ON                   (abs)         00000
__CFG_LS48MHZ$SYS48X8              (abs)         00000
__CFG_MSSP7B_EN$MSK7               (abs)         00000
__CFG_OSC$HSPLL                    (abs)         00000
__CFG_PLLDIV$3                     (abs)         00000
__CFG_RTCOSC$T1OSCREF              (abs)         00000
__CFG_SOSCSEL$HIGH                 (abs)         00000
__CFG_STVREN$ON                    (abs)         00000
__CFG_WDTEN$OFF                    (abs)         00000
__CFG_WDTPS$32768                  (abs)         00000
__CFG_WPCFG$OFF                    (abs)         00000
__CFG_WPDIS$OFF                    (abs)         00000
__CFG_WPEND$PAGE_WPFP              (abs)         00000
__CFG_WPFP$PAGE_127                (abs)         00000
__CFG_XINST$OFF                    (abs)         00000
__HRAM                             (abs)         00000
__Habs1                            abs1          00000
__Hbank0                           bank0         00000
__Hbank1                           bank1         00000
__Hbank10                          bank10        00000
__Hbank11                          bank11        00000
__Hbank12                          bank12        00000
__Hbank13                          bank13        00000
__Hbank14                          bank14        00000
__Hbank2                           bank2         00000
__Hbank3                           bank3         00000
__Hbank4                           bank4         00000
__Hbank5                           bank5         00000
__Hbank6                           bank6         00000
__Hbank7                           bank7         00000
__Hbank8                           bank8         00000
__Hbank9                           bank9         00000
__Hbigbss                          bigbss        00000
__Hbigdata                         bigdata       00000
__Hbigram                          bigram        00000
__Hbss                             bss           00000
__HbssBANK0                        bssBANK0      00000
__Hcinit                           cinit         00000
__Hclrtext                         clrtext       00000
__Hcomram                          comram        00000
__Hconfig                          config        20000
__Hconst                           const         00000
__HcstackBANK0                     cstackBANK0   00000
__HcstackCOMRAM                    cstackCOMRAM  00000
__Hdata                            data          00000
__Hfarbss                          farbss        00000
__Hfardata                         fardata       00000
__Hibigdata                        ibigdata      00000
__Hidata                           idata         00000
__Hidloc                           idloc         00000
__Hifardata                        ifardata      00000
__Hinit                            init          0002E
__Hintcode                         intcode       0002A
__Hintcode_body                    intcode_body  00000
__Hintcodelo                       intcodelo     0002A
__Hintentry                        intentry      00000
__Hintret                          intret        00000
__Hintsave_regs                    intsave_regs  00000
__Hirdata                          irdata        00000
__Hjflash_buffer                   jflash_buffer 1F800
__Hmediumconst                     mediumconst   00000
__HnvFARRAM                        nvFARRAM      00000
__Hnvbit                           nvbit         00000
__Hnvrram                          nvrram        00000
__Hparam                           rparam        00000
__Hpowerup                         powerup       0002A
__Hram                             ram           00000
__Hramtop                          ramtop        00F00
__Hrbit                            rbit          00000
__Hrbss                            rbss          00000
__Hrdata                           rdata         00000
__Hreset_vec                       reset_vec     00004
__Hrparam                          rparam        00000
__Hsfr                             sfr           00000
__Hsmallconst                      smallconst    00F46
__Hspace_0                         (abs)         20000
__Hspace_1                         (abs)         000A8
__Hspace_2                         (abs)         00000
__Hstack                           stack         00000
__Hstruct                          struct        00000
__Htemp                            temp          0005E
__Htext                            text          00000
__Htext0                           text0         00000
__Htext1                           text1         00000
__Htext10                          text10        00000
__Htext11                          text11        00000
__Htext12                          text12        00000
__Htext13                          text13        00000
__Htext14                          text14        00000
__Htext15                          text15        00000
__Htext16                          text16        00000
__Htext17                          text17        00000
__Htext18                          text18        00000
__Htext19                          text19        00000
__Htext2                           text2         00000
__Htext3                           text3         00000
__Htext4                           text4         00000
__Htext5                           text5         00000
__Htext6                           text6         00000
__Htext7                           text7         00000
__Htext8                           text8         00000
__Htext9                           text9         00000
__LRAM                             (abs)         00001
__Labs1                            abs1          00000
__Lbank0                           bank0         00000
__Lbank1                           bank1         00000
__Lbank10                          bank10        00000
__Lbank11                          bank11        00000
__Lbank12                          bank12        00000
__Lbank13                          bank13        00000
__Lbank14                          bank14        00000
__Lbank2                           bank2         00000
__Lbank3                           bank3         00000
__Lbank4                           bank4         00000
__Lbank5                           bank5         00000
__Lbank6                           bank6         00000
__Lbank7                           bank7         00000
__Lbank8                           bank8         00000
__Lbank9                           bank9         00000
__Lbigbss                          bigbss        00000
__Lbigdata                         bigdata       00000
__Lbigram                          bigram        00000
__Lbss                             bss           00000
__LbssBANK0                        bssBANK0      00000
__Lcinit                           cinit         00000
__Lclrtext                         clrtext       00000
__Lcomram                          comram        00000
__Lconfig                          config        1FFF8
__Lconst                           const         00000
__LcstackBANK0                     cstackBANK0   00000
__LcstackCOMRAM                    cstackCOMRAM  00000
__Ldata                            data          00000
__Lfarbss                          farbss        00000
__Lfardata                         fardata       00000
__Libigdata                        ibigdata      00000
__Lidata                           idata         00000
__Lidloc                           idloc         00000
__Lifardata                        ifardata      00000
__Linit                            init          0002A
__Lintcode                         intcode       00008
__Lintcode_body                    intcode_body  00000
__Lintcodelo                       intcodelo     0002A
__Lintentry                        intentry      00000
__Lintret                          intret        00000
__Lintsave_regs                    intsave_regs  00000
__Lirdata                          irdata        00000
__Ljflash_buffer                   jflash_buffer 1F800
__Lmediumconst                     mediumconst   00000
__LnvFARRAM                        nvFARRAM      00000
__Lnvbit                           nvbit         00000
__Lnvrram                          nvrram        00000
__Lparam                           rparam        00000
__Lpowerup                         powerup       0002A
__Lram                             ram           00000
__Lramtop                          ramtop        00F00
__Lrbit                            rbit          00000
__Lrbss                            rbss          00000
__Lrdata                           rdata         00000
__Lreset_vec                       reset_vec     00000
__Lrparam                          rparam        00000
__Lsfr                             sfr           00000
__Lsmallconst                      smallconst    00F00
__Lspace_0                         (abs)         00000
__Lspace_1                         (abs)         00000
__Lspace_2                         (abs)         00000
__Lstack                           stack         00000
__Lstruct                          struct        00000
__Ltemp                            temp          0005D
__Ltext                            text          00000
__Ltext0                           text0         00000
__Ltext1                           text1         00000
__Ltext10                          text10        00000
__Ltext11                          text11        00000
__Ltext12                          text12        00000
__Ltext13                          text13        00000
__Ltext14                          text14        00000
__Ltext15                          text15        00000
__Ltext16                          text16        00000
__Ltext17                          text17        00000
__Ltext18                          text18        00000
__Ltext19                          text19        00000
__Ltext2                           text2         00000
__Ltext3                           text3         00000
__Ltext4                           text4         00000
__Ltext5                           text5         00000
__Ltext6                           text6         00000
__Ltext7                           text7         00000
__Ltext8                           text8         00000
__Ltext9                           text9         00000
__S0                               (abs)         20000
__S1                               (abs)         000A8
__S2                               (abs)         00000
___cosdf                           text9         020E0
___cosdf$1320                      cstackCOMRAM  00033
___cosdf$1321                      cstackCOMRAM  00037
___cosdf$1322                      cstackCOMRAM  0003B
___cosdf@r                         cstackCOMRAM  0002F
___cosdf@w                         cstackCOMRAM  0003F
___cosdf@x                         cstackCOMRAM  0002B
___cosdf@z                         cstackCOMRAM  00043
___fladd                           text11        01BA2
___fladd@a                         cstackCOMRAM  0001F
___fladd@aexp                      cstackCOMRAM  00028
___fladd@b                         cstackCOMRAM  0001B
___fladd@bexp                      cstackCOMRAM  00029
___fladd@grs                       cstackCOMRAM  0002A
___fladd@signs                     cstackCOMRAM  00027
___flmul                           text10        01850
___flmul@a                         cstackCOMRAM  00006
___flmul@aexp                      cstackCOMRAM  00013
___flmul@b                         cstackCOMRAM  00002
___flmul@bexp                      cstackCOMRAM  00014
___flmul@grs                       cstackCOMRAM  0000F
___flmul@prod                      cstackCOMRAM  00015
___flmul@sign                      cstackCOMRAM  0000E
___flmul@temp                      cstackCOMRAM  00019
___flneg                           text8         025BE
___flneg@f1                        cstackCOMRAM  00047
___flsub                           text7         02544
___flsub@a                         cstackCOMRAM  0002F
___flsub@b                         cstackCOMRAM  0002B
___fltol                           text6         0241E
___fltol@exp1                      cstackCOMRAM  00034
___fltol@f1                        cstackCOMRAM  0002B
___fltol@sign1                     cstackCOMRAM  00033
___inthi_sp                        stack         00000
___intlo_sp                        stack         00000
___param_bank                      (abs)         00000
___rem_pio2f                       text3         01416
___rem_pio2f$1323                  cstackBANK0   0006E
___rem_pio2f@F530                  bssBANK0      000A2
___rem_pio2f@fn                    cstackBANK0   00072
___rem_pio2f@ix                    cstackBANK0   00064
___rem_pio2f@n                     cstackBANK0   0007A
___rem_pio2f@sign                  cstackBANK0   00068
___rem_pio2f@t                     cstackBANK0   00076
___rem_pio2f@ty                    cstackBANK0   00060
___rem_pio2f@u                     cstackBANK0   0006A
___rem_pio2f@x                     cstackCOMRAM  0004B
___rem_pio2f@y                     cstackCOMRAM  0004F
___rparam_used                     (abs)         00001
___sindf                           text2         01EAE
___sindf$1324                      cstackBANK0   00068
___sindf$1325                      cstackBANK0   0006C
___sindf$1326                      cstackBANK0   00070
___sindf@r                         cstackBANK0   00060
___sindf@s                         cstackBANK0   00074
___sindf@w                         cstackBANK0   00064
___sindf@x                         cstackCOMRAM  0004B
___sindf@z                         cstackBANK0   00078
___sp                              stack         00000
___xxtofl                          text5         022DE
___xxtofl@arg                      cstackCOMRAM  0000C
___xxtofl@exp                      cstackCOMRAM  0000B
___xxtofl@sign                     cstackCOMRAM  0000A
___xxtofl@val                      cstackCOMRAM  00002
__accesstop                        (abs)         00060
__activetblptr                     (abs)         00003
__end_of_C0                        smallconst    00F35
__end_of_C1                        smallconst    00F31
__end_of_C2                        smallconst    00F2D
__end_of_C3                        smallconst    00F29
__end_of_S1                        smallconst    00F11
__end_of_S2                        smallconst    00F0D
__end_of_S3                        smallconst    00F09
__end_of_S4                        smallconst    00F05
__end_of___cosdf                   text9         022DE
__end_of___fladd                   text11        01EAE
__end_of___flmul                   text10        01BA2
__end_of___flneg                   text8         025EC
__end_of___flsub                   text7         0258A
__end_of___fltol                   text6         024D8
__end_of___rem_pio2f               text3         01850
__end_of___sindf                   text2         020E0
__end_of___xxtofl                  text5         0241E
__end_of__initialization           cinit         025F8
__end_of_adelante                  text19        0265A
__end_of_atras                     text18        02654
__end_of_configuracionInicial      text14        02636
__end_of_configurarInterrupciones  text17        02642
__end_of_configurarPuertos         text16        02628
__end_of_configurarRS232           text15        02616
__end_of_derecha                   text13        0264E
__end_of_fabsf                     text4         025BE
__end_of_half                      smallconst    00F21
__end_of_invpio2                   smallconst    00F1D
__end_of_izquierda                 text12        02648
__end_of_main                      text0         02544
__end_of_pio2_1                    smallconst    00F19
__end_of_pio2_1t                   smallconst    00F15
__end_of_rutina                    intcode       0002A
__end_of_s1pio2                    smallconst    00F45
__end_of_s2pio2                    smallconst    00F41
__end_of_s3pio2                    smallconst    00F3D
__end_of_s4pio2                    smallconst    00F39
__end_of_sinf                      text1         01416
__end_of_toint                     smallconst    00F25
__initialization                   cinit         025EC
__mediumconst                      mediumconst   00000
__pbssBANK0                        bssBANK0      0009E
__pcinit                           cinit         025EC
__pcstackBANK0                     cstackBANK0   00060
__pcstackCOMRAM                    cstackCOMRAM  00001
__pintcode                         intcode       00008
__psmallconst                      smallconst    00F00
__ptext0                           text0         024D8
__ptext1                           text1         00F46
__ptext10                          text10        01850
__ptext11                          text11        01BA2
__ptext12                          text12        02642
__ptext13                          text13        02648
__ptext14                          text14        02628
__ptext15                          text15        02602
__ptext16                          text16        02616
__ptext17                          text17        02636
__ptext18                          text18        0264E
__ptext19                          text19        02654
__ptext2                           text2         01EAE
__ptext3                           text3         01416
__ptext4                           text4         0258A
__ptext5                           text5         022DE
__ptext6                           text6         0241E
__ptext7                           text7         02544
__ptext8                           text8         025BE
__ptext9                           text9         020E0
__ramtop                           ramtop        00F00
__size_of___cosdf                  (abs)         00000
__size_of___fladd                  (abs)         00000
__size_of___flmul                  (abs)         00000
__size_of___flneg                  (abs)         00000
__size_of___flsub                  (abs)         00000
__size_of___fltol                  (abs)         00000
__size_of___rem_pio2f              (abs)         00000
__size_of___sindf                  (abs)         00000
__size_of___xxtofl                 (abs)         00000
__size_of_adelante                 (abs)         00000
__size_of_atras                    (abs)         00000
__size_of_configuracionInicial     (abs)         00000
__size_of_configurarInterrupciones (abs)         00000
__size_of_configurarPuertos        (abs)         00000
__size_of_configurarRS232          (abs)         00000
__size_of_derecha                  (abs)         00000
__size_of_fabsf                    (abs)         00000
__size_of_izquierda                (abs)         00000
__size_of_main                     (abs)         00000
__size_of_rutina                   (abs)         00000
__size_of_sinf                     (abs)         00000
__smallconst                       smallconst    00F00
_adelante                          text19        02654
_atras                             text18        0264E
_bandera                           bssBANK0      000A7
_configuracionInicial              text14        02628
_configurarInterrupciones          text17        02636
_configurarPuertos                 text16        02616
_configurarRS232                   text15        02602
_dato                              bssBANK0      000A6
_derecha                           text13        02648
_fabsf                             text4         0258A
_izquierda                         text12        02642
_main                              text0         024D8
_rutina                            intcode       00008
_sinf                              text1         00F46
_sinf$1086                         cstackBANK0   00086
_sinf$1087                         cstackBANK0   0008A
_sinf$1319                         cstackBANK0   00090
btemp                              temp          0005D
end_of_initialization              cinit         025F8
fabsf@F463                         bssBANK0      0009E
fabsf@u                            cstackCOMRAM  00006
fabsf@x                            cstackCOMRAM  00002
int$flags                          temp          0005D
intlevel0                          text          00000
intlevel1                          text          00000
intlevel2                          text          00000
intlevel3                          text          00000
rutina@aux                         cstackCOMRAM  00001
sinf@__xc8_float_word              cstackBANK0   00082
sinf@ix                            cstackBANK0   00098
sinf@n                             cstackBANK0   0007E
sinf@sign                          cstackBANK0   0008E
sinf@x                             cstackCOMRAM  00055
sinf@y                             cstackBANK0   00094
stackhi                            (abs)         00EAF
stacklo                            (abs)         000A8
start                              init          0002A
start_initialization               cinit         025EC
ttemp5                             temp          0005E
ttemp6                             temp          00061
ttemp7                             temp          00065
wtemp8                             temp          0005E


FUNCTION INFORMATION:

 *************** function _main *****************
 Defined at:
		line 43 in file "serial.c"
 Parameters:    Size  Location     Type
		None
 Auto vars:     Size  Location     Type
  seno            4    0        float 
 Return value:  Size  Location     Type
                  1    wreg      void 
 Registers used:
		wreg, fsr2l, fsr2h, status,2, status,0, prodl, prodh, cstack
 Tracked objects:
		On entry : 
		On exit  : 
		Unchanged: 
 Data sizes:     COMRAM   BANK0   BANK1   BANK2   BANK3   BANK4   BANK5   BANK6   BANK7   BANK8   BANK9  BANK10  BANK11  BANK12  BANK13  BANK14
      Params:         0       0       0       0       0       0       0       0       0       0       0       0       0       0       0       0
      Locals:         0       4       0       0       0       0       0       0       0       0       0       0       0       0       0       0
      Temps:          0       2       0       0       0       0       0       0       0       0       0       0       0       0       0       0
      Totals:         0       6       0       0       0       0       0       0       0       0       0       0       0       0       0       0
Total ram usage:        6 bytes
 Hardware stack levels required when called:    5
 This function calls:
		_adelante
		_atras
		_configuracionInicial
		_derecha
		_izquierda
		_sinf
 This function is called by:
		Startup code after reset
 This function uses a non-reentrant model


 *************** function _sinf *****************
 Defined at:
		line 26 in file "C:\Program Files (x86)\Microchip\xc8\v2.05\pic\sources\c99\common\sinf.c"
 Parameters:    Size  Location     Type
  x               4   84[COMRAM] float 
 Auto vars:     Size  Location     Type
  ix              4   56[BANK0 ] unsigned long 
  y               4   52[BANK0 ] unsigned long 
  __xc8_float_    4   34[BANK0 ] struct .
  n               4   30[BANK0 ] long 
  sign            2   46[BANK0 ] int 
 Return value:  Size  Location     Type
                  4   84[COMRAM] float 
 Registers used:
		wreg, fsr2l, fsr2h, status,2, status,0, prodl, prodh, cstack
 Tracked objects:
		On entry : 
		On exit  : 
		Unchanged: 
 Data sizes:     COMRAM   BANK0   BANK1   BANK2   BANK3   BANK4   BANK5   BANK6   BANK7   BANK8   BANK9  BANK10  BANK11  BANK12  BANK13  BANK14
      Params:         4       0       0       0       0       0       0       0       0       0       0       0       0       0       0       0
      Locals:         0      30       0       0       0       0       0       0       0       0       0       0       0       0       0       0
      Temps:          4       0       0       0       0       0       0       0       0       0       0       0       0       0       0       0
      Totals:         8      30       0       0       0       0       0       0       0       0       0       0       0       0       0       0
Total ram usage:       38 bytes
 Hardware stack levels used:    1
 Hardware stack levels required when called:    4
 This function calls:
		___cosdf
		___fladd
		___flneg
		___flsub
		___rem_pio2f
		___sindf
 This function is called by:
		_main
 This function uses a non-reentrant model


 *************** function ___sindf *****************
 Defined at:
		line 26 in file "C:\Program Files (x86)\Microchip\xc8\v2.05\pic\sources\c99\common\__sindf.c"
 Parameters:    Size  Location     Type
  x               4   74[COMRAM] float 
 Auto vars:     Size  Location     Type
  z               4   24[BANK0 ] float 
  s               4   20[BANK0 ] float 
  w               4    4[BANK0 ] float 
  r               4    0[BANK0 ] float 
 Return value:  Size  Location     Type
                  4   74[COMRAM] float 
 Registers used:
		wreg, status,2, status,0, prodl, prodh, cstack
 Tracked objects:
		On entry : 
		On exit  : 
		Unchanged: 
 Data sizes:     COMRAM   BANK0   BANK1   BANK2   BANK3   BANK4   BANK5   BANK6   BANK7   BANK8   BANK9  BANK10  BANK11  BANK12  BANK13  BANK14
      Params:         4       0       0       0       0       0       0       0       0       0       0       0       0       0       0       0
      Locals:         0      28       0       0       0       0       0       0       0       0       0       0       0       0       0       0
      Temps:          0       0       0       0       0       0       0       0       0       0       0       0       0       0       0       0
      Totals:         4      28       0       0       0       0       0       0       0       0       0       0       0       0       0       0
Total ram usage:       32 bytes
 Hardware stack levels used:    1
 Hardware stack levels required when called:    2
 This function calls:
		___fladd
		___flmul
 This function is called by:
		_sinf
 This function uses a non-reentrant model


 *************** function ___rem_pio2f *****************
 Defined at:
		line 43 in file "C:\Program Files (x86)\Microchip\xc8\v2.05\pic\sources\c99\common\__rem_pio2f.c"
 Parameters:    Size  Location     Type
  x               4   74[COMRAM] float 
  y               2   78[COMRAM] PTR 
		 -> sinf@y(4), 
 Auto vars:     Size  Location     Type
  n               4   26[BANK0 ] long 
  t               4   22[BANK0 ] float 
  fn              4   18[BANK0 ] float 
  u               4   10[BANK0 ] struct .
  ix              4    4[BANK0 ] unsigned long 
  ty              4    0[BANK0 ] [1]
  tx              4    0        [1]
  sign            2    8[BANK0 ] int 
 Return value:  Size  Location     Type
                  2   74[COMRAM] int 
 Registers used:
		wreg, fsr2l, fsr2h, status,2, status,0, prodl, prodh, cstack
 Tracked objects:
		On entry : 
		On exit  : 
		Unchanged: 
 Data sizes:     COMRAM   BANK0   BANK1   BANK2   BANK3   BANK4   BANK5   BANK6   BANK7   BANK8   BANK9  BANK10  BANK11  BANK12  BANK13  BANK14
      Params:         6       0       0       0       0       0       0       0       0       0       0       0       0       0       0       0
      Locals:         0      30       0       0       0       0       0       0       0       0       0       0       0       0       0       0
      Temps:          4       0       0       0       0       0       0       0       0       0       0       0       0       0       0       0
      Totals:        10      30       0       0       0       0       0       0       0       0       0       0       0       0       0       0
Total ram usage:       40 bytes
 Hardware stack levels used:    1
 Hardware stack levels required when called:    3
 This function calls:
		___fladd
		___flmul
		___flneg
		___flsub
		___fltol
		___xxtofl
		_fabsf
 This function is called by:
		_sinf
 This function uses a non-reentrant model


 *************** function _fabsf *****************
 Defined at:
		line 4 in file "C:\Program Files (x86)\Microchip\xc8\v2.05\pic\sources\c99\common\fabsf.c"
 Parameters:    Size  Location     Type
  x               4    1[COMRAM] float 
 Auto vars:     Size  Location     Type
  u               4    5[COMRAM] struct .
 Return value:  Size  Location     Type
                  4    1[COMRAM] float 
 Registers used:
		status,2, status,0
 Tracked objects:
		On entry : 
		On exit  : 
		Unchanged: 
 Data sizes:     COMRAM   BANK0   BANK1   BANK2   BANK3   BANK4   BANK5   BANK6   BANK7   BANK8   BANK9  BANK10  BANK11  BANK12  BANK13  BANK14
      Params:         4       0       0       0       0       0       0       0       0       0       0       0       0       0       0       0
      Locals:         4       0       0       0       0       0       0       0       0       0       0       0       0       0       0       0
      Temps:          0       0       0       0       0       0       0       0       0       0       0       0       0       0       0       0
      Totals:         8       0       0       0       0       0       0       0       0       0       0       0       0       0       0       0
Total ram usage:        8 bytes
 Hardware stack levels used:    1
 Hardware stack levels required when called:    1
 This function calls:
		Nothing
 This function is called by:
		___rem_pio2f
 This function uses a non-reentrant model


 *************** function ___xxtofl *****************
 Defined at:
		line 10 in file "C:\Program Files (x86)\Microchip\xc8\v2.05\pic\sources\c99\common\xxtofl.c"
 Parameters:    Size  Location     Type
  sign            1    wreg     unsigned char 
  val             4    1[COMRAM] long 
 Auto vars:     Size  Location     Type
  sign            1    9[COMRAM] unsigned char 
  arg             4   11[COMRAM] unsigned long 
  exp             1   10[COMRAM] unsigned char 
 Return value:  Size  Location     Type
                  4    1[COMRAM] unsigned char 
 Registers used:
		wreg, status,2, status,0
 Tracked objects:
		On entry : 
		On exit  : 
		Unchanged: 
 Data sizes:     COMRAM   BANK0   BANK1   BANK2   BANK3   BANK4   BANK5   BANK6   BANK7   BANK8   BANK9  BANK10  BANK11  BANK12  BANK13  BANK14
      Params:         4       0       0       0       0       0       0       0       0       0       0       0       0       0       0       0
      Locals:         6       0       0       0       0       0       0       0       0       0       0       0       0       0       0       0
      Temps:          4       0       0       0       0       0       0       0       0       0       0       0       0       0       0       0
      Totals:        14       0       0       0       0       0       0       0       0       0       0       0       0       0       0       0
Total ram usage:       14 bytes
 Hardware stack levels used:    1
 Hardware stack levels required when called:    1
 This function calls:
		Nothing
 This function is called by:
		___rem_pio2f
 This function uses a non-reentrant model


 *************** function ___fltol *****************
 Defined at:
		line 43 in file "C:\Program Files (x86)\Microchip\xc8\v2.05\pic\sources\c99\common\fltol.c"
 Parameters:    Size  Location     Type
  f1              4   42[COMRAM] unsigned char 
 Auto vars:     Size  Location     Type
  exp1            1   51[COMRAM] unsigned char 
  sign1           1   50[COMRAM] unsigned char 
 Return value:  Size  Location     Type
                  4   42[COMRAM] long 
 Registers used:
		wreg, status,2, status,0
 Tracked objects:
		On entry : 
		On exit  : 
		Unchanged: 
 Data sizes:     COMRAM   BANK0   BANK1   BANK2   BANK3   BANK4   BANK5   BANK6   BANK7   BANK8   BANK9  BANK10  BANK11  BANK12  BANK13  BANK14
      Params:         4       0       0       0       0       0       0       0       0       0       0       0       0       0       0       0
      Locals:         2       0       0       0       0       0       0       0       0       0       0       0       0       0       0       0
      Temps:          4       0       0       0       0       0       0       0       0       0       0       0       0       0       0       0
      Totals:        10       0       0       0       0       0       0       0       0       0       0       0       0       0       0       0
Total ram usage:       10 bytes
 Hardware stack levels used:    1
 Hardware stack levels required when called:    1
 This function calls:
		Nothing
 This function is called by:
		___rem_pio2f
 This function uses a non-reentrant model


 *************** function ___flsub *****************
 Defined at:
		line 245 in file "C:\Program Files (x86)\Microchip\xc8\v2.05\pic\sources\c99\common\sprcadd.c"
 Parameters:    Size  Location     Type
  b               4   42[COMRAM] long 
  a               4   46[COMRAM] long 
 Auto vars:     Size  Location     Type
		None
 Return value:  Size  Location     Type
                  4   42[COMRAM] long 
 Registers used:
		wreg, status,2, status,0, cstack
 Tracked objects:
		On entry : 
		On exit  : 
		Unchanged: 
 Data sizes:     COMRAM   BANK0   BANK1   BANK2   BANK3   BANK4   BANK5   BANK6   BANK7   BANK8   BANK9  BANK10  BANK11  BANK12  BANK13  BANK14
      Params:         8       0       0       0       0       0       0       0       0       0       0       0       0       0       0       0
      Locals:         0       0       0       0       0       0       0       0       0       0       0       0       0       0       0       0
      Temps:          0       0       0       0       0       0       0       0       0       0       0       0       0       0       0       0
      Totals:         8       0       0       0       0       0       0       0       0       0       0       0       0       0       0       0
Total ram usage:        8 bytes
 Hardware stack levels used:    1
 Hardware stack levels required when called:    2
 This function calls:
		___fladd
 This function is called by:
		_sinf
		___rem_pio2f
 This function uses a non-reentrant model


 *************** function ___flneg *****************
 Defined at:
		line 15 in file "C:\Program Files (x86)\Microchip\xc8\v2.05\pic\sources\c99\common\flneg.c"
 Parameters:    Size  Location     Type
  f1              4   70[COMRAM] long 
 Auto vars:     Size  Location     Type
		None
 Return value:  Size  Location     Type
                  4   70[COMRAM] long 
 Registers used:
		wreg, status,2, status,0
 Tracked objects:
		On entry : 
		On exit  : 
		Unchanged: 
 Data sizes:     COMRAM   BANK0   BANK1   BANK2   BANK3   BANK4   BANK5   BANK6   BANK7   BANK8   BANK9  BANK10  BANK11  BANK12  BANK13  BANK14
      Params:         4       0       0       0       0       0       0       0       0       0       0       0       0       0       0       0
      Locals:         0       0       0       0       0       0       0       0       0       0       0       0       0       0       0       0
      Temps:          0       0       0       0       0       0       0       0       0       0       0       0       0       0       0       0
      Totals:         4       0       0       0       0       0       0       0       0       0       0       0       0       0       0       0
Total ram usage:        4 bytes
 Hardware stack levels used:    1
 Hardware stack levels required when called:    1
 This function calls:
		Nothing
 This function is called by:
		_sinf
		___rem_pio2f
 This function uses a non-reentrant model


 *************** function ___cosdf *****************
 Defined at:
		line 26 in file "C:\Program Files (x86)\Microchip\xc8\v2.05\pic\sources\c99\common\__cosdf.c"
 Parameters:    Size  Location     Type
  x               4   42[COMRAM] long 
 Auto vars:     Size  Location     Type
  z               4   66[COMRAM] long 
  w               4   62[COMRAM] long 
  r               4   46[COMRAM] long 
 Return value:  Size  Location     Type
                  4   42[COMRAM] float 
 Registers used:
		wreg, status,2, status,0, prodl, prodh, cstack
 Tracked objects:
		On entry : 
		On exit  : 
		Unchanged: 
 Data sizes:     COMRAM   BANK0   BANK1   BANK2   BANK3   BANK4   BANK5   BANK6   BANK7   BANK8   BANK9  BANK10  BANK11  BANK12  BANK13  BANK14
      Params:         4       0       0       0       0       0       0       0       0       0       0       0       0       0       0       0
      Locals:        24       0       0       0       0       0       0       0       0       0       0       0       0       0       0       0
      Temps:          0       0       0       0       0       0       0       0       0       0       0       0       0       0       0       0
      Totals:        28       0       0       0       0       0       0       0       0       0       0       0       0       0       0       0
Total ram usage:       28 bytes
 Hardware stack levels used:    1
 Hardware stack levels required when called:    2
 This function calls:
		___fladd
		___flmul
 This function is called by:
		_sinf
 This function uses a non-reentrant model


 *************** function ___flmul *****************
 Defined at:
		line 8 in file "C:\Program Files (x86)\Microchip\xc8\v2.05\pic\sources\c99\common\sprcmul.c"
 Parameters:    Size  Location     Type
  b               4    1[COMRAM] float 
  a               4    5[COMRAM] float 
 Auto vars:     Size  Location     Type
  prod            4   20[COMRAM] struct .
  grs             4   14[COMRAM] unsigned long 
  temp            2   24[COMRAM] struct .
  bexp            1   19[COMRAM] unsigned char 
  aexp            1   18[COMRAM] unsigned char 
  sign            1   13[COMRAM] unsigned char 
 Return value:  Size  Location     Type
                  4    1[COMRAM] unsigned char 
 Registers used:
		wreg, status,2, status,0, prodl, prodh
 Tracked objects:
		On entry : 
		On exit  : 
		Unchanged: 
 Data sizes:     COMRAM   BANK0   BANK1   BANK2   BANK3   BANK4   BANK5   BANK6   BANK7   BANK8   BANK9  BANK10  BANK11  BANK12  BANK13  BANK14
      Params:         8       0       0       0       0       0       0       0       0       0       0       0       0       0       0       0
      Locals:        13       0       0       0       0       0       0       0       0       0       0       0       0       0       0       0
      Temps:          4       0       0       0       0       0       0       0       0       0       0       0       0       0       0       0
      Totals:        25       0       0       0       0       0       0       0       0       0       0       0       0       0       0       0
Total ram usage:       25 bytes
 Hardware stack levels used:    1
 Hardware stack levels required when called:    1
 This function calls:
		Nothing
 This function is called by:
		___cosdf
		___rem_pio2f
		___sindf
 This function uses a non-reentrant model


 *************** function ___fladd *****************
 Defined at:
		line 10 in file "C:\Program Files (x86)\Microchip\xc8\v2.05\pic\sources\c99\common\sprcadd.c"
 Parameters:    Size  Location     Type
  b               4   26[COMRAM] unsigned char 
  a               4   30[COMRAM] unsigned char 
 Auto vars:     Size  Location     Type
  grs             1   41[COMRAM] unsigned char 
  bexp            1   40[COMRAM] unsigned char 
  aexp            1   39[COMRAM] unsigned char 
  signs           1   38[COMRAM] unsigned char 
 Return value:  Size  Location     Type
                  4   26[COMRAM] unsigned char 
 Registers used:
		wreg, status,2, status,0
 Tracked objects:
		On entry : 
		On exit  : 
		Unchanged: 
 Data sizes:     COMRAM   BANK0   BANK1   BANK2   BANK3   BANK4   BANK5   BANK6   BANK7   BANK8   BANK9  BANK10  BANK11  BANK12  BANK13  BANK14
      Params:         8       0       0       0       0       0       0       0       0       0       0       0       0       0       0       0
      Locals:         4       0       0       0       0       0       0       0       0       0       0       0       0       0       0       0
      Temps:          4       0       0       0       0       0       0       0       0       0       0       0       0       0       0       0
      Totals:        16       0       0       0       0       0       0       0       0       0       0       0       0       0       0       0
Total ram usage:       16 bytes
 Hardware stack levels used:    1
 Hardware stack levels required when called:    1
 This function calls:
		Nothing
 This function is called by:
		___flsub
		_sinf
		___cosdf
		___rem_pio2f
		___sindf
 This function uses a non-reentrant model


 *************** function _izquierda *****************
 Defined at:
		line 112 in file "serial.c"
 Parameters:    Size  Location     Type
		None
 Auto vars:     Size  Location     Type
		None
 Return value:  Size  Location     Type
                  1    wreg      void 
 Registers used:
		None
 Tracked objects:
		On entry : 
		On exit  : 
		Unchanged: 
 Data sizes:     COMRAM   BANK0   BANK1   BANK2   BANK3   BANK4   BANK5   BANK6   BANK7   BANK8   BANK9  BANK10  BANK11  BANK12  BANK13  BANK14
      Params:         0       0       0       0       0       0       0       0       0       0       0       0       0       0       0       0
      Locals:         0       0       0       0       0       0       0       0       0       0       0       0       0       0       0       0
      Temps:          0       0       0       0       0       0       0       0       0       0       0       0       0       0       0       0
      Totals:         0       0       0       0       0       0       0       0       0       0       0       0       0       0       0       0
Total ram usage:        0 bytes
 Hardware stack levels used:    1
 Hardware stack levels required when called:    1
 This function calls:
		Nothing
 This function is called by:
		_main
 This function uses a non-reentrant model


 *************** function _derecha *****************
 Defined at:
		line 117 in file "serial.c"
 Parameters:    Size  Location     Type
		None
 Auto vars:     Size  Location     Type
		None
 Return value:  Size  Location     Type
                  1    wreg      void 
 Registers used:
		None
 Tracked objects:
		On entry : 
		On exit  : 
		Unchanged: 
 Data sizes:     COMRAM   BANK0   BANK1   BANK2   BANK3   BANK4   BANK5   BANK6   BANK7   BANK8   BANK9  BANK10  BANK11  BANK12  BANK13  BANK14
      Params:         0       0       0       0       0       0       0       0       0       0       0       0       0       0       0       0
      Locals:         0       0       0       0       0       0       0       0       0       0       0       0       0       0       0       0
      Temps:          0       0       0       0       0       0       0       0       0       0       0       0       0       0       0       0
      Totals:         0       0       0       0       0       0       0       0       0       0       0       0       0       0       0       0
Total ram usage:        0 bytes
 Hardware stack levels used:    1
 Hardware stack levels required when called:    1
 This function calls:
		Nothing
 This function is called by:
		_main
 This function uses a non-reentrant model


 *************** function _configuracionInicial *****************
 Defined at:
		line 69 in file "serial.c"
 Parameters:    Size  Location     Type
		None
 Auto vars:     Size  Location     Type
		None
 Return value:  Size  Location     Type
                  1    wreg      void 
 Registers used:
		wreg, status,2, cstack
 Tracked objects:
		On entry : 
		On exit  : 
		Unchanged: 
 Data sizes:     COMRAM   BANK0   BANK1   BANK2   BANK3   BANK4   BANK5   BANK6   BANK7   BANK8   BANK9  BANK10  BANK11  BANK12  BANK13  BANK14
      Params:         0       0       0       0       0       0       0       0       0       0       0       0       0       0       0       0
      Locals:         0       0       0       0       0       0       0       0       0       0       0       0       0       0       0       0
      Temps:          0       0       0       0       0       0       0       0       0       0       0       0       0       0       0       0
      Totals:         0       0       0       0       0       0       0       0       0       0       0       0       0       0       0       0
Total ram usage:        0 bytes
 Hardware stack levels used:    1
 Hardware stack levels required when called:    2
 This function calls:
		_configurarInterrupciones
		_configurarPuertos
		_configurarRS232
 This function is called by:
		_main
 This function uses a non-reentrant model


 *************** function _configurarRS232 *****************
 Defined at:
		line 85 in file "serial.c"
 Parameters:    Size  Location     Type
		None
 Auto vars:     Size  Location     Type
		None
 Return value:  Size  Location     Type
                  1    wreg      void 
 Registers used:
		wreg, status,2
 Tracked objects:
		On entry : 
		On exit  : 
		Unchanged: 
 Data sizes:     COMRAM   BANK0   BANK1   BANK2   BANK3   BANK4   BANK5   BANK6   BANK7   BANK8   BANK9  BANK10  BANK11  BANK12  BANK13  BANK14
      Params:         0       0       0       0       0       0       0       0       0       0       0       0       0       0       0       0
      Locals:         0       0       0       0       0       0       0       0       0       0       0       0       0       0       0       0
      Temps:          0       0       0       0       0       0       0       0       0       0       0       0       0       0       0       0
      Totals:         0       0       0       0       0       0       0       0       0       0       0       0       0       0       0       0
Total ram usage:        0 bytes
 Hardware stack levels used:    1
 Hardware stack levels required when called:    1
 This function calls:
		Nothing
 This function is called by:
		_configuracionInicial
 This function uses a non-reentrant model


 *************** function _configurarPuertos *****************
 Defined at:
		line 75 in file "serial.c"
 Parameters:    Size  Location     Type
		None
 Auto vars:     Size  Location     Type
		None
 Return value:  Size  Location     Type
                  1    wreg      void 
 Registers used:
		wreg, status,2
 Tracked objects:
		On entry : 
		On exit  : 
		Unchanged: 
 Data sizes:     COMRAM   BANK0   BANK1   BANK2   BANK3   BANK4   BANK5   BANK6   BANK7   BANK8   BANK9  BANK10  BANK11  BANK12  BANK13  BANK14
      Params:         0       0       0       0       0       0       0       0       0       0       0       0       0       0       0       0
      Locals:         0       0       0       0       0       0       0       0       0       0       0       0       0       0       0       0
      Temps:          0       0       0       0       0       0       0       0       0       0       0       0       0       0       0       0
      Totals:         0       0       0       0       0       0       0       0       0       0       0       0       0       0       0       0
Total ram usage:        0 bytes
 Hardware stack levels used:    1
 Hardware stack levels required when called:    1
 This function calls:
		Nothing
 This function is called by:
		_configuracionInicial
 This function uses a non-reentrant model


 *************** function _configurarInterrupciones *****************
 Defined at:
		line 94 in file "serial.c"
 Parameters:    Size  Location     Type
		None
 Auto vars:     Size  Location     Type
		None
 Return value:  Size  Location     Type
                  1    wreg      void 
 Registers used:
		None
 Tracked objects:
		On entry : 
		On exit  : 
		Unchanged: 
 Data sizes:     COMRAM   BANK0   BANK1   BANK2   BANK3   BANK4   BANK5   BANK6   BANK7   BANK8   BANK9  BANK10  BANK11  BANK12  BANK13  BANK14
      Params:         0       0       0       0       0       0       0       0       0       0       0       0       0       0       0       0
      Locals:         0       0       0       0       0       0       0       0       0       0       0       0       0       0       0       0
      Temps:          0       0       0       0       0       0       0       0       0       0       0       0       0       0       0       0
      Totals:         0       0       0       0       0       0       0       0       0       0       0       0       0       0       0       0
Total ram usage:        0 bytes
 Hardware stack levels used:    1
 Hardware stack levels required when called:    1
 This function calls:
		Nothing
 This function is called by:
		_configuracionInicial
 This function uses a non-reentrant model


 *************** function _atras *****************
 Defined at:
		line 107 in file "serial.c"
 Parameters:    Size  Location     Type
		None
 Auto vars:     Size  Location     Type
		None
 Return value:  Size  Location     Type
                  1    wreg      void 
 Registers used:
		None
 Tracked objects:
		On entry : 
		On exit  : 
		Unchanged: 
 Data sizes:     COMRAM   BANK0   BANK1   BANK2   BANK3   BANK4   BANK5   BANK6   BANK7   BANK8   BANK9  BANK10  BANK11  BANK12  BANK13  BANK14
      Params:         0       0       0       0       0       0       0       0       0       0       0       0       0       0       0       0
      Locals:         0       0       0       0       0       0       0       0       0       0       0       0       0       0       0       0
      Temps:          0       0       0       0       0       0       0       0       0       0       0       0       0       0       0       0
      Totals:         0       0       0       0       0       0       0       0       0       0       0       0       0       0       0       0
Total ram usage:        0 bytes
 Hardware stack levels used:    1
 Hardware stack levels required when called:    1
 This function calls:
		Nothing
 This function is called by:
		_main
 This function uses a non-reentrant model


 *************** function _adelante *****************
 Defined at:
		line 102 in file "serial.c"
 Parameters:    Size  Location     Type
		None
 Auto vars:     Size  Location     Type
		None
 Return value:  Size  Location     Type
                  1    wreg      void 
 Registers used:
		None
 Tracked objects:
		On entry : 
		On exit  : 
		Unchanged: 
 Data sizes:     COMRAM   BANK0   BANK1   BANK2   BANK3   BANK4   BANK5   BANK6   BANK7   BANK8   BANK9  BANK10  BANK11  BANK12  BANK13  BANK14
      Params:         0       0       0       0       0       0       0       0       0       0       0       0       0       0       0       0
      Locals:         0       0       0       0       0       0       0       0       0       0       0       0       0       0       0       0
      Temps:          0       0       0       0       0       0       0       0       0       0       0       0       0       0       0       0
      Totals:         0       0       0       0       0       0       0       0       0       0       0       0       0       0       0       0
Total ram usage:        0 bytes
 Hardware stack levels used:    1
 Hardware stack levels required when called:    1
 This function calls:
		Nothing
 This function is called by:
		_main
 This function uses a non-reentrant model


 *************** function _rutina *****************
 Defined at:
		line 31 in file "serial.c"
 Parameters:    Size  Location     Type
		None
 Auto vars:     Size  Location     Type
  aux             1    0[COMRAM] unsigned char 
 Return value:  Size  Location     Type
                  1    wreg      void 
 Registers used:
		wreg, status,2, status,0
 Tracked objects:
		On entry : 
		On exit  : 
		Unchanged: 
 Data sizes:     COMRAM   BANK0   BANK1   BANK2   BANK3   BANK4   BANK5   BANK6   BANK7   BANK8   BANK9  BANK10  BANK11  BANK12  BANK13  BANK14
      Params:         0       0       0       0       0       0       0       0       0       0       0       0       0       0       0       0
      Locals:         1       0       0       0       0       0       0       0       0       0       0       0       0       0       0       0
      Temps:          0       0       0       0       0       0       0       0       0       0       0       0       0       0       0       0
      Totals:         1       0       0       0       0       0       0       0       0       0       0       0       0       0       0       0
Total ram usage:        1 bytes
 Hardware stack levels used:    1
 This function calls:
		Nothing
 This function is called by:
		Interrupt level 2
 This function uses a non-reentrant model



MODULE INFORMATION

Module		Function		Class		Link	Load	Size
serial.c
		_rutina        		CODE           	0008	0000	35
		_adelante      		CODE           	2654	0000	7
		_configurarRS232		CODE           	2602	0000	21
		_main          		CODE           	24D8	0000	109
		_derecha       		CODE           	2648	0000	7
		_configurarPuertos		CODE           	2616	0000	19
		_configurarInterrupciones		CODE           	2636	0000	13
		_atras         		CODE           	264E	0000	7
		_configuracionInicial		CODE           	2628	0000	15
		_izquierda     		CODE           	2642	0000	7

serial.c estimated size: 240

C:\Program Files (x86)\Microchip\xc8\v2.05\pic\sources\c99\common\sinf.c
		_sinf          		CODE           	0F46	0000	1233

C:\Program Files (x86)\Microchip\xc8\v2.05\pic\sources\c99\common\sinf.c estimated size: 1233

C:\Program Files (x86)\Microchip\xc8\v2.05\pic\sources\c99\common\xxtofl.c
		___xxtofl      		CODE           	22DE	0000	321

C:\Program Files (x86)\Microchip\xc8\v2.05\pic\sources\c99\common\xxtofl.c estimated size: 321

C:\Program Files (x86)\Microchip\xc8\v2.05\pic\sources\c99\common\__sindf.c
		___sindf       		CODE           	1EAE	0000	563

C:\Program Files (x86)\Microchip\xc8\v2.05\pic\sources\c99\common\__sindf.c estimated size: 563

C:\Program Files (x86)\Microchip\xc8\v2.05\pic\sources\c99\common\fltol.c
		___fltol       		CODE           	241E	0000	187

C:\Program Files (x86)\Microchip\xc8\v2.05\pic\sources\c99\common\fltol.c estimated size: 187

C:\Program Files (x86)\Microchip\xc8\v2.05\pic\sources\c99\common\__cosdf.c
		___cosdf       		CODE           	20E0	0000	511

C:\Program Files (x86)\Microchip\xc8\v2.05\pic\sources\c99\common\__cosdf.c estimated size: 511

C:\Program Files (x86)\Microchip\xc8\v2.05\pic\sources\c99\common\sprcmul.c
		___flmul       		CODE           	1850	0000	851

C:\Program Files (x86)\Microchip\xc8\v2.05\pic\sources\c99\common\sprcmul.c estimated size: 851

shared
		_S1            		SMALLCONST     	0000	0000	0
		_S2            		SMALLCONST     	0000	0000	0
		_S3            		SMALLCONST     	0000	0000	0
		_S4            		SMALLCONST     	0000	0000	0
		_s1pio2        		SMALLCONST     	0000	0000	0
		__initialization		CODE           	25EC	0000	13
		_s2pio2        		SMALLCONST     	0000	0000	0
		_s3pio2        		SMALLCONST     	0000	0000	0
		_s4pio2        		SMALLCONST     	0000	0000	0
		_pio2_1t       		SMALLCONST     	0000	0000	0
		_toint         		SMALLCONST     	0000	0000	0
		_half          		SMALLCONST     	0000	0000	0
		_pio2_1        		SMALLCONST     	0000	0000	0
		_C0            		SMALLCONST     	0000	0000	0
		_C1            		SMALLCONST     	0000	0000	0
		_C2            		SMALLCONST     	0000	0000	0
		_C3            		SMALLCONST     	0000	0000	0
		_invpio2       		SMALLCONST     	0000	0000	0

shared estimated size: 13

C:\Program Files (x86)\Microchip\xc8\v2.05\pic\sources\c99\common\__rem_pio2f.c
		___rem_pio2f   		CODE           	1416	0000	1083

C:\Program Files (x86)\Microchip\xc8\v2.05\pic\sources\c99\common\__rem_pio2f.c estimated size: 1083

C:\Program Files (x86)\Microchip\xc8\v2.05\pic\sources\c99\common\flneg.c
		___flneg       		CODE           	25BE	0000	47

C:\Program Files (x86)\Microchip\xc8\v2.05\pic\sources\c99\common\flneg.c estimated size: 47

C:\Program Files (x86)\Microchip\xc8\v2.05\pic\sources\c99\common\fabsf.c
		_fabsf         		CODE           	258A	0000	53

C:\Program Files (x86)\Microchip\xc8\v2.05\pic\sources\c99\common\fabsf.c estimated size: 53

C:\Program Files (x86)\Microchip\xc8\v2.05\pic\sources\c99\common\sprcadd.c
		___flsub       		CODE           	2544	0000	71
		___fladd       		CODE           	1BA2	0000	781

C:\Program Files (x86)\Microchip\xc8\v2.05\pic\sources\c99\common\sprcadd.c estimated size: 852

