Microchip MPLAB XC8 Compiler V2.05 ()

Linker command line:

-W-3 --edf=C:\Program Files (x86)\Microchip\xc8\v2.05\pic\dat\en_msgs.txt \
  -cs -h+dist/default/production\Auto.X.production.sym \
  --cmf=dist/default/production\Auto.X.production.cmf -z -Q18F47J53 \
  -oC:\Users\LAUTAR~1\AppData\Local\Temp\sd9k.2 --defsym=__MPLAB_BUILD=1 \
  -Mdist/default/production/Auto.X.production.map -E1 -ver=XC8 --acfsm=1493 \
  -ASTACK=0E1h-0EAFh -pstack=STACK -ACODE=00h-01FFF7h -ACONST=00h-01FFF7h \
  -ASMALLCONST=0F00h-0FFFhx496,01FF00h-01FFF7h \
  -AMEDIUMCONST=0F00h-0FFFFh,010F00h-01FFF7h -ACOMRAM=01h-05Fh \
  -AABS1=00h-0EAFh -ABIGRAM=01h-0EAFh \
  -ARAM=060h-0FFh,0100h-01FFhx13,0E00h-0EAFh -ABANK0=060h-0FFh \
  -ABANK1=0100h-01FFh -ABANK2=0200h-02FFh -ABANK3=0300h-03FFh \
  -ABANK4=0400h-04FFh -ABANK5=0500h-05FFh -ABANK6=0600h-06FFh \
  -ABANK7=0700h-07FFh -ABANK8=0800h-08FFh -ABANK9=0900h-09FFh \
  -ABANK10=0A00h-0AFFh -ABANK11=0B00h-0BFFh -ABANK12=0C00h-0CFFh \
  -ABANK13=0D00h-0DFFh -ABANK14=0E00h-0EAFh \
  -ASFR=0EB0h-0EFFh,0F00h-0F5Fh,0F60h-0FFFh \
  -preset_vec=00h,intcode=08h,intcodelo,powerup,init -pramtop=0F00h \
  -psmallconst=SMALLCONST -pmediumconst=MEDIUMCONST -pconst=CONST \
  -AFARRAM=00h-00h -ACONFIG=01FFF8h-01FFFFh -pconfig=CONFIG \
  -pjflash_buffer=01F800h \
  -prdata=COMRAM,nvrram=COMRAM,nvbit=COMRAM,rbss=COMRAM,rbit=COMRAM \
  -pfarbss=FARRAM,fardata=FARRAM,nvFARRAM=FARRAM \
  -pintsave_regs=BIGRAM,bigbss=BIGRAM,bigdata=BIGRAM -pbss=RAM \
  -pidata=CODE,irdata=CODE,ibigdata=CODE,ifardata=CODE -prparam=COMRAM \
  C:\Users\LAUTAR~1\AppData\Local\Temp\sd9k.o \
  dist/default/production\Auto.X.production.o 

Object code version is 3.11

Machine type is 18F47J53

Call graph: (short form)




                Name                               Link     Load   Length Selector   Space Scale
C:\Users\LAUTAR~1\AppData\Local\Temp\sd9k.o
                init                                1D2      1D2        4        4       0
                reset_vec                             0        0        4        0       0
                config                            1FFF8    1FFF8        8    1FFF8       0
dist/default/production\Auto.X.production.o
                intcode                               8        8      1CA        4       0
                temp                                 52       52        1        1       1
                smallconst                          F00      F00       CE      780       0
                text34                             22E8     22E8       84      7E7       0
                text33                             1630     1630      30C      7E7       0
                text32                             1D64     1D64      140      7E7       0
                text30                             250A     250A       50      7E7       0
                text29                             1F8E     1F8E       D2      7E7       0
                text28                             225A     225A       8E      7E7       0
                text27                             236C     236C       82      7E7       0
                text26                             26A4     26A4       10      7E7       0
                text25                             21BC     21BC       9E      7E7       0
                text24                             2624     2624       20      7E7       0
                text23                             2604     2604       20      7E7       0
                text22                             2694     2694       10      7E7       0
                text21                             2644     2644       18      7E7       0
                text20                             25E2     25E2       22      7E7       0
                text19                             26D0     26D0        E      7E7       0
                text18                             265C     265C       16      7E7       0
                text17                             2684     2684       10      7E7       0
                text16                             25C0     25C0       22      7E7       0
                text15                             26C2     26C2        E      7E7       0
                text14                             26B4     26B4        E      7E7       0
                text13                             255A     255A       3A      7E7       0
                text12                             2594     2594       2C      7E7       0
                text11                             2672     2672       12      7E7       0
                text10                             24B4     24B4       56      7E7       0
                text9                              23EE     23EE       64      7E7       0
                text8                              1322     1322      30E      7E7       0
                text7                               FCE      FCE      354      7E7       0
                text6                              2060     2060       BC      7E7       0
                text5                              1ADE     1ADE      144      7E7       0
                text4                              1EA4     1EA4       EA      7E7       0
                text3                              211C     211C       A0      7E7       0
                text2                              26DE     26DE        C      7E7       0
                text1                              1C22     1C22      142      7E7       0
                text0                              193C     193C      1A2      7E7       0
                cstackCOMRAM                          1        1       29        1       1
                cstackBANK0                          60       60       61       60       1
                dataBANK0                            DB       DB        6       60       1
                bssBANK0                             C1       C1       1A       60       1
                dataCOMRAM                           4C       4C        6        1       1
                bssCOMRAM                            2A       2A       22        1       1
                cinit                              2452     2452       62      7E7       0
                idataBANK0                         26F0     26F0        6      7E7       0
                idataCOMRAM                        26EA     26EA        6      7E7       0

TOTAL           Name                               Link     Load   Length     Space
        CLASS   STACK          

        CLASS   CODE           
                intcode                               8        8      1CA         0
                init                                1D2      1D2        4         0
                reset_vec                             0        0        4         0
                text34                             22E8     22E8       84         0
                text33                             1630     1630      30C         0
                text32                             1D64     1D64      140         0
                text30                             250A     250A       50         0
                text29                             1F8E     1F8E       D2         0
                text28                             225A     225A       8E         0
                text27                             236C     236C       82         0
                text26                             26A4     26A4       10         0
                text25                             21BC     21BC       9E         0
                text24                             2624     2624       20         0
                text23                             2604     2604       20         0
                text22                             2694     2694       10         0
                text21                             2644     2644       18         0
                text20                             25E2     25E2       22         0
                text19                             26D0     26D0        E         0
                text18                             265C     265C       16         0
                text17                             2684     2684       10         0
                text16                             25C0     25C0       22         0
                text15                             26C2     26C2        E         0
                text14                             26B4     26B4        E         0
                text13                             255A     255A       3A         0
                text12                             2594     2594       2C         0
                text11                             2672     2672       12         0
                text10                             24B4     24B4       56         0
                text9                              23EE     23EE       64         0
                text8                              1322     1322      30E         0
                text7                               FCE      FCE      354         0
                text6                              2060     2060       BC         0
                text5                              1ADE     1ADE      144         0
                text4                              1EA4     1EA4       EA         0
                text3                              211C     211C       A0         0
                text2                              26DE     26DE        C         0
                text1                              1C22     1C22      142         0
                text0                              193C     193C      1A2         0
                cinit                              2452     2452       62         0
                idataBANK0                         26F0     26F0        6         0
                idataCOMRAM                        26EA     26EA        6         0

        CLASS   CONST          

        CLASS   SMALLCONST     
                smallconst                          F00      F00       CE         0

        CLASS   MEDIUMCONST    

        CLASS   COMRAM         
                temp                                 52       52        1         1
                cstackCOMRAM                          1        1       29         1
                dataCOMRAM                           4C       4C        6         1
                bssCOMRAM                            2A       2A       22         1

        CLASS   ABS1           

        CLASS   BIGRAM         

        CLASS   RAM            

        CLASS   BANK0          
                cstackBANK0                          60       60       61         1
                dataBANK0                            DB       DB        6         1
                bssBANK0                             C1       C1       1A         1

        CLASS   BANK1          

        CLASS   BANK2          

        CLASS   BANK3          

        CLASS   BANK4          

        CLASS   BANK5          

        CLASS   BANK6          

        CLASS   BANK7          

        CLASS   BANK8          

        CLASS   BANK9          

        CLASS   BANK10         

        CLASS   BANK11         

        CLASS   BANK12         

        CLASS   BANK13         

        CLASS   BANK14         

        CLASS   SFR            

        CLASS   FARRAM         

        CLASS   CONFIG         
                config                            1FFF8    1FFF8        8         0

        CLASS   IDLOC          



SEGMENTS        Name                           Load    Length   Top    Selector   Space  Class

                reset_vec                      000000  000004  000004         0       0  CODE    
                cstackCOMRAM                   000001  000052  000053         1       1  COMRAM  
                intcode                        000008  0001CE  0001D6         4       0  CODE    
                cstackBANK0                    000060  000081  0000E1        60       1  BANK0   
                smallconst                     000F00  0000CE  000FCE       780       0  SMALLCON
                text7                          000FCE  001728  0026F6       7E7       0  CODE    
                config                         01FFF8  000008  020000     1FFF8       0  CONFIG  


UNUSED ADDRESS RANGES

        Name                Unused          Largest block    Delta
        BANK0            000E1-000FF              1F
        BANK1            00100-001FF             100
        BANK10           00A00-00AFF             100
        BANK11           00B00-00BFF             100
        BANK12           00C00-00CFF             100
        BANK13           00D00-00DFF             100
        BANK14           00E00-00EAF              B0
        BANK2            00200-002FF             100
        BANK3            00300-003FF             100
        BANK4            00400-004FF             100
        BANK5            00500-005FF             100
        BANK6            00600-006FF             100
        BANK7            00700-007FF             100
        BANK8            00800-008FF             100
        BANK9            00900-009FF             100
        BIGRAM           00053-0005F               D
                         000E1-00EAF             DCF
        CODE             00004-00007               4
                         001D6-00EFF             D2A
                         026F6-1FFF7           1D902
        COMRAM           00053-0005F               D
        CONST            00004-00007               4
                         001D6-00EFF             D2A
                         026F6-1FFF7           1D902
        MEDIUMCONST      026F6-0FFFF            D90A
                         10F00-1FFF7            F0F8
        RAM              000E1-00EAF             100
        SFR              00EB0-00FFF              60
        SMALLCONST       026F6-1FFF7             100
        STACK            000E1-00EAF             DCF

                                  Symbol Table

?___awdiv                          cstackCOMRAM  00001
?___fladd                          cstackBANK0   00087
?___flmul                          cstackBANK0   0006E
?___fltol                          cstackBANK0   00087
?___xxtofl                         cstackBANK0   00060
?_estadoDirreccion                 cstackBANK0   00060
?_length                           cstackBANK0   00060
?i2___fladd                        cstackCOMRAM  00017
?i2___xxtofl                       cstackCOMRAM  00009
_ANCON0                            (abs)         00F48
_ANCON1                            (abs)         00F49
_BAUDCON1bits                      (abs)         00F7E
_BAUDCON2bits                      (abs)         00F7C
_CCP7CONbits                       (abs)         00F09
_CCPR7L                            (abs)         00F0A
_CCPTMRS1bits                      (abs)         00F51
_INTCON2bits                       (abs)         00FF1
_INTCON3bits                       (abs)         00FF0
_INTCONbits                        (abs)         00FF2
_PIE1bits                          (abs)         00F9D
_PIE3bits                          (abs)         00FA3
_PIE5bits                          (abs)         00F91
_PIR1bits                          (abs)         00F9E
_PIR3bits                          (abs)         00FA4
_PIR5bits                          (abs)         00F98
_PORTAbits                         (abs)         00F80
_PORTDbits                         (abs)         00F83
_PPSCON                            (abs)         00EBF
_PR2                               (abs)         00FCB
_PWMServo                          text30        0250A
_RCREG1                            (abs)         00FAF
_RCREG2                            (abs)         00FAA
_RCSTA1                            (abs)         00FAC
_RCSTA2                            (abs)         00F9C
_RPINR1                            (abs)         00EE1
_RPINR16                           (abs)         00EF7
_RPOR23                            (abs)         00ED7
_SPBRG1                            (abs)         00FB0
_SPBRG2                            (abs)         00FAB
_T2CON                             (abs)         00FCA
_T2CONbits                         (abs)         00FCA
_T4CONbits                         (abs)         00F76
_T5CON                             (abs)         00F22
_T5CONbits                         (abs)         00F22
_T8CONbits                         (abs)         00F1B
_TIME_FUEGO                        bssCOMRAM     0002A
_TIME_MAX                          dataCOMRAM    0004E
_TMR2                              (abs)         00FCC
_TMR4                              (abs)         00F78
_TMR5H                             (abs)         00F24
_TMR5L                             (abs)         00F23
_TMR8                              (abs)         00F1D
_TRISAbits                         (abs)         00F92
_TRISBbits                         (abs)         00F93
_TRISCbits                         (abs)         00F94
_TRISDbits                         (abs)         00F95
_TXREG1                            (abs)         00FAE
_TXREG2                            (abs)         00FA9
_TXSTA1                            (abs)         00FAD
_TXSTA2                            (abs)         00FA8
__CFG_ADCSEL$BIT12                 (abs)         00000
__CFG_CFGPLLEN$ON                  (abs)         00000
__CFG_CLKOEC$ON                    (abs)         00000
__CFG_CP0$OFF                      (abs)         00000
__CFG_CPUDIV$OSC1                  (abs)         00000
__CFG_DSBOREN$OFF                  (abs)         00000
__CFG_DSWDTEN$OFF                  (abs)         00000
__CFG_DSWDTOSC$INTOSCREF           (abs)         00000
__CFG_DSWDTPS$G2                   (abs)         00000
__CFG_FCMEN$ON                     (abs)         00000
__CFG_IESO$ON                      (abs)         00000
__CFG_IOL1WAY$ON                   (abs)         00000
__CFG_LS48MHZ$SYS48X8              (abs)         00000
__CFG_MSSP7B_EN$MSK7               (abs)         00000
__CFG_OSC$HSPLL                    (abs)         00000
__CFG_PLLDIV$3                     (abs)         00000
__CFG_RTCOSC$T1OSCREF              (abs)         00000
__CFG_SOSCSEL$HIGH                 (abs)         00000
__CFG_STVREN$ON                    (abs)         00000
__CFG_WDTEN$OFF                    (abs)         00000
__CFG_WDTPS$32768                  (abs)         00000
__CFG_WPCFG$OFF                    (abs)         00000
__CFG_WPDIS$OFF                    (abs)         00000
__CFG_WPEND$PAGE_WPFP              (abs)         00000
__CFG_WPFP$PAGE_127                (abs)         00000
__CFG_XINST$OFF                    (abs)         00000
__HRAM                             (abs)         00000
__Habs1                            abs1          00000
__Hbank0                           bank0         00000
__Hbank1                           bank1         00000
__Hbank10                          bank10        00000
__Hbank11                          bank11        00000
__Hbank12                          bank12        00000
__Hbank13                          bank13        00000
__Hbank14                          bank14        00000
__Hbank2                           bank2         00000
__Hbank3                           bank3         00000
__Hbank4                           bank4         00000
__Hbank5                           bank5         00000
__Hbank6                           bank6         00000
__Hbank7                           bank7         00000
__Hbank8                           bank8         00000
__Hbank9                           bank9         00000
__Hbigbss                          bigbss        00000
__Hbigdata                         bigdata       00000
__Hbigram                          bigram        00000
__Hbss                             bss           00000
__HbssBANK0                        bssBANK0      00000
__HbssCOMRAM                       bssCOMRAM     00000
__Hcinit                           cinit         00000
__Hclrtext                         clrtext       00000
__Hcomram                          comram        00000
__Hconfig                          config        20000
__Hconst                           const         00000
__HcstackBANK0                     cstackBANK0   00000
__HcstackCOMRAM                    cstackCOMRAM  00000
__Hdata                            data          00000
__HdataBANK0                       dataBANK0     00000
__HdataCOMRAM                      dataCOMRAM    00000
__Hfarbss                          farbss        00000
__Hfardata                         fardata       00000
__Hibigdata                        ibigdata      00000
__Hidata                           idata         00000
__HidataBANK0                      idataBANK0    00000
__HidataCOMRAM                     idataCOMRAM   00000
__Hidloc                           idloc         00000
__Hifardata                        ifardata      00000
__Hinit                            init          001D6
__Hintcode                         intcode       001D2
__Hintcode_body                    intcode_body  00000
__Hintcodelo                       intcodelo     001D2
__Hintentry                        intentry      00000
__Hintret                          intret        00000
__Hintsave_regs                    intsave_regs  00000
__Hirdata                          irdata        00000
__Hjflash_buffer                   jflash_buffer 1F800
__Hmediumconst                     mediumconst   00000
__HnvFARRAM                        nvFARRAM      00000
__Hnvbit                           nvbit         00000
__Hnvrram                          nvrram        00000
__Hparam                           rparam        00000
__Hpowerup                         powerup       001D2
__Hram                             ram           00000
__Hramtop                          ramtop        00F00
__Hrbit                            rbit          00000
__Hrbss                            rbss          00000
__Hrdata                           rdata         00000
__Hreset_vec                       reset_vec     00004
__Hrparam                          rparam        00000
__Hsfr                             sfr           00000
__Hsmallconst                      smallconst    00FCE
__Hspace_0                         (abs)         20000
__Hspace_1                         (abs)         000E1
__Hspace_2                         (abs)         00000
__Hstack                           stack         00000
__Hstruct                          struct        00000
__Htemp                            temp          00053
__Htext                            text          00000
__Htext0                           text0         00000
__Htext1                           text1         00000
__Htext10                          text10        00000
__Htext11                          text11        00000
__Htext12                          text12        00000
__Htext13                          text13        00000
__Htext14                          text14        00000
__Htext15                          text15        00000
__Htext16                          text16        00000
__Htext17                          text17        00000
__Htext18                          text18        00000
__Htext19                          text19        00000
__Htext2                           text2         00000
__Htext20                          text20        00000
__Htext21                          text21        00000
__Htext22                          text22        00000
__Htext23                          text23        00000
__Htext24                          text24        00000
__Htext25                          text25        00000
__Htext26                          text26        00000
__Htext27                          text27        00000
__Htext28                          text28        00000
__Htext29                          text29        00000
__Htext3                           text3         00000
__Htext30                          text30        00000
__Htext32                          text32        00000
__Htext33                          text33        00000
__Htext34                          text34        00000
__Htext4                           text4         00000
__Htext5                           text5         00000
__Htext6                           text6         00000
__Htext7                           text7         00000
__Htext8                           text8         00000
__Htext9                           text9         00000
__LRAM                             (abs)         00001
__Labs1                            abs1          00000
__Lbank0                           bank0         00000
__Lbank1                           bank1         00000
__Lbank10                          bank10        00000
__Lbank11                          bank11        00000
__Lbank12                          bank12        00000
__Lbank13                          bank13        00000
__Lbank14                          bank14        00000
__Lbank2                           bank2         00000
__Lbank3                           bank3         00000
__Lbank4                           bank4         00000
__Lbank5                           bank5         00000
__Lbank6                           bank6         00000
__Lbank7                           bank7         00000
__Lbank8                           bank8         00000
__Lbank9                           bank9         00000
__Lbigbss                          bigbss        00000
__Lbigdata                         bigdata       00000
__Lbigram                          bigram        00000
__Lbss                             bss           00000
__LbssBANK0                        bssBANK0      00000
__LbssCOMRAM                       bssCOMRAM     00000
__Lcinit                           cinit         00000
__Lclrtext                         clrtext       00000
__Lcomram                          comram        00000
__Lconfig                          config        1FFF8
__Lconst                           const         00000
__LcstackBANK0                     cstackBANK0   00000
__LcstackCOMRAM                    cstackCOMRAM  00000
__Ldata                            data          00000
__LdataBANK0                       dataBANK0     00000
__LdataCOMRAM                      dataCOMRAM    00000
__Lfarbss                          farbss        00000
__Lfardata                         fardata       00000
__Libigdata                        ibigdata      00000
__Lidata                           idata         00000
__LidataBANK0                      idataBANK0    00000
__LidataCOMRAM                     idataCOMRAM   00000
__Lidloc                           idloc         00000
__Lifardata                        ifardata      00000
__Linit                            init          001D2
__Lintcode                         intcode       00008
__Lintcode_body                    intcode_body  00000
__Lintcodelo                       intcodelo     001D2
__Lintentry                        intentry      00000
__Lintret                          intret        00000
__Lintsave_regs                    intsave_regs  00000
__Lirdata                          irdata        00000
__Ljflash_buffer                   jflash_buffer 1F800
__Lmediumconst                     mediumconst   00000
__LnvFARRAM                        nvFARRAM      00000
__Lnvbit                           nvbit         00000
__Lnvrram                          nvrram        00000
__Lparam                           rparam        00000
__Lpowerup                         powerup       001D2
__Lram                             ram           00000
__Lramtop                          ramtop        00F00
__Lrbit                            rbit          00000
__Lrbss                            rbss          00000
__Lrdata                           rdata         00000
__Lreset_vec                       reset_vec     00000
__Lrparam                          rparam        00000
__Lsfr                             sfr           00000
__Lsmallconst                      smallconst    00F00
__Lspace_0                         (abs)         00000
__Lspace_1                         (abs)         00000
__Lspace_2                         (abs)         00000
__Lstack                           stack         00000
__Lstruct                          struct        00000
__Ltemp                            temp          00052
__Ltext                            text          00000
__Ltext0                           text0         00000
__Ltext1                           text1         00000
__Ltext10                          text10        00000
__Ltext11                          text11        00000
__Ltext12                          text12        00000
__Ltext13                          text13        00000
__Ltext14                          text14        00000
__Ltext15                          text15        00000
__Ltext16                          text16        00000
__Ltext17                          text17        00000
__Ltext18                          text18        00000
__Ltext19                          text19        00000
__Ltext2                           text2         00000
__Ltext20                          text20        00000
__Ltext21                          text21        00000
__Ltext22                          text22        00000
__Ltext23                          text23        00000
__Ltext24                          text24        00000
__Ltext25                          text25        00000
__Ltext26                          text26        00000
__Ltext27                          text27        00000
__Ltext28                          text28        00000
__Ltext29                          text29        00000
__Ltext3                           text3         00000
__Ltext30                          text30        00000
__Ltext32                          text32        00000
__Ltext33                          text33        00000
__Ltext34                          text34        00000
__Ltext4                           text4         00000
__Ltext5                           text5         00000
__Ltext6                           text6         00000
__Ltext7                           text7         00000
__Ltext8                           text8         00000
__Ltext9                           text9         00000
__S0                               (abs)         20000
__S1                               (abs)         000E1
__S2                               (abs)         00000
___awdiv                           text34        022E8
___awdiv@counter                   cstackCOMRAM  00005
___awdiv@dividend                  cstackCOMRAM  00001
___awdiv@divisor                   cstackCOMRAM  00003
___awdiv@quotient                  cstackCOMRAM  00007
___awdiv@sign                      cstackCOMRAM  00006
___fladd                           text8         01322
___fladd@a                         cstackBANK0   0008B
___fladd@aexp                      cstackBANK0   00094
___fladd@b                         cstackBANK0   00087
___fladd@bexp                      cstackBANK0   00095
___fladd@grs                       cstackBANK0   00096
___fladd@signs                     cstackBANK0   00093
___flge                            text29        01F8E
___flge@ff1                        cstackBANK0   00060
___flge@ff2                        cstackBANK0   00064
___flmul                           text7         00FCE
___flmul@a                         cstackBANK0   00072
___flmul@aexp                      cstackBANK0   0007B
___flmul@b                         cstackBANK0   0006E
___flmul@bexp                      cstackBANK0   00080
___flmul@grs                       cstackBANK0   0007C
___flmul@prod                      cstackBANK0   00081
___flmul@sign                      cstackBANK0   0007A
___flmul@temp                      cstackBANK0   00085
___fltol                           text6         02060
___fltol@exp1                      cstackBANK0   00090
___fltol@f1                        cstackBANK0   00087
___fltol@sign1                     cstackBANK0   0008F
___inthi_sp                        stack         00000
___intlo_sp                        stack         00000
___param_bank                      (abs)         00000
___rparam_used                     (abs)         00001
___sp                              stack         00000
___xxtofl                          text5         01ADE
___xxtofl@arg                      cstackBANK0   0006A
___xxtofl@exp                      cstackBANK0   00069
___xxtofl@sign                     cstackBANK0   00068
___xxtofl@val                      cstackBANK0   00060
__accesstop                        (abs)         00060
__activetblptr                     (abs)         00003
__end_of_PWMServo                  text30        0255A
__end_of___awdiv                   text34        0236C
__end_of___fladd                   text8         01630
__end_of___flge                    text29        02060
__end_of___flmul                   text7         01322
__end_of___fltol                   text6         0211C
__end_of___xxtofl                  text5         01C22
__end_of__initialization           cinit         024AA
__end_of_adelante                  text15        026D0
__end_of_atras                     text14        026C2
__end_of_cambiarEstadoFuego        text25        0225A
__end_of_cambiarPWM                text2         026EA
__end_of_configuracionInicial      text16        025E2
__end_of_configurarInterrupciones  text24        02644
__end_of_configurarPWM7            text23        02624
__end_of_configurarPuertos         text22        026A4
__end_of_configurarRS232           text21        0265C
__end_of_configurarRS232US100      text20        02604
__end_of_configurarTMR4            text19        026DE
__end_of_configurarTMR5            text18        02672
__end_of_configurarTMR8            text17        02694
__end_of_definirVelocidad          text13        02594
__end_of_dirreccion                text28        022E8
__end_of_encenderMotor             text11        02684
__end_of_enviarRS232               text9         02452
__end_of_estadoDirreccion          text27        023EE
__end_of_fijarVelocidad            text4         01F8E
__end_of_frenarMotor               text26        026B4
__end_of_length                    text10        0250A
__end_of_main                      text0         01ADE
__end_of_rutina                    intcode       001D2
__end_of_rutinaArranque            text12        025C0
__end_of_rutinaEscape              text3         021BC
__end_of_terminal                  text1         01D64
__end_ofi2___fladd                 text33        0193C
__end_ofi2___xxtofl                text32        01EA4
__initialization                   cinit         02452
__mediumconst                      mediumconst   00000
__pbssBANK0                        bssBANK0      000C1
__pbssCOMRAM                       bssCOMRAM     0002A
__pcinit                           cinit         02452
__pcstackBANK0                     cstackBANK0   00060
__pcstackCOMRAM                    cstackCOMRAM  00001
__pdataBANK0                       dataBANK0     000DB
__pdataCOMRAM                      dataCOMRAM    0004C
__pidataBANK0                      idataBANK0    026F0
__pidataCOMRAM                     idataCOMRAM   026EA
__pintcode                         intcode       00008
__psmallconst                      smallconst    00F00
__ptext0                           text0         0193C
__ptext1                           text1         01C22
__ptext10                          text10        024B4
__ptext11                          text11        02672
__ptext12                          text12        02594
__ptext13                          text13        0255A
__ptext14                          text14        026B4
__ptext15                          text15        026C2
__ptext16                          text16        025C0
__ptext17                          text17        02684
__ptext18                          text18        0265C
__ptext19                          text19        026D0
__ptext2                           text2         026DE
__ptext20                          text20        025E2
__ptext21                          text21        02644
__ptext22                          text22        02694
__ptext23                          text23        02604
__ptext24                          text24        02624
__ptext25                          text25        021BC
__ptext26                          text26        026A4
__ptext27                          text27        0236C
__ptext28                          text28        0225A
__ptext29                          text29        01F8E
__ptext3                           text3         0211C
__ptext30                          text30        0250A
__ptext32                          text32        01D64
__ptext33                          text33        01630
__ptext34                          text34        022E8
__ptext4                           text4         01EA4
__ptext5                           text5         01ADE
__ptext6                           text6         02060
__ptext7                           text7         00FCE
__ptext8                           text8         01322
__ptext9                           text9         023EE
__ramtop                           ramtop        00F00
__size_of_PWMServo                 (abs)         00000
__size_of___awdiv                  (abs)         00000
__size_of___fladd                  (abs)         00000
__size_of___flge                   (abs)         00000
__size_of___flmul                  (abs)         00000
__size_of___fltol                  (abs)         00000
__size_of___xxtofl                 (abs)         00000
__size_of_adelante                 (abs)         00000
__size_of_atras                    (abs)         00000
__size_of_cambiarEstadoFuego       (abs)         00000
__size_of_cambiarPWM               (abs)         00000
__size_of_configuracionInicial     (abs)         00000
__size_of_configurarInterrupciones (abs)         00000
__size_of_configurarPWM7           (abs)         00000
__size_of_configurarPuertos        (abs)         00000
__size_of_configurarRS232          (abs)         00000
__size_of_configurarRS232US100     (abs)         00000
__size_of_configurarTMR4           (abs)         00000
__size_of_configurarTMR5           (abs)         00000
__size_of_configurarTMR8           (abs)         00000
__size_of_definirVelocidad         (abs)         00000
__size_of_dirreccion               (abs)         00000
__size_of_encenderMotor            (abs)         00000
__size_of_enviarRS232              (abs)         00000
__size_of_estadoDirreccion         (abs)         00000
__size_of_fijarVelocidad           (abs)         00000
__size_of_frenarMotor              (abs)         00000
__size_of_length                   (abs)         00000
__size_of_main                     (abs)         00000
__size_of_rutina                   (abs)         00000
__size_of_rutinaArranque           (abs)         00000
__size_of_rutinaEscape             (abs)         00000
__size_of_terminal                 (abs)         00000
__size_ofi2___fladd                (abs)         00000
__size_ofi2___xxtofl               (abs)         00000
__smallconst                       smallconst    00F00
_adelante                          text15        026C2
_atras                             text14        026B4
_bandera                           bssBANK0      000D9
_bandera_distancia                 bssBANK0      000D6
_bandera_fuego                     bssBANK0      000DA
_bandera_servo                     bssBANK0      000D8
_cambiarEstadoFuego                text25        021BC
_cambiarPWM                        text2         026DE
_cambiar_estado_rutina_escape      bssBANK0      000D5
_cicle_90                          dataCOMRAM    00050
_configuracionInicial              text16        025C0
_configurarInterrupciones          text24        02624
_configurarPWM7                    text23        02604
_configurarPuertos                 text22        02694
_configurarRS232                   text21        02644
_configurarRS232US100              text20        025E2
_configurarTMR4                    text19        026D0
_configurarTMR5                    text18        0265C
_configurarTMR8                    text17        02684
_contador_datos                    bssCOMRAM     0003E
_contador_distancia                bssCOMRAM     00036
_contador_timer_5                  bssCOMRAM     00038
_datos                             bssCOMRAM     00042
_definirVelocidad                  text13        0255A
_dirreccion                        text28        0225A
_distancia                         bssCOMRAM     00032
_encenderMotor                     text11        02672
_enviarRS232                       text9         023EE
_estado                            bssCOMRAM     0003C
_estadoDirreccion                  text27        0236C
_estadoFuego                       bssCOMRAM     0003D
_fijarVelocidad                    text4         01EA4
_fijarVelocidad$1915               cstackBANK0   0009B
_frenarMotor                       text26        026A4
_fuego_interrupcion                bssCOMRAM     0002E
_indicador                         bssCOMRAM     00040
_length                            text10        024B4
_main                              text0         0193C
_maximun_constant                  dataBANK0     000DB
_motor                             bssCOMRAM     00041
_obstaculo                         bssBANK0      000D7
_parar                             bssCOMRAM     0003A
_rutina                            intcode       00008
_rutinaArranque                    text12        02594
_rutinaEscape                      text3         0211C
_servo_dirreccion                  bssCOMRAM     0003F
_terminal                          text1         01C22
_tiempo_anterior_1                 dataCOMRAM    0004C
_velocidad                         dataBANK0     000DF
btemp                              temp          00052
cambiarEstadoFuego@angulo          cstackBANK0   00069
dirreccion@degree                  cstackBANK0   00060
dirreccion@tiempo_1                cstackBANK0   00064
end_of_initialization              cinit         024AA
enviarRS232@i                      cstackBANK0   0006E
enviarRS232@longitud_texto         cstackBANK0   0006C
enviarRS232@valores                cstackBANK0   00068
estadoDirreccion@angulo            cstackBANK0   00064
estadoDirreccion@valor             cstackBANK0   00066
fijarVelocidad@DC                  cstackBANK0   00097
fijarVelocidad@speed               cstackBANK0   0009F
i2___fladd                         text33        01630
i2___fladd@a                       cstackCOMRAM  0001B
i2___fladd@aexp                    cstackCOMRAM  00024
i2___fladd@b                       cstackCOMRAM  00017
i2___fladd@bexp                    cstackCOMRAM  00025
i2___fladd@grs                     cstackCOMRAM  00026
i2___fladd@signs                   cstackCOMRAM  00023
i2___xxtofl                        text32        01D64
i2___xxtofl@arg                    cstackCOMRAM  00013
i2___xxtofl@exp                    cstackCOMRAM  00012
i2___xxtofl@sign                   cstackCOMRAM  00011
i2___xxtofl@val                    cstackCOMRAM  00009
int$flags                          temp          00052
intlevel0                          text          00000
intlevel1                          text          00000
intlevel2                          text          00000
intlevel3                          text          00000
length@dato                        cstackBANK0   00066
length@i                           cstackBANK0   00067
length@longitud                    cstackBANK0   00064
length@text                        cstackBANK0   00060
rutina@dato                        cstackCOMRAM  00029
rutinaEscape@type                  cstackBANK0   000A2
stackhi                            (abs)         00EAF
stacklo                            (abs)         000E1
start                              init          001D2
start_initialization               cinit         02452
terminal@comand                    cstackBANK0   000A0
terminal@degree                    cstackBANK0   000BD
terminal@medicion                  cstackBANK0   000BB
terminal@texto                     cstackBANK0   000A7
ttemp5                             temp          00053
ttemp6                             temp          00056
ttemp7                             temp          0005A
wtemp8                             temp          00053


FUNCTION INFORMATION:

 *************** function _main *****************
 Defined at:
		line 125 in file "auto.c"
 Parameters:    Size  Location     Type
		None
 Auto vars:     Size  Location     Type
		None
 Return value:  Size  Location     Type
                  1    wreg      void 
 Registers used:
		wreg, fsr2l, fsr2h, status,2, status,0, tblptrl, tblptrh, tblptru, prodl, prodh, cstack
 Tracked objects:
		On entry : 
		On exit  : 
		Unchanged: 
 Data sizes:     COMRAM   BANK0   BANK1   BANK2   BANK3   BANK4   BANK5   BANK6   BANK7   BANK8   BANK9  BANK10  BANK11  BANK12  BANK13  BANK14
      Params:         0       0       0       0       0       0       0       0       0       0       0       0       0       0       0       0
      Locals:         0       0       0       0       0       0       0       0       0       0       0       0       0       0       0       0
      Temps:          0       2       0       0       0       0       0       0       0       0       0       0       0       0       0       0
      Totals:         0       2       0       0       0       0       0       0       0       0       0       0       0       0       0       0
Total ram usage:        2 bytes
 Hardware stack levels required when called:    5
 This function calls:
		_PWMServo
		___flge
		_cambiarEstadoFuego
		_configuracionInicial
		_enviarRS232
		_frenarMotor
		_rutinaEscape
		_terminal
 This function is called by:
		Startup code after reset
 This function uses a non-reentrant model


 *************** function _terminal *****************
 Defined at:
		line 194 in file "auto.c"
 Parameters:    Size  Location     Type
  comand          2   64[BANK0 ] PTR unsigned char 
		 -> datos(10), 
 Auto vars:     Size  Location     Type
  texto          20   71[BANK0 ] unsigned char [20]
  degree          2   93[BANK0 ] unsigned int 
  medicion        2   91[BANK0 ] unsigned int 
 Return value:  Size  Location     Type
                  1    wreg      void 
 Registers used:
		wreg, fsr2l, fsr2h, status,2, status,0, tblptrl, tblptrh, tblptru, prodl, prodh, cstack
 Tracked objects:
		On entry : 
		On exit  : 
		Unchanged: 
 Data sizes:     COMRAM   BANK0   BANK1   BANK2   BANK3   BANK4   BANK5   BANK6   BANK7   BANK8   BANK9  BANK10  BANK11  BANK12  BANK13  BANK14
      Params:         0       2       0       0       0       0       0       0       0       0       0       0       0       0       0       0
      Locals:         0      24       0       0       0       0       0       0       0       0       0       0       0       0       0       0
      Temps:          0       5       0       0       0       0       0       0       0       0       0       0       0       0       0       0
      Totals:         0      31       0       0       0       0       0       0       0       0       0       0       0       0       0       0
Total ram usage:       31 bytes
 Hardware stack levels used:    1
 Hardware stack levels required when called:    4
 This function calls:
		_adelante
		_atras
		_cambiarPWM
		_dirreccion
		_encenderMotor
		_enviarRS232
		_estadoDirreccion
		_fijarVelocidad
		_frenarMotor
 This function is called by:
		_main
 This function uses a non-reentrant model


 *************** function _cambiarPWM *****************
 Defined at:
		line 237 in file "auto.c"
 Parameters:    Size  Location     Type
		None
 Auto vars:     Size  Location     Type
		None
 Return value:  Size  Location     Type
                  1    wreg      void 
 Registers used:
		wreg, status,2, status,0, cstack
 Tracked objects:
		On entry : 
		On exit  : 
		Unchanged: 
 Data sizes:     COMRAM   BANK0   BANK1   BANK2   BANK3   BANK4   BANK5   BANK6   BANK7   BANK8   BANK9  BANK10  BANK11  BANK12  BANK13  BANK14
      Params:         0       0       0       0       0       0       0       0       0       0       0       0       0       0       0       0
      Locals:         0       0       0       0       0       0       0       0       0       0       0       0       0       0       0       0
      Temps:          0       0       0       0       0       0       0       0       0       0       0       0       0       0       0       0
      Totals:         0       0       0       0       0       0       0       0       0       0       0       0       0       0       0       0
Total ram usage:        0 bytes
 Hardware stack levels used:    1
 Hardware stack levels required when called:    3
 This function calls:
		_definirVelocidad
 This function is called by:
		_terminal
 This function uses a non-reentrant model


 *************** function _rutinaEscape *****************
 Defined at:
		line 348 in file "auto.c"
 Parameters:    Size  Location     Type
  type            1    wreg     unsigned char 
 Auto vars:     Size  Location     Type
  type            1   66[BANK0 ] unsigned char 
 Return value:  Size  Location     Type
                  1    wreg      void 
 Registers used:
		wreg, status,2, status,0, tblptrl, tblptrh, tblptru, prodl, prodh, cstack
 Tracked objects:
		On entry : 
		On exit  : 
		Unchanged: 
 Data sizes:     COMRAM   BANK0   BANK1   BANK2   BANK3   BANK4   BANK5   BANK6   BANK7   BANK8   BANK9  BANK10  BANK11  BANK12  BANK13  BANK14
      Params:         0       0       0       0       0       0       0       0       0       0       0       0       0       0       0       0
      Locals:         0       1       0       0       0       0       0       0       0       0       0       0       0       0       0       0
      Temps:          0       2       0       0       0       0       0       0       0       0       0       0       0       0       0       0
      Totals:         0       3       0       0       0       0       0       0       0       0       0       0       0       0       0       0
Total ram usage:        3 bytes
 Hardware stack levels used:    1
 Hardware stack levels required when called:    4
 This function calls:
		_adelante
		_atras
		_dirreccion
		_encenderMotor
		_enviarRS232
		_fijarVelocidad
		_frenarMotor
 This function is called by:
		_main
 This function uses a non-reentrant model


 *************** function _fijarVelocidad *****************
 Defined at:
		line 31 in file "./../LIBRERIAS/funciones_auto.h"
 Parameters:    Size  Location     Type
  speed           1    wreg     unsigned char 
 Auto vars:     Size  Location     Type
  speed           1   63[BANK0 ] unsigned char 
  DC              4   55[BANK0 ] float 
 Return value:  Size  Location     Type
                  1    wreg      void 
 Registers used:
		wreg, status,2, status,0, prodl, prodh, cstack
 Tracked objects:
		On entry : 
		On exit  : 
		Unchanged: 
 Data sizes:     COMRAM   BANK0   BANK1   BANK2   BANK3   BANK4   BANK5   BANK6   BANK7   BANK8   BANK9  BANK10  BANK11  BANK12  BANK13  BANK14
      Params:         0       0       0       0       0       0       0       0       0       0       0       0       0       0       0       0
      Locals:         0       9       0       0       0       0       0       0       0       0       0       0       0       0       0       0
      Temps:          0       0       0       0       0       0       0       0       0       0       0       0       0       0       0       0
      Totals:         0       9       0       0       0       0       0       0       0       0       0       0       0       0       0       0
Total ram usage:        9 bytes
 Hardware stack levels used:    1
 Hardware stack levels required when called:    3
 This function calls:
		___fladd
		___flmul
		___fltol
		___xxtofl
 This function is called by:
		_terminal
		_rutinaEscape
 This function uses a non-reentrant model


 *************** function ___xxtofl *****************
 Defined at:
		line 10 in file "C:\Program Files (x86)\Microchip\xc8\v2.05\pic\sources\c99\common\xxtofl.c"
 Parameters:    Size  Location     Type
  sign            1    wreg     unsigned char 
  val             4    0[BANK0 ] long 
 Auto vars:     Size  Location     Type
  sign            1    8[BANK0 ] unsigned char 
  arg             4   10[BANK0 ] unsigned long 
  exp             1    9[BANK0 ] unsigned char 
 Return value:  Size  Location     Type
                  4    0[BANK0 ] unsigned char 
 Registers used:
		wreg, status,2, status,0
 Tracked objects:
		On entry : 
		On exit  : 
		Unchanged: 
 Data sizes:     COMRAM   BANK0   BANK1   BANK2   BANK3   BANK4   BANK5   BANK6   BANK7   BANK8   BANK9  BANK10  BANK11  BANK12  BANK13  BANK14
      Params:         0       4       0       0       0       0       0       0       0       0       0       0       0       0       0       0
      Locals:         0       6       0       0       0       0       0       0       0       0       0       0       0       0       0       0
      Temps:          0       4       0       0       0       0       0       0       0       0       0       0       0       0       0       0
      Totals:         0      14       0       0       0       0       0       0       0       0       0       0       0       0       0       0
Total ram usage:       14 bytes
 Hardware stack levels used:    1
 Hardware stack levels required when called:    2
 This function calls:
		Nothing
 This function is called by:
		_fijarVelocidad
 This function uses a non-reentrant model


 *************** function ___fltol *****************
 Defined at:
		line 43 in file "C:\Program Files (x86)\Microchip\xc8\v2.05\pic\sources\c99\common\fltol.c"
 Parameters:    Size  Location     Type
  f1              4   39[BANK0 ] unsigned char 
 Auto vars:     Size  Location     Type
  exp1            1   48[BANK0 ] unsigned char 
  sign1           1   47[BANK0 ] unsigned char 
 Return value:  Size  Location     Type
                  4   39[BANK0 ] long 
 Registers used:
		wreg, status,2, status,0
 Tracked objects:
		On entry : 
		On exit  : 
		Unchanged: 
 Data sizes:     COMRAM   BANK0   BANK1   BANK2   BANK3   BANK4   BANK5   BANK6   BANK7   BANK8   BANK9  BANK10  BANK11  BANK12  BANK13  BANK14
      Params:         0       4       0       0       0       0       0       0       0       0       0       0       0       0       0       0
      Locals:         0       2       0       0       0       0       0       0       0       0       0       0       0       0       0       0
      Temps:          0       4       0       0       0       0       0       0       0       0       0       0       0       0       0       0
      Totals:         0      10       0       0       0       0       0       0       0       0       0       0       0       0       0       0
Total ram usage:       10 bytes
 Hardware stack levels used:    1
 Hardware stack levels required when called:    2
 This function calls:
		Nothing
 This function is called by:
		_fijarVelocidad
 This function uses a non-reentrant model


 *************** function ___flmul *****************
 Defined at:
		line 8 in file "C:\Program Files (x86)\Microchip\xc8\v2.05\pic\sources\c99\common\sprcmul.c"
 Parameters:    Size  Location     Type
  b               4   14[BANK0 ] long 
  a               4   18[BANK0 ] long 
 Auto vars:     Size  Location     Type
  prod            4   33[BANK0 ] struct .
  grs             4   28[BANK0 ] unsigned long 
  temp            2   37[BANK0 ] struct .
  bexp            1   32[BANK0 ] unsigned char 
  aexp            1   27[BANK0 ] unsigned char 
  sign            1   26[BANK0 ] unsigned char 
 Return value:  Size  Location     Type
                  4   14[BANK0 ] unsigned char 
 Registers used:
		wreg, status,2, status,0, prodl, prodh
 Tracked objects:
		On entry : 
		On exit  : 
		Unchanged: 
 Data sizes:     COMRAM   BANK0   BANK1   BANK2   BANK3   BANK4   BANK5   BANK6   BANK7   BANK8   BANK9  BANK10  BANK11  BANK12  BANK13  BANK14
      Params:         0       8       0       0       0       0       0       0       0       0       0       0       0       0       0       0
      Locals:         0      13       0       0       0       0       0       0       0       0       0       0       0       0       0       0
      Temps:          0       4       0       0       0       0       0       0       0       0       0       0       0       0       0       0
      Totals:         0      25       0       0       0       0       0       0       0       0       0       0       0       0       0       0
Total ram usage:       25 bytes
 Hardware stack levels used:    1
 Hardware stack levels required when called:    2
 This function calls:
		Nothing
 This function is called by:
		_fijarVelocidad
 This function uses a non-reentrant model


 *************** function ___fladd *****************
 Defined at:
		line 10 in file "C:\Program Files (x86)\Microchip\xc8\v2.05\pic\sources\c99\common\sprcadd.c"
 Parameters:    Size  Location     Type
  b               4   39[BANK0 ] unsigned char 
  a               4   43[BANK0 ] unsigned char 
 Auto vars:     Size  Location     Type
  grs             1   54[BANK0 ] unsigned char 
  bexp            1   53[BANK0 ] unsigned char 
  aexp            1   52[BANK0 ] unsigned char 
  signs           1   51[BANK0 ] unsigned char 
 Return value:  Size  Location     Type
                  4   39[BANK0 ] unsigned char 
 Registers used:
		wreg, status,2, status,0
 Tracked objects:
		On entry : 
		On exit  : 
		Unchanged: 
 Data sizes:     COMRAM   BANK0   BANK1   BANK2   BANK3   BANK4   BANK5   BANK6   BANK7   BANK8   BANK9  BANK10  BANK11  BANK12  BANK13  BANK14
      Params:         0       8       0       0       0       0       0       0       0       0       0       0       0       0       0       0
      Locals:         0       4       0       0       0       0       0       0       0       0       0       0       0       0       0       0
      Temps:          0       4       0       0       0       0       0       0       0       0       0       0       0       0       0       0
      Totals:         0      16       0       0       0       0       0       0       0       0       0       0       0       0       0       0
Total ram usage:       16 bytes
 Hardware stack levels used:    1
 Hardware stack levels required when called:    2
 This function calls:
		Nothing
 This function is called by:
		_fijarVelocidad
 This function uses a non-reentrant model


 *************** function _enviarRS232 *****************
 Defined at:
		line 55 in file "./../LIBRERIAS/funciones_auto.h"
 Parameters:    Size  Location     Type
  valores         2    8[BANK0 ] PTR unsigned char 
		 -> STR_10(7), STR_9(27), STR_8(21), STR_7(20), 
		 -> STR_6(23), STR_5(22), STR_4(29), STR_3(21), 
		 -> STR_2(24), STR_1(9), 
 Auto vars:     Size  Location     Type
  i               1   14[BANK0 ] unsigned char 
  longitud_tex    2   12[BANK0 ] unsigned int 
 Return value:  Size  Location     Type
                  1    wreg      void 
 Registers used:
		wreg, status,2, status,0, tblptrl, tblptrh, tblptru, cstack
 Tracked objects:
		On entry : 
		On exit  : 
		Unchanged: 
 Data sizes:     COMRAM   BANK0   BANK1   BANK2   BANK3   BANK4   BANK5   BANK6   BANK7   BANK8   BANK9  BANK10  BANK11  BANK12  BANK13  BANK14
      Params:         0       2       0       0       0       0       0       0       0       0       0       0       0       0       0       0
      Locals:         0       3       0       0       0       0       0       0       0       0       0       0       0       0       0       0
      Temps:          0       2       0       0       0       0       0       0       0       0       0       0       0       0       0       0
      Totals:         0       7       0       0       0       0       0       0       0       0       0       0       0       0       0       0
Total ram usage:        7 bytes
 Hardware stack levels used:    1
 Hardware stack levels required when called:    3
 This function calls:
		_length
 This function is called by:
		_main
		_terminal
		_rutinaEscape
 This function uses a non-reentrant model


 *************** function _length *****************
 Defined at:
		line 63 in file "./../LIBRERIAS/funciones_auto.h"
 Parameters:    Size  Location     Type
  text            2    0[BANK0 ] PTR unsigned char 
		 -> STR_10(7), STR_9(27), STR_8(21), STR_7(20), 
		 -> STR_6(23), STR_5(22), STR_4(29), STR_3(21), 
		 -> STR_2(24), STR_1(9), 
 Auto vars:     Size  Location     Type
  longitud        2    4[BANK0 ] int 
  i               1    7[BANK0 ] unsigned char 
  dato            1    6[BANK0 ] unsigned char 
 Return value:  Size  Location     Type
                  2    0[BANK0 ] int 
 Registers used:
		wreg, status,2, status,0, tblptrl, tblptrh, tblptru
 Tracked objects:
		On entry : 
		On exit  : 
		Unchanged: 
 Data sizes:     COMRAM   BANK0   BANK1   BANK2   BANK3   BANK4   BANK5   BANK6   BANK7   BANK8   BANK9  BANK10  BANK11  BANK12  BANK13  BANK14
      Params:         0       2       0       0       0       0       0       0       0       0       0       0       0       0       0       0
      Locals:         0       4       0       0       0       0       0       0       0       0       0       0       0       0       0       0
      Temps:          0       2       0       0       0       0       0       0       0       0       0       0       0       0       0       0
      Totals:         0       8       0       0       0       0       0       0       0       0       0       0       0       0       0       0
Total ram usage:        8 bytes
 Hardware stack levels used:    1
 Hardware stack levels required when called:    2
 This function calls:
		Nothing
 This function is called by:
		_enviarRS232
 This function uses a non-reentrant model


 *************** function _encenderMotor *****************
 Defined at:
		line 36 in file "./../LIBRERIAS/funciones_auto.h"
 Parameters:    Size  Location     Type
		None
 Auto vars:     Size  Location     Type
		None
 Return value:  Size  Location     Type
                  1    wreg      void 
 Registers used:
		wreg, status,2, status,0, cstack
 Tracked objects:
		On entry : 
		On exit  : 
		Unchanged: 
 Data sizes:     COMRAM   BANK0   BANK1   BANK2   BANK3   BANK4   BANK5   BANK6   BANK7   BANK8   BANK9  BANK10  BANK11  BANK12  BANK13  BANK14
      Params:         0       0       0       0       0       0       0       0       0       0       0       0       0       0       0       0
      Locals:         0       0       0       0       0       0       0       0       0       0       0       0       0       0       0       0
      Temps:          0       0       0       0       0       0       0       0       0       0       0       0       0       0       0       0
      Totals:         0       0       0       0       0       0       0       0       0       0       0       0       0       0       0       0
Total ram usage:        0 bytes
 Hardware stack levels used:    1
 Hardware stack levels required when called:    3
 This function calls:
		_definirVelocidad
		_rutinaArranque
 This function is called by:
		_terminal
		_rutinaEscape
 This function uses a non-reentrant model


 *************** function _rutinaArranque *****************
 Defined at:
		line 24 in file "./../LIBRERIAS/funciones_auto.h"
 Parameters:    Size  Location     Type
		None
 Auto vars:     Size  Location     Type
		None
 Return value:  Size  Location     Type
                  1    wreg      void 
 Registers used:
		wreg, status,2
 Tracked objects:
		On entry : 
		On exit  : 
		Unchanged: 
 Data sizes:     COMRAM   BANK0   BANK1   BANK2   BANK3   BANK4   BANK5   BANK6   BANK7   BANK8   BANK9  BANK10  BANK11  BANK12  BANK13  BANK14
      Params:         0       0       0       0       0       0       0       0       0       0       0       0       0       0       0       0
      Locals:         0       0       0       0       0       0       0       0       0       0       0       0       0       0       0       0
      Temps:          0       2       0       0       0       0       0       0       0       0       0       0       0       0       0       0
      Totals:         0       2       0       0       0       0       0       0       0       0       0       0       0       0       0       0
Total ram usage:        2 bytes
 Hardware stack levels used:    1
 Hardware stack levels required when called:    2
 This function calls:
		Nothing
 This function is called by:
		_encenderMotor
 This function uses a non-reentrant model


 *************** function _definirVelocidad *****************
 Defined at:
		line 44 in file "./../LIBRERIAS/funciones_auto.h"
 Parameters:    Size  Location     Type
		None
 Auto vars:     Size  Location     Type
		None
 Return value:  Size  Location     Type
                  1    wreg      void 
 Registers used:
		wreg, status,2, status,0
 Tracked objects:
		On entry : 
		On exit  : 
		Unchanged: 
 Data sizes:     COMRAM   BANK0   BANK1   BANK2   BANK3   BANK4   BANK5   BANK6   BANK7   BANK8   BANK9  BANK10  BANK11  BANK12  BANK13  BANK14
      Params:         0       0       0       0       0       0       0       0       0       0       0       0       0       0       0       0
      Locals:         0       0       0       0       0       0       0       0       0       0       0       0       0       0       0       0
      Temps:          0       2       0       0       0       0       0       0       0       0       0       0       0       0       0       0
      Totals:         0       2       0       0       0       0       0       0       0       0       0       0       0       0       0       0
Total ram usage:        2 bytes
 Hardware stack levels used:    1
 Hardware stack levels required when called:    2
 This function calls:
		Nothing
 This function is called by:
		_encenderMotor
		_cambiarPWM
 This function uses a non-reentrant model


 *************** function _atras *****************
 Defined at:
		line 340 in file "auto.c"
 Parameters:    Size  Location     Type
		None
 Auto vars:     Size  Location     Type
		None
 Return value:  Size  Location     Type
                  1    wreg      void 
 Registers used:
		wreg, status,2
 Tracked objects:
		On entry : 
		On exit  : 
		Unchanged: 
 Data sizes:     COMRAM   BANK0   BANK1   BANK2   BANK3   BANK4   BANK5   BANK6   BANK7   BANK8   BANK9  BANK10  BANK11  BANK12  BANK13  BANK14
      Params:         0       0       0       0       0       0       0       0       0       0       0       0       0       0       0       0
      Locals:         0       0       0       0       0       0       0       0       0       0       0       0       0       0       0       0
      Temps:          0       0       0       0       0       0       0       0       0       0       0       0       0       0       0       0
      Totals:         0       0       0       0       0       0       0       0       0       0       0       0       0       0       0       0
Total ram usage:        0 bytes
 Hardware stack levels used:    1
 Hardware stack levels required when called:    2
 This function calls:
		Nothing
 This function is called by:
		_terminal
		_rutinaEscape
 This function uses a non-reentrant model


 *************** function _adelante *****************
 Defined at:
		line 332 in file "auto.c"
 Parameters:    Size  Location     Type
		None
 Auto vars:     Size  Location     Type
		None
 Return value:  Size  Location     Type
                  1    wreg      void 
 Registers used:
		wreg, status,2
 Tracked objects:
		On entry : 
		On exit  : 
		Unchanged: 
 Data sizes:     COMRAM   BANK0   BANK1   BANK2   BANK3   BANK4   BANK5   BANK6   BANK7   BANK8   BANK9  BANK10  BANK11  BANK12  BANK13  BANK14
      Params:         0       0       0       0       0       0       0       0       0       0       0       0       0       0       0       0
      Locals:         0       0       0       0       0       0       0       0       0       0       0       0       0       0       0       0
      Temps:          0       0       0       0       0       0       0       0       0       0       0       0       0       0       0       0
      Totals:         0       0       0       0       0       0       0       0       0       0       0       0       0       0       0       0
Total ram usage:        0 bytes
 Hardware stack levels used:    1
 Hardware stack levels required when called:    2
 This function calls:
		Nothing
 This function is called by:
		_terminal
		_rutinaEscape
 This function uses a non-reentrant model


 *************** function _configuracionInicial *****************
 Defined at:
		line 183 in file "auto.c"
 Parameters:    Size  Location     Type
		None
 Auto vars:     Size  Location     Type
		None
 Return value:  Size  Location     Type
                  1    wreg      void 
 Registers used:
		wreg, status,2, cstack
 Tracked objects:
		On entry : 
		On exit  : 
		Unchanged: 
 Data sizes:     COMRAM   BANK0   BANK1   BANK2   BANK3   BANK4   BANK5   BANK6   BANK7   BANK8   BANK9  BANK10  BANK11  BANK12  BANK13  BANK14
      Params:         0       0       0       0       0       0       0       0       0       0       0       0       0       0       0       0
      Locals:         0       0       0       0       0       0       0       0       0       0       0       0       0       0       0       0
      Temps:          0       0       0       0       0       0       0       0       0       0       0       0       0       0       0       0
      Totals:         0       0       0       0       0       0       0       0       0       0       0       0       0       0       0       0
Total ram usage:        0 bytes
 Hardware stack levels used:    1
 Hardware stack levels required when called:    3
 This function calls:
		_configurarInterrupciones
		_configurarPWM7
		_configurarPuertos
		_configurarRS232
		_configurarRS232US100
		_configurarTMR4
		_configurarTMR5
		_configurarTMR8
 This function is called by:
		_main
 This function uses a non-reentrant model


 *************** function _configurarTMR8 *****************
 Defined at:
		line 65 in file "./../LIBRERIAS/configuracion_auto.h"
 Parameters:    Size  Location     Type
		None
 Auto vars:     Size  Location     Type
		None
 Return value:  Size  Location     Type
                  1    wreg      void 
 Registers used:
		wreg, status,2
 Tracked objects:
		On entry : 
		On exit  : 
		Unchanged: 
 Data sizes:     COMRAM   BANK0   BANK1   BANK2   BANK3   BANK4   BANK5   BANK6   BANK7   BANK8   BANK9  BANK10  BANK11  BANK12  BANK13  BANK14
      Params:         0       0       0       0       0       0       0       0       0       0       0       0       0       0       0       0
      Locals:         0       0       0       0       0       0       0       0       0       0       0       0       0       0       0       0
      Temps:          0       0       0       0       0       0       0       0       0       0       0       0       0       0       0       0
      Totals:         0       0       0       0       0       0       0       0       0       0       0       0       0       0       0       0
Total ram usage:        0 bytes
 Hardware stack levels used:    1
 Hardware stack levels required when called:    2
 This function calls:
		Nothing
 This function is called by:
		_configuracionInicial
 This function uses a non-reentrant model


 *************** function _configurarTMR5 *****************
 Defined at:
		line 48 in file "./../LIBRERIAS/configuracion_auto.h"
 Parameters:    Size  Location     Type
		None
 Auto vars:     Size  Location     Type
		None
 Return value:  Size  Location     Type
                  1    wreg      void 
 Registers used:
		wreg, status,2
 Tracked objects:
		On entry : 
		On exit  : 
		Unchanged: 
 Data sizes:     COMRAM   BANK0   BANK1   BANK2   BANK3   BANK4   BANK5   BANK6   BANK7   BANK8   BANK9  BANK10  BANK11  BANK12  BANK13  BANK14
      Params:         0       0       0       0       0       0       0       0       0       0       0       0       0       0       0       0
      Locals:         0       0       0       0       0       0       0       0       0       0       0       0       0       0       0       0
      Temps:          0       0       0       0       0       0       0       0       0       0       0       0       0       0       0       0
      Totals:         0       0       0       0       0       0       0       0       0       0       0       0       0       0       0       0
Total ram usage:        0 bytes
 Hardware stack levels used:    1
 Hardware stack levels required when called:    2
 This function calls:
		Nothing
 This function is called by:
		_configuracionInicial
 This function uses a non-reentrant model


 *************** function _configurarTMR4 *****************
 Defined at:
		line 58 in file "./../LIBRERIAS/configuracion_auto.h"
 Parameters:    Size  Location     Type
		None
 Auto vars:     Size  Location     Type
		None
 Return value:  Size  Location     Type
                  1    wreg      void 
 Registers used:
		wreg, status,2
 Tracked objects:
		On entry : 
		On exit  : 
		Unchanged: 
 Data sizes:     COMRAM   BANK0   BANK1   BANK2   BANK3   BANK4   BANK5   BANK6   BANK7   BANK8   BANK9  BANK10  BANK11  BANK12  BANK13  BANK14
      Params:         0       0       0       0       0       0       0       0       0       0       0       0       0       0       0       0
      Locals:         0       0       0       0       0       0       0       0       0       0       0       0       0       0       0       0
      Temps:          0       0       0       0       0       0       0       0       0       0       0       0       0       0       0       0
      Totals:         0       0       0       0       0       0       0       0       0       0       0       0       0       0       0       0
Total ram usage:        0 bytes
 Hardware stack levels used:    1
 Hardware stack levels required when called:    2
 This function calls:
		Nothing
 This function is called by:
		_configuracionInicial
 This function uses a non-reentrant model


 *************** function _configurarRS232US100 *****************
 Defined at:
		line 72 in file "./../LIBRERIAS/configuracion_auto.h"
 Parameters:    Size  Location     Type
		None
 Auto vars:     Size  Location     Type
		None
 Return value:  Size  Location     Type
                  1    wreg      void 
 Registers used:
		wreg, status,2
 Tracked objects:
		On entry : 
		On exit  : 
		Unchanged: 
 Data sizes:     COMRAM   BANK0   BANK1   BANK2   BANK3   BANK4   BANK5   BANK6   BANK7   BANK8   BANK9  BANK10  BANK11  BANK12  BANK13  BANK14
      Params:         0       0       0       0       0       0       0       0       0       0       0       0       0       0       0       0
      Locals:         0       0       0       0       0       0       0       0       0       0       0       0       0       0       0       0
      Temps:          0       0       0       0       0       0       0       0       0       0       0       0       0       0       0       0
      Totals:         0       0       0       0       0       0       0       0       0       0       0       0       0       0       0       0
Total ram usage:        0 bytes
 Hardware stack levels used:    1
 Hardware stack levels required when called:    2
 This function calls:
		Nothing
 This function is called by:
		_configuracionInicial
 This function uses a non-reentrant model


 *************** function _configurarRS232 *****************
 Defined at:
		line 37 in file "./../LIBRERIAS/configuracion_auto.h"
 Parameters:    Size  Location     Type
		None
 Auto vars:     Size  Location     Type
		None
 Return value:  Size  Location     Type
                  1    wreg      void 
 Registers used:
		wreg, status,2
 Tracked objects:
		On entry : 
		On exit  : 
		Unchanged: 
 Data sizes:     COMRAM   BANK0   BANK1   BANK2   BANK3   BANK4   BANK5   BANK6   BANK7   BANK8   BANK9  BANK10  BANK11  BANK12  BANK13  BANK14
      Params:         0       0       0       0       0       0       0       0       0       0       0       0       0       0       0       0
      Locals:         0       0       0       0       0       0       0       0       0       0       0       0       0       0       0       0
      Temps:          0       0       0       0       0       0       0       0       0       0       0       0       0       0       0       0
      Totals:         0       0       0       0       0       0       0       0       0       0       0       0       0       0       0       0
Total ram usage:        0 bytes
 Hardware stack levels used:    1
 Hardware stack levels required when called:    2
 This function calls:
		Nothing
 This function is called by:
		_configuracionInicial
 This function uses a non-reentrant model


 *************** function _configurarPuertos *****************
 Defined at:
		line 3 in file "./../LIBRERIAS/configuracion_auto.h"
 Parameters:    Size  Location     Type
		None
 Auto vars:     Size  Location     Type
		None
 Return value:  Size  Location     Type
                  1    wreg      void 
 Registers used:
		wreg, status,2
 Tracked objects:
		On entry : 
		On exit  : 
		Unchanged: 
 Data sizes:     COMRAM   BANK0   BANK1   BANK2   BANK3   BANK4   BANK5   BANK6   BANK7   BANK8   BANK9  BANK10  BANK11  BANK12  BANK13  BANK14
      Params:         0       0       0       0       0       0       0       0       0       0       0       0       0       0       0       0
      Locals:         0       0       0       0       0       0       0       0       0       0       0       0       0       0       0       0
      Temps:          0       0       0       0       0       0       0       0       0       0       0       0       0       0       0       0
      Totals:         0       0       0       0       0       0       0       0       0       0       0       0       0       0       0       0
Total ram usage:        0 bytes
 Hardware stack levels used:    1
 Hardware stack levels required when called:    2
 This function calls:
		Nothing
 This function is called by:
		_configuracionInicial
 This function uses a non-reentrant model


 *************** function _configurarPWM7 *****************
 Defined at:
		line 25 in file "./../LIBRERIAS/configuracion_auto.h"
 Parameters:    Size  Location     Type
		None
 Auto vars:     Size  Location     Type
		None
 Return value:  Size  Location     Type
                  1    wreg      void 
 Registers used:
		wreg, status,2
 Tracked objects:
		On entry : 
		On exit  : 
		Unchanged: 
 Data sizes:     COMRAM   BANK0   BANK1   BANK2   BANK3   BANK4   BANK5   BANK6   BANK7   BANK8   BANK9  BANK10  BANK11  BANK12  BANK13  BANK14
      Params:         0       0       0       0       0       0       0       0       0       0       0       0       0       0       0       0
      Locals:         0       0       0       0       0       0       0       0       0       0       0       0       0       0       0       0
      Temps:          0       0       0       0       0       0       0       0       0       0       0       0       0       0       0       0
      Totals:         0       0       0       0       0       0       0       0       0       0       0       0       0       0       0       0
Total ram usage:        0 bytes
 Hardware stack levels used:    1
 Hardware stack levels required when called:    2
 This function calls:
		Nothing
 This function is called by:
		_configuracionInicial
 This function uses a non-reentrant model


 *************** function _configurarInterrupciones *****************
 Defined at:
		line 10 in file "./../LIBRERIAS/configuracion_auto.h"
 Parameters:    Size  Location     Type
		None
 Auto vars:     Size  Location     Type
		None
 Return value:  Size  Location     Type
                  1    wreg      void 
 Registers used:
		wreg, status,2
 Tracked objects:
		On entry : 
		On exit  : 
		Unchanged: 
 Data sizes:     COMRAM   BANK0   BANK1   BANK2   BANK3   BANK4   BANK5   BANK6   BANK7   BANK8   BANK9  BANK10  BANK11  BANK12  BANK13  BANK14
      Params:         0       0       0       0       0       0       0       0       0       0       0       0       0       0       0       0
      Locals:         0       0       0       0       0       0       0       0       0       0       0       0       0       0       0       0
      Temps:          0       0       0       0       0       0       0       0       0       0       0       0       0       0       0       0
      Totals:         0       0       0       0       0       0       0       0       0       0       0       0       0       0       0       0
Total ram usage:        0 bytes
 Hardware stack levels used:    1
 Hardware stack levels required when called:    2
 This function calls:
		Nothing
 This function is called by:
		_configuracionInicial
 This function uses a non-reentrant model


 *************** function _cambiarEstadoFuego *****************
 Defined at:
		line 375 in file "auto.c"
 Parameters:    Size  Location     Type
		None
 Auto vars:     Size  Location     Type
  angulo          2    9[BANK0 ] unsigned int 
 Return value:  Size  Location     Type
                  1    wreg      void 
 Registers used:
		wreg, status,2, status,0, cstack
 Tracked objects:
		On entry : 
		On exit  : 
		Unchanged: 
 Data sizes:     COMRAM   BANK0   BANK1   BANK2   BANK3   BANK4   BANK5   BANK6   BANK7   BANK8   BANK9  BANK10  BANK11  BANK12  BANK13  BANK14
      Params:         0       0       0       0       0       0       0       0       0       0       0       0       0       0       0       0
      Locals:         0       2       0       0       0       0       0       0       0       0       0       0       0       0       0       0
      Temps:          0       2       0       0       0       0       0       0       0       0       0       0       0       0       0       0
      Totals:         0       4       0       0       0       0       0       0       0       0       0       0       0       0       0       0
Total ram usage:        4 bytes
 Hardware stack levels used:    1
 Hardware stack levels required when called:    3
 This function calls:
		_dirreccion
		_estadoDirreccion
		_frenarMotor
 This function is called by:
		_main
 This function uses a non-reentrant model


 *************** function _frenarMotor *****************
 Defined at:
		line 49 in file "./../LIBRERIAS/funciones_auto.h"
 Parameters:    Size  Location     Type
		None
 Auto vars:     Size  Location     Type
		None
 Return value:  Size  Location     Type
                  1    wreg      void 
 Registers used:
		wreg, status,2
 Tracked objects:
		On entry : 
		On exit  : 
		Unchanged: 
 Data sizes:     COMRAM   BANK0   BANK1   BANK2   BANK3   BANK4   BANK5   BANK6   BANK7   BANK8   BANK9  BANK10  BANK11  BANK12  BANK13  BANK14
      Params:         0       0       0       0       0       0       0       0       0       0       0       0       0       0       0       0
      Locals:         0       0       0       0       0       0       0       0       0       0       0       0       0       0       0       0
      Temps:          0       0       0       0       0       0       0       0       0       0       0       0       0       0       0       0
      Totals:         0       0       0       0       0       0       0       0       0       0       0       0       0       0       0       0
Total ram usage:        0 bytes
 Hardware stack levels used:    1
 Hardware stack levels required when called:    2
 This function calls:
		Nothing
 This function is called by:
		_main
		_terminal
		_rutinaEscape
		_cambiarEstadoFuego
 This function uses a non-reentrant model


 *************** function _estadoDirreccion *****************
 Defined at:
		line 243 in file "auto.c"
 Parameters:    Size  Location     Type
  valor           1    wreg     unsigned char 
 Auto vars:     Size  Location     Type
  valor           1    6[BANK0 ] unsigned char 
  angulo          2    4[BANK0 ] unsigned int 
 Return value:  Size  Location     Type
                  2    0[BANK0 ] unsigned int 
 Registers used:
		wreg, status,2, status,0
 Tracked objects:
		On entry : 
		On exit  : 
		Unchanged: 
 Data sizes:     COMRAM   BANK0   BANK1   BANK2   BANK3   BANK4   BANK5   BANK6   BANK7   BANK8   BANK9  BANK10  BANK11  BANK12  BANK13  BANK14
      Params:         0       2       0       0       0       0       0       0       0       0       0       0       0       0       0       0
      Locals:         0       3       0       0       0       0       0       0       0       0       0       0       0       0       0       0
      Temps:          0       2       0       0       0       0       0       0       0       0       0       0       0       0       0       0
      Totals:         0       7       0       0       0       0       0       0       0       0       0       0       0       0       0       0
Total ram usage:        7 bytes
 Hardware stack levels used:    1
 Hardware stack levels required when called:    2
 This function calls:
		Nothing
 This function is called by:
		_terminal
		_cambiarEstadoFuego
 This function uses a non-reentrant model


 *************** function _dirreccion *****************
 Defined at:
		line 278 in file "auto.c"
 Parameters:    Size  Location     Type
  degree          2    0[BANK0 ] unsigned int 
 Auto vars:     Size  Location     Type
  tiempo_1        1    4[BANK0 ] unsigned char 
 Return value:  Size  Location     Type
                  1    wreg      void 
 Registers used:
		wreg, status,2, status,0
 Tracked objects:
		On entry : 
		On exit  : 
		Unchanged: 
 Data sizes:     COMRAM   BANK0   BANK1   BANK2   BANK3   BANK4   BANK5   BANK6   BANK7   BANK8   BANK9  BANK10  BANK11  BANK12  BANK13  BANK14
      Params:         0       2       0       0       0       0       0       0       0       0       0       0       0       0       0       0
      Locals:         0       1       0       0       0       0       0       0       0       0       0       0       0       0       0       0
      Temps:          0       2       0       0       0       0       0       0       0       0       0       0       0       0       0       0
      Totals:         0       5       0       0       0       0       0       0       0       0       0       0       0       0       0       0
Total ram usage:        5 bytes
 Hardware stack levels used:    1
 Hardware stack levels required when called:    2
 This function calls:
		Nothing
 This function is called by:
		_terminal
		_rutinaEscape
		_cambiarEstadoFuego
 This function uses a non-reentrant model


 *************** function ___flge *****************
 Defined at:
		line 4 in file "C:\Program Files (x86)\Microchip\xc8\v2.05\pic\sources\c99\common\flge.c"
 Parameters:    Size  Location     Type
  ff1             4    0[BANK0 ] void 
  ff2             4    4[BANK0 ] void 
 Auto vars:     Size  Location     Type
		None
 Return value:  Size  Location     Type
		None               void
 Registers used:
		wreg, status,2, status,0
 Tracked objects:
		On entry : 
		On exit  : 
		Unchanged: 
 Data sizes:     COMRAM   BANK0   BANK1   BANK2   BANK3   BANK4   BANK5   BANK6   BANK7   BANK8   BANK9  BANK10  BANK11  BANK12  BANK13  BANK14
      Params:         0       8       0       0       0       0       0       0       0       0       0       0       0       0       0       0
      Locals:         0       0       0       0       0       0       0       0       0       0       0       0       0       0       0       0
      Temps:          0       4       0       0       0       0       0       0       0       0       0       0       0       0       0       0
      Totals:         0      12       0       0       0       0       0       0       0       0       0       0       0       0       0       0
Total ram usage:       12 bytes
 Hardware stack levels used:    1
 Hardware stack levels required when called:    2
 This function calls:
		Nothing
 This function is called by:
		_main
 This function uses a non-reentrant model


 *************** function _PWMServo *****************
 Defined at:
		line 313 in file "auto.c"
 Parameters:    Size  Location     Type
		None
 Auto vars:     Size  Location     Type
		None
 Return value:  Size  Location     Type
                  1    wreg      void 
 Registers used:
		wreg, status,2, status,0
 Tracked objects:
		On entry : 
		On exit  : 
		Unchanged: 
 Data sizes:     COMRAM   BANK0   BANK1   BANK2   BANK3   BANK4   BANK5   BANK6   BANK7   BANK8   BANK9  BANK10  BANK11  BANK12  BANK13  BANK14
      Params:         0       0       0       0       0       0       0       0       0       0       0       0       0       0       0       0
      Locals:         0       0       0       0       0       0       0       0       0       0       0       0       0       0       0       0
      Temps:          0       0       0       0       0       0       0       0       0       0       0       0       0       0       0       0
      Totals:         0       0       0       0       0       0       0       0       0       0       0       0       0       0       0       0
Total ram usage:        0 bytes
 Hardware stack levels used:    1
 Hardware stack levels required when called:    2
 This function calls:
		Nothing
 This function is called by:
		_main
 This function uses a non-reentrant model


 *************** function _rutina *****************
 Defined at:
		line 59 in file "auto.c"
 Parameters:    Size  Location     Type
		None
 Auto vars:     Size  Location     Type
  dato            1   40[COMRAM] unsigned char 
 Return value:  Size  Location     Type
                  1    wreg      void 
 Registers used:
		wreg, fsr2l, fsr2h, status,2, status,0, cstack
 Tracked objects:
		On entry : 
		On exit  : 
		Unchanged: 
 Data sizes:     COMRAM   BANK0   BANK1   BANK2   BANK3   BANK4   BANK5   BANK6   BANK7   BANK8   BANK9  BANK10  BANK11  BANK12  BANK13  BANK14
      Params:         0       0       0       0       0       0       0       0       0       0       0       0       0       0       0       0
      Locals:         1       0       0       0       0       0       0       0       0       0       0       0       0       0       0       0
      Temps:          2       0       0       0       0       0       0       0       0       0       0       0       0       0       0       0
      Totals:         3       0       0       0       0       0       0       0       0       0       0       0       0       0       0       0
Total ram usage:        3 bytes
 Hardware stack levels used:    1
 Hardware stack levels required when called:    1
 This function calls:
		___awdiv
		i2___fladd
		i2___xxtofl
 This function is called by:
		Interrupt level 2
 This function uses a non-reentrant model


 *************** function i2___xxtofl *****************
 Defined at:
		line 10 in file "C:\Program Files (x86)\Microchip\xc8\v2.05\pic\sources\c99\common\xxtofl.c"
 Parameters:    Size  Location     Type
  sign            1    wreg     unsigned char 
  val             4    8[COMRAM] long 
 Auto vars:     Size  Location     Type
  sign            1   16[COMRAM] unsigned char 
  __xxtofl        4   18[COMRAM] unsigned long 
  __xxtofl        1   17[COMRAM] unsigned char 
 Return value:  Size  Location     Type
                  4    8[COMRAM] unsigned char 
 Registers used:
		wreg, status,2, status,0
 Tracked objects:
		On entry : 
		On exit  : 
		Unchanged: 
 Data sizes:     COMRAM   BANK0   BANK1   BANK2   BANK3   BANK4   BANK5   BANK6   BANK7   BANK8   BANK9  BANK10  BANK11  BANK12  BANK13  BANK14
      Params:         4       0       0       0       0       0       0       0       0       0       0       0       0       0       0       0
      Locals:         6       0       0       0       0       0       0       0       0       0       0       0       0       0       0       0
      Temps:          4       0       0       0       0       0       0       0       0       0       0       0       0       0       0       0
      Totals:        14       0       0       0       0       0       0       0       0       0       0       0       0       0       0       0
Total ram usage:       14 bytes
 Hardware stack levels used:    1
 This function calls:
		Nothing
 This function is called by:
		_rutina
 This function uses a non-reentrant model


 *************** function i2___fladd *****************
 Defined at:
		line 10 in file "C:\Program Files (x86)\Microchip\xc8\v2.05\pic\sources\c99\common\sprcadd.c"
 Parameters:    Size  Location     Type
  b               4   22[COMRAM] unsigned char 
  a               4   26[COMRAM] unsigned char 
 Auto vars:     Size  Location     Type
  __fladd         1   37[COMRAM] unsigned char 
  __fladd         1   36[COMRAM] unsigned char 
  __fladd         1   35[COMRAM] unsigned char 
  __fladd         1   34[COMRAM] unsigned char 
 Return value:  Size  Location     Type
                  4   22[COMRAM] unsigned char 
 Registers used:
		wreg, status,2, status,0
 Tracked objects:
		On entry : 
		On exit  : 
		Unchanged: 
 Data sizes:     COMRAM   BANK0   BANK1   BANK2   BANK3   BANK4   BANK5   BANK6   BANK7   BANK8   BANK9  BANK10  BANK11  BANK12  BANK13  BANK14
      Params:         8       0       0       0       0       0       0       0       0       0       0       0       0       0       0       0
      Locals:         4       0       0       0       0       0       0       0       0       0       0       0       0       0       0       0
      Temps:          4       0       0       0       0       0       0       0       0       0       0       0       0       0       0       0
      Totals:        16       0       0       0       0       0       0       0       0       0       0       0       0       0       0       0
Total ram usage:       16 bytes
 Hardware stack levels used:    1
 This function calls:
		Nothing
 This function is called by:
		_rutina
 This function uses a non-reentrant model


 *************** function ___awdiv *****************
 Defined at:
		line 7 in file "C:\Program Files (x86)\Microchip\xc8\v2.05\pic\sources\c99\common\awdiv.c"
 Parameters:    Size  Location     Type
  dividend        2    0[COMRAM] int 
  divisor         2    2[COMRAM] int 
 Auto vars:     Size  Location     Type
  quotient        2    6[COMRAM] int 
  sign            1    5[COMRAM] unsigned char 
  counter         1    4[COMRAM] unsigned char 
 Return value:  Size  Location     Type
                  2    0[COMRAM] int 
 Registers used:
		wreg, status,2, status,0
 Tracked objects:
		On entry : 
		On exit  : 
		Unchanged: 
 Data sizes:     COMRAM   BANK0   BANK1   BANK2   BANK3   BANK4   BANK5   BANK6   BANK7   BANK8   BANK9  BANK10  BANK11  BANK12  BANK13  BANK14
      Params:         4       0       0       0       0       0       0       0       0       0       0       0       0       0       0       0
      Locals:         4       0       0       0       0       0       0       0       0       0       0       0       0       0       0       0
      Temps:          0       0       0       0       0       0       0       0       0       0       0       0       0       0       0       0
      Totals:         8       0       0       0       0       0       0       0       0       0       0       0       0       0       0       0
Total ram usage:        8 bytes
 Hardware stack levels used:    1
 This function calls:
		Nothing
 This function is called by:
		_rutina
 This function uses a non-reentrant model



MODULE INFORMATION

Module		Function		Class		Link	Load	Size
./../LIBRERIAS/configuracion_auto.h
		_configurarTMR4		CODE           	26D0	0000	15
		_configurarTMR5		CODE           	265C	0000	23
		_configurarPWM7		CODE           	2604	0000	33
		_configurarTMR8		CODE           	2684	0000	17
		_configurarRS232		CODE           	2644	0000	25
		_configurarPuertos		CODE           	2694	0000	17
		_configurarInterrupciones		CODE           	2624	0000	33
		_configurarRS232US100		CODE           	25E2	0000	35

./../LIBRERIAS/configuracion_auto.h estimated size: 198

C:\Program Files (x86)\Microchip\xc8\v2.05\pic\sources\c99\common\flge.c
		___flge        		CODE           	1F8E	0000	211

C:\Program Files (x86)\Microchip\xc8\v2.05\pic\sources\c99\common\flge.c estimated size: 211

C:\Program Files (x86)\Microchip\xc8\v2.05\pic\sources\c99\common\xxtofl.c
		___xxtofl      		CODE           	1ADE	0000	325

C:\Program Files (x86)\Microchip\xc8\v2.05\pic\sources\c99\common\xxtofl.c estimated size: 325

C:\Program Files (x86)\Microchip\xc8\v2.05\pic\sources\c99\common\awdiv.c
		___awdiv       		CODE           	22E8	0000	133

C:\Program Files (x86)\Microchip\xc8\v2.05\pic\sources\c99\common\awdiv.c estimated size: 133

C:\Program Files (x86)\Microchip\xc8\v2.05\pic\sources\c99\common\fltol.c
		___fltol       		CODE           	2060	0000	189

C:\Program Files (x86)\Microchip\xc8\v2.05\pic\sources\c99\common\fltol.c estimated size: 189

C:\Program Files (x86)\Microchip\xc8\v2.05\pic\sources\c99\common\sprcmul.c
		___flmul       		CODE           	0FCE	0000	853

C:\Program Files (x86)\Microchip\xc8\v2.05\pic\sources\c99\common\sprcmul.c estimated size: 853

./../LIBRERIAS/funciones_auto.h
		_rutinaArranque		CODE           	2594	0000	45
		_fijarVelocidad		CODE           	1EA4	0000	235
		_definirVelocidad		CODE           	255A	0000	59
		_frenarMotor   		CODE           	26A4	0000	17
		_encenderMotor 		CODE           	2672	0000	19
		_length        		CODE           	24B4	0000	87
		_enviarRS232   		CODE           	23EE	0000	101

./../LIBRERIAS/funciones_auto.h estimated size: 563

shared
		i2___fladd     		CODE           	1630	0000	781
		__initialization		CODE           	2452	0000	89
		i2___xxtofl    		CODE           	1D64	0000	321

shared estimated size: 1191

auto.c
		_PWMServo      		CODE           	250A	0000	81
		_rutina        		CODE           	0008	0000	459
		_cambiarPWM    		CODE           	26DE	0000	13
		_adelante      		CODE           	26C2	0000	15
		_estadoDirreccion		CODE           	236C	0000	131
		_main          		CODE           	193C	0000	419
		_terminal      		CODE           	1C22	0000	323
		_atras         		CODE           	26B4	0000	15
		_rutinaEscape  		CODE           	211C	0000	161
		_dirreccion    		CODE           	225A	0000	143
		_cambiarEstadoFuego		CODE           	21BC	0000	159
		_configuracionInicial		CODE           	25C0	0000	35

auto.c estimated size: 1954

C:\Program Files (x86)\Microchip\xc8\v2.05\pic\sources\c99\common\sprcadd.c
		___fladd       		CODE           	1322	0000	783

C:\Program Files (x86)\Microchip\xc8\v2.05\pic\sources\c99\common\sprcadd.c estimated size: 783

