Microchip MPLAB XC8 Compiler V2.05 ()

Linker command line:

-W-3 --edf=C:\Program Files (x86)\Microchip\xc8\v2.05\pic\dat\en_msgs.txt \
  -cs -h+dist/default/production\comunicacionBluethoot.X.production.sym \
  --cmf=dist/default/production\comunicacionBluethoot.X.production.cmf -z \
  -Q18F47J53 -oC:\Users\LAUTAR~1\AppData\Local\Temp\sa60.2 \
  --defsym=__MPLAB_BUILD=1 \
  -Mdist/default/production/comunicacionBluethoot.X.production.map -E1 \
  -ver=XC8 --acfsm=1493 -ASTACK=0B4h-0EAFh -pstack=STACK -ACODE=00h-01FFF7h \
  -ACONST=00h-01FFF7h -ASMALLCONST=0F00h-0FFFhx496,01FF00h-01FFF7h \
  -AMEDIUMCONST=0F00h-0FFFFh,010F00h-01FFF7h -ACOMRAM=01h-05Fh \
  -AABS1=00h-0EAFh -ABIGRAM=01h-0EAFh \
  -ARAM=060h-0FFh,0100h-01FFhx13,0E00h-0EAFh -ABANK0=060h-0FFh \
  -ABANK1=0100h-01FFh -ABANK2=0200h-02FFh -ABANK3=0300h-03FFh \
  -ABANK4=0400h-04FFh -ABANK5=0500h-05FFh -ABANK6=0600h-06FFh \
  -ABANK7=0700h-07FFh -ABANK8=0800h-08FFh -ABANK9=0900h-09FFh \
  -ABANK10=0A00h-0AFFh -ABANK11=0B00h-0BFFh -ABANK12=0C00h-0CFFh \
  -ABANK13=0D00h-0DFFh -ABANK14=0E00h-0EAFh \
  -ASFR=0EB0h-0EFFh,0F00h-0F5Fh,0F60h-0FFFh \
  -preset_vec=00h,intcode=08h,intcodelo,powerup,init -pramtop=0F00h \
  -psmallconst=SMALLCONST -pmediumconst=MEDIUMCONST -pconst=CONST \
  -AFARRAM=00h-00h -ACONFIG=01FFF8h-01FFFFh -pconfig=CONFIG \
  -pjflash_buffer=01F800h \
  -prdata=COMRAM,nvrram=COMRAM,nvbit=COMRAM,rbss=COMRAM,rbit=COMRAM \
  -pfarbss=FARRAM,fardata=FARRAM,nvFARRAM=FARRAM \
  -pintsave_regs=BIGRAM,bigbss=BIGRAM,bigdata=BIGRAM -pbss=RAM \
  -pidata=CODE,irdata=CODE,ibigdata=CODE,ifardata=CODE -prparam=COMRAM \
  C:\Users\LAUTAR~1\AppData\Local\Temp\sa60.o \
  dist/default/production\comunicacionBluethoot.X.production.o 

Object code version is 3.11

Machine type is 18F47J53

Call graph: (short form)




                Name                               Link     Load   Length Selector   Space Scale
C:\Users\LAUTAR~1\AppData\Local\Temp\sa60.o
                init                                 62       62        4        4       0
                reset_vec                             0        0        4        0       0
                config                            1FFF8    1FFF8        8    1FFF8       0
dist/default/production\comunicacionBluethoot.X.production.o
                intcode                               8        8       5A        4       0
                temp                                 5B       5B        1        1       1
                smallconst                          F00      F00       22      780       0
                text18                             1D38     1D38        6      791       0
                text17                             1CF4     1CF4       20      791       0
                text16                             1D2C     1D2C        C      791       0
                text15                             1D14     1D14       18      791       0
                text14                             1CCC     1CCC       28      791       0
                text13                             1C98     1C98       34      791       0
                text12                             1BBA     1BBA       50      791       0
                text11                             1274     1274      30C      791       0
                text10                              F22      F22      352      791       0
                text9                              198C     198C       BA      791       0
                text8                              1580     1580      140      791       0
                text7                              17D2     17D2       E0      791       0
                text6                              1D42     1D42        2      EA1       0
                text5                              1A46     1A46       A0      791       0
                text4                              18B2     18B2       DA      791       0
                text3                              1B64     1B64       56      791       0
                text2                              1C0A     1C0A       4E      791       0
                text1                              16C0     16C0      112      791       0
                text0                              1AE6     1AE6       7E      791       0
                cstackCOMRAM                          1        1       4B        1       1
                cstackBANK0                          9E       9E       16       60       1
                bssBANK0                             60       60       3E       60       1
                dataCOMRAM                           58       58        3        1       1
                bssCOMRAM                            4C       4C        C        1       1
                cinit                              1C58     1C58       40      791       0
                idataCOMRAM                        1D3E     1D3E        3      791       0

TOTAL           Name                               Link     Load   Length     Space
        CLASS   STACK          

        CLASS   CODE           
                intcode                               8        8       5A         0
                init                                 62       62        4         0
                reset_vec                             0        0        4         0
                text18                             1D38     1D38        6         0
                text17                             1CF4     1CF4       20         0
                text16                             1D2C     1D2C        C         0
                text15                             1D14     1D14       18         0
                text14                             1CCC     1CCC       28         0
                text13                             1C98     1C98       34         0
                text12                             1BBA     1BBA       50         0
                text11                             1274     1274      30C         0
                text10                              F22      F22      352         0
                text9                              198C     198C       BA         0
                text8                              1580     1580      140         0
                text7                              17D2     17D2       E0         0
                text6                              1D42     1D42        2         0
                text5                              1A46     1A46       A0         0
                text4                              18B2     18B2       DA         0
                text3                              1B64     1B64       56         0
                text2                              1C0A     1C0A       4E         0
                text1                              16C0     16C0      112         0
                text0                              1AE6     1AE6       7E         0
                cinit                              1C58     1C58       40         0
                idataCOMRAM                        1D3E     1D3E        3         0

        CLASS   CONST          

        CLASS   SMALLCONST     
                smallconst                          F00      F00       22         0

        CLASS   MEDIUMCONST    

        CLASS   COMRAM         
                temp                                 5B       5B        1         1
                cstackCOMRAM                          1        1       4B         1
                dataCOMRAM                           58       58        3         1
                bssCOMRAM                            4C       4C        C         1

        CLASS   ABS1           

        CLASS   BIGRAM         

        CLASS   RAM            

        CLASS   BANK0          
                cstackBANK0                          9E       9E       16         1
                bssBANK0                             60       60       3E         1

        CLASS   BANK1          

        CLASS   BANK2          

        CLASS   BANK3          

        CLASS   BANK4          

        CLASS   BANK5          

        CLASS   BANK6          

        CLASS   BANK7          

        CLASS   BANK8          

        CLASS   BANK9          

        CLASS   BANK10         

        CLASS   BANK11         

        CLASS   BANK12         

        CLASS   BANK13         

        CLASS   BANK14         

        CLASS   SFR            

        CLASS   FARRAM         

        CLASS   CONFIG         
                config                            1FFF8    1FFF8        8         0

        CLASS   IDLOC          



SEGMENTS        Name                           Load    Length   Top    Selector   Space  Class

                reset_vec                      000000  000004  000004         0       0  CODE    
                cstackCOMRAM                   000001  00005B  00005C         1       1  COMRAM  
                intcode                        000008  00005E  000066         4       0  CODE    
                bssBANK0                       000060  000054  0000B4        60       1  BANK0   
                smallconst                     000F00  000022  000F22       780       0  SMALLCON
                text10                         000F22  000E1F  001D41       791       0  CODE    
                text6                          001D42  000002  001D44       EA1       0  CODE    
                config                         01FFF8  000008  020000     1FFF8       0  CONFIG  


UNUSED ADDRESS RANGES

        Name                Unused          Largest block    Delta
        BANK0            000B4-000FF              4C
        BANK1            00100-001FF             100
        BANK10           00A00-00AFF             100
        BANK11           00B00-00BFF             100
        BANK12           00C00-00CFF             100
        BANK13           00D00-00DFF             100
        BANK14           00E00-00EAF              B0
        BANK2            00200-002FF             100
        BANK3            00300-003FF             100
        BANK4            00400-004FF             100
        BANK5            00500-005FF             100
        BANK6            00600-006FF             100
        BANK7            00700-007FF             100
        BANK8            00800-008FF             100
        BANK9            00900-009FF             100
        BIGRAM           0005C-0005F               4
                         000B4-00EAF             DFC
        CODE             00004-00007               4
                         00066-00EFF             E9A
                         01D41-01D41               1
                         01D44-1FFF7           1E2B4
        COMRAM           0005C-0005F               4
        CONST            00004-00007               4
                         00066-00EFF             E9A
                         01D41-01D41               1
                         01D44-1FFF7           1E2B4
        MEDIUMCONST      01D41-01D41               1
                         01D44-0FFFF            E2BC
                         10F00-1FFF7            F0F8
        RAM              000B4-00EAF             100
        SFR              00EB0-00FFF              60
        SMALLCONST       01D41-01D41               1
                         01D44-1FFF7             100
        STACK            000B4-00EAF             DFC

                                  Symbol Table

?___fladd                          cstackCOMRAM  0002C
?___flmul                          cstackCOMRAM  00013
?___fltol                          cstackCOMRAM  0002C
?___xxtofl                         cstackCOMRAM  00005
?_sprintf                          cstackCOMRAM  0001C
?_vfpfcnvrt                        cstackCOMRAM  0000E
?_vfprintf                         cstackCOMRAM  00014
_ANCON0                            (abs)         00F48
_ANCON1                            (abs)         00F49
_BAUDCON1bits                      (abs)         00F7E
_CCP7CONbits                       (abs)         00F09
_CCPR7L                            (abs)         00F0A
_CCPTMRS1bits                      (abs)         00F51
_INTCONbits                        (abs)         00FF2
_PIE1bits                          (abs)         00F9D
_PIR1bits                          (abs)         00F9E
_PORTD                             (abs)         00F83
_PORTDbits                         (abs)         00F83
_PR2                               (abs)         00FCB
_RCREG1                            (abs)         00FAF
_RCSTA1                            (abs)         00FAC
_SPBRG1                            (abs)         00FB0
_T2CON                             (abs)         00FCA
_T2CONbits                         (abs)         00FCA
_TMR2                              (abs)         00FCC
_TRISBbits                         (abs)         00F93
_TRISCbits                         (abs)         00F94
_TRISDbits                         (abs)         00F95
_TXREG1                            (abs)         00FAE
_TXSTA1                            (abs)         00FAD
__CFG_ADCSEL$BIT12                 (abs)         00000
__CFG_CFGPLLEN$ON                  (abs)         00000
__CFG_CLKOEC$ON                    (abs)         00000
__CFG_CP0$OFF                      (abs)         00000
__CFG_CPUDIV$OSC1                  (abs)         00000
__CFG_DSBOREN$OFF                  (abs)         00000
__CFG_DSWDTEN$OFF                  (abs)         00000
__CFG_DSWDTOSC$INTOSCREF           (abs)         00000
__CFG_DSWDTPS$G2                   (abs)         00000
__CFG_FCMEN$ON                     (abs)         00000
__CFG_IESO$ON                      (abs)         00000
__CFG_IOL1WAY$ON                   (abs)         00000
__CFG_LS48MHZ$SYS48X8              (abs)         00000
__CFG_MSSP7B_EN$MSK7               (abs)         00000
__CFG_OSC$HSPLL                    (abs)         00000
__CFG_PLLDIV$3                     (abs)         00000
__CFG_RTCOSC$T1OSCREF              (abs)         00000
__CFG_SOSCSEL$HIGH                 (abs)         00000
__CFG_STVREN$ON                    (abs)         00000
__CFG_WDTEN$OFF                    (abs)         00000
__CFG_WDTPS$32768                  (abs)         00000
__CFG_WPCFG$OFF                    (abs)         00000
__CFG_WPDIS$OFF                    (abs)         00000
__CFG_WPEND$PAGE_WPFP              (abs)         00000
__CFG_WPFP$PAGE_127                (abs)         00000
__CFG_XINST$OFF                    (abs)         00000
__HRAM                             (abs)         00000
__Habs1                            abs1          00000
__Hbank0                           bank0         00000
__Hbank1                           bank1         00000
__Hbank10                          bank10        00000
__Hbank11                          bank11        00000
__Hbank12                          bank12        00000
__Hbank13                          bank13        00000
__Hbank14                          bank14        00000
__Hbank2                           bank2         00000
__Hbank3                           bank3         00000
__Hbank4                           bank4         00000
__Hbank5                           bank5         00000
__Hbank6                           bank6         00000
__Hbank7                           bank7         00000
__Hbank8                           bank8         00000
__Hbank9                           bank9         00000
__Hbigbss                          bigbss        00000
__Hbigdata                         bigdata       00000
__Hbigram                          bigram        00000
__Hbss                             bss           00000
__HbssBANK0                        bssBANK0      00000
__HbssCOMRAM                       bssCOMRAM     00000
__Hcinit                           cinit         00000
__Hclrtext                         clrtext       00000
__Hcomram                          comram        00000
__Hconfig                          config        20000
__Hconst                           const         00000
__HcstackBANK0                     cstackBANK0   00000
__HcstackCOMRAM                    cstackCOMRAM  00000
__Hdata                            data          00000
__HdataCOMRAM                      dataCOMRAM    00000
__Hfarbss                          farbss        00000
__Hfardata                         fardata       00000
__Hibigdata                        ibigdata      00000
__Hidata                           idata         00000
__HidataCOMRAM                     idataCOMRAM   00000
__Hidloc                           idloc         00000
__Hifardata                        ifardata      00000
__Hinit                            init          00066
__Hintcode                         intcode       00062
__Hintcode_body                    intcode_body  00000
__Hintcodelo                       intcodelo     00062
__Hintentry                        intentry      00000
__Hintret                          intret        00000
__Hintsave_regs                    intsave_regs  00000
__Hirdata                          irdata        00000
__Hjflash_buffer                   jflash_buffer 1F800
__Hmediumconst                     mediumconst   00000
__HnvFARRAM                        nvFARRAM      00000
__Hnvbit                           nvbit         00000
__Hnvrram                          nvrram        00000
__Hparam                           rparam        00000
__Hpowerup                         powerup       00062
__Hram                             ram           00000
__Hramtop                          ramtop        00F00
__Hrbit                            rbit          00000
__Hrbss                            rbss          00000
__Hrdata                           rdata         00000
__Hreset_vec                       reset_vec     00004
__Hrparam                          rparam        00000
__Hsfr                             sfr           00000
__Hsmallconst                      smallconst    00F22
__Hspace_0                         (abs)         20000
__Hspace_1                         (abs)         000B4
__Hspace_2                         (abs)         00000
__Hstack                           stack         00000
__Hstruct                          struct        00000
__Htemp                            temp          0005C
__Htext                            text          00000
__Htext0                           text0         00000
__Htext1                           text1         00000
__Htext10                          text10        00000
__Htext11                          text11        00000
__Htext12                          text12        00000
__Htext13                          text13        00000
__Htext14                          text14        00000
__Htext15                          text15        00000
__Htext16                          text16        00000
__Htext17                          text17        00000
__Htext18                          text18        00000
__Htext2                           text2         00000
__Htext3                           text3         00000
__Htext4                           text4         00000
__Htext5                           text5         00000
__Htext6                           text6         00000
__Htext7                           text7         00000
__Htext8                           text8         00000
__Htext9                           text9         00000
__LRAM                             (abs)         00001
__Labs1                            abs1          00000
__Lbank0                           bank0         00000
__Lbank1                           bank1         00000
__Lbank10                          bank10        00000
__Lbank11                          bank11        00000
__Lbank12                          bank12        00000
__Lbank13                          bank13        00000
__Lbank14                          bank14        00000
__Lbank2                           bank2         00000
__Lbank3                           bank3         00000
__Lbank4                           bank4         00000
__Lbank5                           bank5         00000
__Lbank6                           bank6         00000
__Lbank7                           bank7         00000
__Lbank8                           bank8         00000
__Lbank9                           bank9         00000
__Lbigbss                          bigbss        00000
__Lbigdata                         bigdata       00000
__Lbigram                          bigram        00000
__Lbss                             bss           00000
__LbssBANK0                        bssBANK0      00000
__LbssCOMRAM                       bssCOMRAM     00000
__Lcinit                           cinit         00000
__Lclrtext                         clrtext       00000
__Lcomram                          comram        00000
__Lconfig                          config        1FFF8
__Lconst                           const         00000
__LcstackBANK0                     cstackBANK0   00000
__LcstackCOMRAM                    cstackCOMRAM  00000
__Ldata                            data          00000
__LdataCOMRAM                      dataCOMRAM    00000
__Lfarbss                          farbss        00000
__Lfardata                         fardata       00000
__Libigdata                        ibigdata      00000
__Lidata                           idata         00000
__LidataCOMRAM                     idataCOMRAM   00000
__Lidloc                           idloc         00000
__Lifardata                        ifardata      00000
__Linit                            init          00062
__Lintcode                         intcode       00008
__Lintcode_body                    intcode_body  00000
__Lintcodelo                       intcodelo     00062
__Lintentry                        intentry      00000
__Lintret                          intret        00000
__Lintsave_regs                    intsave_regs  00000
__Lirdata                          irdata        00000
__Ljflash_buffer                   jflash_buffer 1F800
__Lmediumconst                     mediumconst   00000
__LnvFARRAM                        nvFARRAM      00000
__Lnvbit                           nvbit         00000
__Lnvrram                          nvrram        00000
__Lparam                           rparam        00000
__Lpowerup                         powerup       00062
__Lram                             ram           00000
__Lramtop                          ramtop        00F00
__Lrbit                            rbit          00000
__Lrbss                            rbss          00000
__Lrdata                           rdata         00000
__Lreset_vec                       reset_vec     00000
__Lrparam                          rparam        00000
__Lsfr                             sfr           00000
__Lsmallconst                      smallconst    00F00
__Lspace_0                         (abs)         00000
__Lspace_1                         (abs)         00000
__Lspace_2                         (abs)         00000
__Lstack                           stack         00000
__Lstruct                          struct        00000
__Ltemp                            temp          0005B
__Ltext                            text          00000
__Ltext0                           text0         00000
__Ltext1                           text1         00000
__Ltext10                          text10        00000
__Ltext11                          text11        00000
__Ltext12                          text12        00000
__Ltext13                          text13        00000
__Ltext14                          text14        00000
__Ltext15                          text15        00000
__Ltext16                          text16        00000
__Ltext17                          text17        00000
__Ltext18                          text18        00000
__Ltext2                           text2         00000
__Ltext3                           text3         00000
__Ltext4                           text4         00000
__Ltext5                           text5         00000
__Ltext6                           text6         00000
__Ltext7                           text7         00000
__Ltext8                           text8         00000
__Ltext9                           text9         00000
__S0                               (abs)         20000
__S1                               (abs)         000B4
__S2                               (abs)         00000
___fladd                           text11        01274
___fladd@a                         cstackCOMRAM  00030
___fladd@aexp                      cstackCOMRAM  00039
___fladd@b                         cstackCOMRAM  0002C
___fladd@bexp                      cstackCOMRAM  0003A
___fladd@grs                       cstackCOMRAM  0003B
___fladd@signs                     cstackCOMRAM  00038
___flmul                           text10        00F22
___flmul@a                         cstackCOMRAM  00017
___flmul@aexp                      cstackCOMRAM  00024
___flmul@b                         cstackCOMRAM  00013
___flmul@bexp                      cstackCOMRAM  00025
___flmul@grs                       cstackCOMRAM  00020
___flmul@prod                      cstackCOMRAM  00026
___flmul@sign                      cstackCOMRAM  0001F
___flmul@temp                      cstackCOMRAM  0002A
___fltol                           text9         0198C
___fltol@exp1                      cstackCOMRAM  00035
___fltol@f1                        cstackCOMRAM  0002C
___fltol@sign1                     cstackCOMRAM  00034
___inthi_sp                        stack         00000
___intlo_sp                        stack         00000
___param_bank                      (abs)         00000
___rparam_used                     (abs)         00001
___sp                              stack         00000
___xxtofl                          text8         01580
___xxtofl@arg                      cstackCOMRAM  0000F
___xxtofl@exp                      cstackCOMRAM  0000E
___xxtofl@sign                     cstackCOMRAM  0000D
___xxtofl@val                      cstackCOMRAM  00005
__accesstop                        (abs)         00060
__activetblptr                     (abs)         00003
__end_of___fladd                   text11        01580
__end_of___flmul                   text10        01274
__end_of___fltol                   text9         01A46
__end_of___xxtofl                  text8         016C0
__end_of__initialization           cinit         01C8E
__end_of_configurarInterrupciones  text18        01D3E
__end_of_configurarPWM7            text17        01D14
__end_of_configurarPuertos         text16        01D38
__end_of_configurarRS232           text15        01D2C
__end_of_encenderMotor             text13        01CCC
__end_of_enviarRS232               text12        01C0A
__end_of_fijarVelocidad            text7         018B2
__end_of_fputc                     text5         01AE6
__end_of_logicaEstadoSiguiente     text1         017D2
__end_of_main                      text0         01B64
__end_of_putch                     text6         01D44
__end_of_rutina                    intcode       00062
__end_of_rutinaArranque            text14        01CF4
__end_of_sprintf                   text2         01C58
__end_of_vfpfcnvrt                 text4         0198C
__end_of_vfprintf                  text3         01BBA
__initialization                   cinit         01C58
__mediumconst                      mediumconst   00000
__pbssBANK0                        bssBANK0      00060
__pbssCOMRAM                       bssCOMRAM     0004C
__pcinit                           cinit         01C58
__pcstackBANK0                     cstackBANK0   0009E
__pcstackCOMRAM                    cstackCOMRAM  00001
__pdataCOMRAM                      dataCOMRAM    00058
__pidataCOMRAM                     idataCOMRAM   01D3E
__pintcode                         intcode       00008
__psmallconst                      smallconst    00F00
__ptext0                           text0         01AE6
__ptext1                           text1         016C0
__ptext10                          text10        00F22
__ptext11                          text11        01274
__ptext12                          text12        01BBA
__ptext13                          text13        01C98
__ptext14                          text14        01CCC
__ptext15                          text15        01D14
__ptext16                          text16        01D2C
__ptext17                          text17        01CF4
__ptext18                          text18        01D38
__ptext2                           text2         01C0A
__ptext3                           text3         01B64
__ptext4                           text4         018B2
__ptext5                           text5         01A46
__ptext6                           text6         01D42
__ptext7                           text7         017D2
__ptext8                           text8         01580
__ptext9                           text9         0198C
__ramtop                           ramtop        00F00
__size_of___fladd                  (abs)         00000
__size_of___flmul                  (abs)         00000
__size_of___fltol                  (abs)         00000
__size_of___xxtofl                 (abs)         00000
__size_of_configurarInterrupciones (abs)         00000
__size_of_configurarPWM7           (abs)         00000
__size_of_configurarPuertos        (abs)         00000
__size_of_configurarRS232          (abs)         00000
__size_of_encenderMotor            (abs)         00000
__size_of_enviarRS232              (abs)         00000
__size_of_fijarVelocidad           (abs)         00000
__size_of_fputc                    (abs)         00000
__size_of_logicaEstadoSiguiente    (abs)         00000
__size_of_main                     (abs)         00000
__size_of_putch                    (abs)         00000
__size_of_rutina                   (abs)         00000
__size_of_rutinaArranque           (abs)         00000
__size_of_sprintf                  (abs)         00000
__size_of_vfpfcnvrt                (abs)         00000
__size_of_vfprintf                 (abs)         00000
__smallconst                       smallconst    00F00
_bandera                           bssCOMRAM     00057
_cicle_90                          dataCOMRAM    00058
_configurarInterrupciones          text18        01D38
_configurarPWM7                    text17        01CF4
_configurarPuertos                 text16        01D2C
_configurarRS232                   text15        01D14
_datos                             bssBANK0      00094
_encenderMotor                     text13        01C98
_enviarRS232                       text12        01BBA
_fijarVelocidad                    text7         017D2
_fijarVelocidad$1328               cstackCOMRAM  00040
_flags                             bssCOMRAM     00052
_fputc                             text5         01A46
_fuego                             dataCOMRAM    0005A
_indicador                         bssCOMRAM     00056
_logicaEstadoSiguiente             text1         016C0
_main                              text0         01AE6
_nout                              bssCOMRAM     0004C
_prec                              bssCOMRAM     00050
_putch                             text6         01D42
_rutina                            intcode       00008
_rutinaArranque                    text14        01CCC
_sprintf                           text2         01C0A
_velocidad                         bssCOMRAM     00054
_vfpfcnvrt                         text4         018B2
_vfprintf                          text3         01B64
_width                             bssCOMRAM     0004E
btemp                              temp          0005B
end_of_initialization              cinit         01C8E
enviarRS232@i                      cstackCOMRAM  0000A
enviarRS232@numero_valores         cstackCOMRAM  00007
enviarRS232@valores                cstackCOMRAM  00005
fijarVelocidad@DC                  cstackCOMRAM  0003C
fijarVelocidad@speed               cstackCOMRAM  00044
fputc@c                            cstackCOMRAM  00005
fputc@fp                           cstackCOMRAM  00007
int$flags                          temp          0005B
intlevel0                          text          00000
intlevel1                          text          00000
intlevel2                          text          00000
intlevel3                          text          00000
logicaEstadoSiguiente@comand       cstackCOMRAM  00045
logicaEstadoSiguiente@medicion     cstackBANK0   000B2
logicaEstadoSiguiente@texto        cstackBANK0   0009E
rutina@dato                        cstackCOMRAM  00004
sprintf@ap                         cstackCOMRAM  00022
sprintf@f                          cstackCOMRAM  00024
sprintf@fmt                        cstackCOMRAM  0001E
sprintf@s                          cstackCOMRAM  0001C
stackhi                            (abs)         00EAF
stacklo                            (abs)         000B4
start                              init          00062
start_initialization               cinit         01C58
ttemp5                             temp          0005C
ttemp6                             temp          0005F
ttemp7                             temp          00063
vfpfcnvrt@ap                       cstackCOMRAM  00012
vfpfcnvrt@fmt                      cstackCOMRAM  00010
vfpfcnvrt@fp                       cstackCOMRAM  0000E
vfprintf@ap                        cstackCOMRAM  00018
vfprintf@cfmt                      cstackCOMRAM  0001A
vfprintf@fmt                       cstackCOMRAM  00016
vfprintf@fp                        cstackCOMRAM  00014
wtemp8                             temp          0005C


FUNCTION INFORMATION:

 *************** function _main *****************
 Defined at:
		line 40 in file "Test_PWM_bluethoot.c"
 Parameters:    Size  Location     Type
		None
 Auto vars:     Size  Location     Type
		None
 Return value:  Size  Location     Type
                  1    wreg      void 
 Registers used:
		wreg, fsr1l, fsr1h, fsr2l, fsr2h, status,2, status,0, tblptrl, tblptrh, tblptru, prodl, prodh, cstack
 Tracked objects:
		On entry : 
		On exit  : 
		Unchanged: 
 Data sizes:     COMRAM   BANK0   BANK1   BANK2   BANK3   BANK4   BANK5   BANK6   BANK7   BANK8   BANK9  BANK10  BANK11  BANK12  BANK13  BANK14
      Params:         0       0       0       0       0       0       0       0       0       0       0       0       0       0       0       0
      Locals:         0       0       0       0       0       0       0       0       0       0       0       0       0       0       0       0
      Temps:          0       0       0       0       0       0       0       0       0       0       0       0       0       0       0       0
      Totals:         0       0       0       0       0       0       0       0       0       0       0       0       0       0       0       0
Total ram usage:        0 bytes
 Hardware stack levels required when called:    7
 This function calls:
		_configurarInterrupciones
		_configurarPWM7
		_configurarPuertos
		_configurarRS232
		_enviarRS232
		_logicaEstadoSiguiente
 This function is called by:
		Startup code after reset
 This function uses a non-reentrant model


 *************** function _logicaEstadoSiguiente *****************
 Defined at:
		line 12 in file "./../../LIBRERIAS/Estados.h"
 Parameters:    Size  Location     Type
  comand          2   68[COMRAM] PTR unsigned char 
		 -> datos(10), 
 Auto vars:     Size  Location     Type
  texto          20    0[BANK0 ] unsigned char [20]
  medicion        2   20[BANK0 ] unsigned int 
 Return value:  Size  Location     Type
                  1    wreg      void 
 Registers used:
		wreg, fsr1l, fsr1h, fsr2l, fsr2h, status,2, status,0, tblptrl, tblptrh, tblptru, prodl, prodh, cstack
 Tracked objects:
		On entry : 
		On exit  : 
		Unchanged: 
 Data sizes:     COMRAM   BANK0   BANK1   BANK2   BANK3   BANK4   BANK5   BANK6   BANK7   BANK8   BANK9  BANK10  BANK11  BANK12  BANK13  BANK14
      Params:         2       0       0       0       0       0       0       0       0       0       0       0       0       0       0       0
      Locals:         0      22       0       0       0       0       0       0       0       0       0       0       0       0       0       0
      Temps:          5       0       0       0       0       0       0       0       0       0       0       0       0       0       0       0
      Totals:         7      22       0       0       0       0       0       0       0       0       0       0       0       0       0       0
Total ram usage:       29 bytes
 Hardware stack levels used:    1
 Hardware stack levels required when called:    6
 This function calls:
		_encenderMotor
		_enviarRS232
		_fijarVelocidad
		_sprintf
 This function is called by:
		_main
 This function uses a non-reentrant model


 *************** function _sprintf *****************
 Defined at:
		line 9 in file "C:\Program Files (x86)\Microchip\xc8\v2.05\pic\sources\c99\common\nf_sprintf.c"
 Parameters:    Size  Location     Type
  s               2   27[COMRAM] PTR unsigned char 
		 -> logicaEstadoSiguiente@texto(20), 
  fmt             2   29[COMRAM] PTR const unsigned char 
		 -> STR_2(8), STR_1(9), 
 Auto vars:     Size  Location     Type
  f               6   35[COMRAM] struct _IO_FILE
  ap              2   33[COMRAM] PTR void [1]
		 -> ?_sprintf(2), 
  ret             2    0        int 
 Return value:  Size  Location     Type
                  2   27[COMRAM] int 
 Registers used:
		wreg, fsr1l, fsr1h, fsr2l, fsr2h, status,2, status,0, tblptrl, tblptrh, tblptru, cstack
 Tracked objects:
		On entry : 
		On exit  : 
		Unchanged: 
 Data sizes:     COMRAM   BANK0   BANK1   BANK2   BANK3   BANK4   BANK5   BANK6   BANK7   BANK8   BANK9  BANK10  BANK11  BANK12  BANK13  BANK14
      Params:         4       0       0       0       0       0       0       0       0       0       0       0       0       0       0       0
      Locals:        10       0       0       0       0       0       0       0       0       0       0       0       0       0       0       0
      Temps:          0       0       0       0       0       0       0       0       0       0       0       0       0       0       0       0
      Totals:        14       0       0       0       0       0       0       0       0       0       0       0       0       0       0       0
Total ram usage:       14 bytes
 Hardware stack levels used:    1
 Hardware stack levels required when called:    5
 This function calls:
		_vfprintf
 This function is called by:
		_logicaEstadoSiguiente
 This function uses a non-reentrant model


 *************** function _vfprintf *****************
 Defined at:
		line 1368 in file "C:\Program Files (x86)\Microchip\xc8\v2.05\pic\sources\c99\common\doprnt.c"
 Parameters:    Size  Location     Type
  fp              2   19[COMRAM] PTR struct _IO_FILE
		 -> sprintf@f(6), 
  fmt             2   21[COMRAM] PTR const unsigned char 
		 -> STR_2(8), STR_1(9), 
  ap              2   23[COMRAM] PTR PTR void 
		 -> sprintf@ap(2), 
 Auto vars:     Size  Location     Type
  cfmt            2   25[COMRAM] PTR unsigned char 
		 -> STR_2(8), STR_1(9), 
 Return value:  Size  Location     Type
                  2   19[COMRAM] int 
 Registers used:
		wreg, fsr1l, fsr1h, fsr2l, fsr2h, status,2, status,0, tblptrl, tblptrh, tblptru, cstack
 Tracked objects:
		On entry : 
		On exit  : 
		Unchanged: 
 Data sizes:     COMRAM   BANK0   BANK1   BANK2   BANK3   BANK4   BANK5   BANK6   BANK7   BANK8   BANK9  BANK10  BANK11  BANK12  BANK13  BANK14
      Params:         6       0       0       0       0       0       0       0       0       0       0       0       0       0       0       0
      Locals:         2       0       0       0       0       0       0       0       0       0       0       0       0       0       0       0
      Temps:          0       0       0       0       0       0       0       0       0       0       0       0       0       0       0       0
      Totals:         8       0       0       0       0       0       0       0       0       0       0       0       0       0       0       0
Total ram usage:        8 bytes
 Hardware stack levels used:    1
 Hardware stack levels required when called:    4
 This function calls:
		_vfpfcnvrt
 This function is called by:
		_sprintf
 This function uses a non-reentrant model


 *************** function _vfpfcnvrt *****************
 Defined at:
		line 670 in file "C:\Program Files (x86)\Microchip\xc8\v2.05\pic\sources\c99\common\doprnt.c"
 Parameters:    Size  Location     Type
  fp              2   13[COMRAM] PTR struct _IO_FILE
		 -> sprintf@f(6), 
  fmt             2   15[COMRAM] PTR PTR unsigned char 
		 -> vfprintf@cfmt(2), 
  ap              2   17[COMRAM] PTR PTR void 
		 -> sprintf@ap(2), 
 Auto vars:     Size  Location     Type
  llu             8    0        unsigned long long 
  ll              8    0        long long 
  f               4    0        long long 
  vp              3    0        PTR void 
  ct              3    0        unsigned char [3]
  cp              3    0        PTR unsigned char 
  i               2    0        int 
  done            2    0        int 
  c               1    0        unsigned char 
 Return value:  Size  Location     Type
                  2   13[COMRAM] int 
 Registers used:
		wreg, fsr1l, fsr1h, fsr2l, fsr2h, status,2, status,0, tblptrl, tblptrh, tblptru, cstack
 Tracked objects:
		On entry : 
		On exit  : 
		Unchanged: 
 Data sizes:     COMRAM   BANK0   BANK1   BANK2   BANK3   BANK4   BANK5   BANK6   BANK7   BANK8   BANK9  BANK10  BANK11  BANK12  BANK13  BANK14
      Params:         6       0       0       0       0       0       0       0       0       0       0       0       0       0       0       0
      Locals:         0       0       0       0       0       0       0       0       0       0       0       0       0       0       0       0
      Temps:          0       0       0       0       0       0       0       0       0       0       0       0       0       0       0       0
      Totals:         6       0       0       0       0       0       0       0       0       0       0       0       0       0       0       0
Total ram usage:        6 bytes
 Hardware stack levels used:    1
 Hardware stack levels required when called:    3
 This function calls:
		_fputc
 This function is called by:
		_vfprintf
 This function uses a non-reentrant model


 *************** function _fputc *****************
 Defined at:
		line 8 in file "C:\Program Files (x86)\Microchip\xc8\v2.05\pic\sources\c99\common\nf_fputc.c"
 Parameters:    Size  Location     Type
  c               2    4[COMRAM] int 
  fp              2    6[COMRAM] PTR struct _IO_FILE
		 -> sprintf@f(6), 
 Auto vars:     Size  Location     Type
		None
 Return value:  Size  Location     Type
                  2    4[COMRAM] int 
 Registers used:
		wreg, fsr1l, fsr1h, fsr2l, fsr2h, status,2, status,0, cstack
 Tracked objects:
		On entry : 
		On exit  : 
		Unchanged: 
 Data sizes:     COMRAM   BANK0   BANK1   BANK2   BANK3   BANK4   BANK5   BANK6   BANK7   BANK8   BANK9  BANK10  BANK11  BANK12  BANK13  BANK14
      Params:         4       0       0       0       0       0       0       0       0       0       0       0       0       0       0       0
      Locals:         0       0       0       0       0       0       0       0       0       0       0       0       0       0       0       0
      Temps:          5       0       0       0       0       0       0       0       0       0       0       0       0       0       0       0
      Totals:         9       0       0       0       0       0       0       0       0       0       0       0       0       0       0       0
Total ram usage:        9 bytes
 Hardware stack levels used:    1
 Hardware stack levels required when called:    2
 This function calls:
		_putch
 This function is called by:
		_vfpfcnvrt
 This function uses a non-reentrant model


 *************** function _putch *****************
 Defined at:
		line 7 in file "C:\Program Files (x86)\Microchip\xc8\v2.05\pic\sources\c99\common\putch.c"
 Parameters:    Size  Location     Type
  c               1    wreg     unsigned char 
 Auto vars:     Size  Location     Type
  c               1    0[COMRAM] unsigned char 
 Return value:  Size  Location     Type
                  1    wreg      void 
 Registers used:
		wreg
 Tracked objects:
		On entry : 
		On exit  : 
		Unchanged: 
 Data sizes:     COMRAM   BANK0   BANK1   BANK2   BANK3   BANK4   BANK5   BANK6   BANK7   BANK8   BANK9  BANK10  BANK11  BANK12  BANK13  BANK14
      Params:         0       0       0       0       0       0       0       0       0       0       0       0       0       0       0       0
      Locals:         0       0       0       0       0       0       0       0       0       0       0       0       0       0       0       0
      Temps:          0       0       0       0       0       0       0       0       0       0       0       0       0       0       0       0
      Totals:         0       0       0       0       0       0       0       0       0       0       0       0       0       0       0       0
Total ram usage:        0 bytes
 Hardware stack levels used:    1
 Hardware stack levels required when called:    1
 This function calls:
		Nothing
 This function is called by:
		_fputc
 This function uses a non-reentrant model


 *************** function _fijarVelocidad *****************
 Defined at:
		line 22 in file "./../../LIBRERIAS/funciones_auto.h"
 Parameters:    Size  Location     Type
  speed           1    wreg     unsigned char 
 Auto vars:     Size  Location     Type
  speed           1   67[COMRAM] unsigned char 
  DC              4   59[COMRAM] float 
 Return value:  Size  Location     Type
                  1    wreg      void 
 Registers used:
		wreg, status,2, status,0, prodl, prodh, cstack
 Tracked objects:
		On entry : 
		On exit  : 
		Unchanged: 
 Data sizes:     COMRAM   BANK0   BANK1   BANK2   BANK3   BANK4   BANK5   BANK6   BANK7   BANK8   BANK9  BANK10  BANK11  BANK12  BANK13  BANK14
      Params:         0       0       0       0       0       0       0       0       0       0       0       0       0       0       0       0
      Locals:         9       0       0       0       0       0       0       0       0       0       0       0       0       0       0       0
      Temps:          0       0       0       0       0       0       0       0       0       0       0       0       0       0       0       0
      Totals:         9       0       0       0       0       0       0       0       0       0       0       0       0       0       0       0
Total ram usage:        9 bytes
 Hardware stack levels used:    1
 Hardware stack levels required when called:    2
 This function calls:
		___fladd
		___flmul
		___fltol
		___xxtofl
 This function is called by:
		_logicaEstadoSiguiente
 This function uses a non-reentrant model


 *************** function ___xxtofl *****************
 Defined at:
		line 10 in file "C:\Program Files (x86)\Microchip\xc8\v2.05\pic\sources\c99\common\xxtofl.c"
 Parameters:    Size  Location     Type
  sign            1    wreg     unsigned char 
  val             4    4[COMRAM] long 
 Auto vars:     Size  Location     Type
  sign            1   12[COMRAM] unsigned char 
  arg             4   14[COMRAM] unsigned long 
  exp             1   13[COMRAM] unsigned char 
 Return value:  Size  Location     Type
                  4    4[COMRAM] unsigned char 
 Registers used:
		wreg, status,2, status,0
 Tracked objects:
		On entry : 
		On exit  : 
		Unchanged: 
 Data sizes:     COMRAM   BANK0   BANK1   BANK2   BANK3   BANK4   BANK5   BANK6   BANK7   BANK8   BANK9  BANK10  BANK11  BANK12  BANK13  BANK14
      Params:         4       0       0       0       0       0       0       0       0       0       0       0       0       0       0       0
      Locals:         6       0       0       0       0       0       0       0       0       0       0       0       0       0       0       0
      Temps:          4       0       0       0       0       0       0       0       0       0       0       0       0       0       0       0
      Totals:        14       0       0       0       0       0       0       0       0       0       0       0       0       0       0       0
Total ram usage:       14 bytes
 Hardware stack levels used:    1
 Hardware stack levels required when called:    1
 This function calls:
		Nothing
 This function is called by:
		_fijarVelocidad
 This function uses a non-reentrant model


 *************** function ___fltol *****************
 Defined at:
		line 43 in file "C:\Program Files (x86)\Microchip\xc8\v2.05\pic\sources\c99\common\fltol.c"
 Parameters:    Size  Location     Type
  f1              4   43[COMRAM] unsigned char 
 Auto vars:     Size  Location     Type
  exp1            1   52[COMRAM] unsigned char 
  sign1           1   51[COMRAM] unsigned char 
 Return value:  Size  Location     Type
                  4   43[COMRAM] long 
 Registers used:
		wreg, status,2, status,0
 Tracked objects:
		On entry : 
		On exit  : 
		Unchanged: 
 Data sizes:     COMRAM   BANK0   BANK1   BANK2   BANK3   BANK4   BANK5   BANK6   BANK7   BANK8   BANK9  BANK10  BANK11  BANK12  BANK13  BANK14
      Params:         4       0       0       0       0       0       0       0       0       0       0       0       0       0       0       0
      Locals:         2       0       0       0       0       0       0       0       0       0       0       0       0       0       0       0
      Temps:          4       0       0       0       0       0       0       0       0       0       0       0       0       0       0       0
      Totals:        10       0       0       0       0       0       0       0       0       0       0       0       0       0       0       0
Total ram usage:       10 bytes
 Hardware stack levels used:    1
 Hardware stack levels required when called:    1
 This function calls:
		Nothing
 This function is called by:
		_fijarVelocidad
 This function uses a non-reentrant model


 *************** function ___flmul *****************
 Defined at:
		line 8 in file "C:\Program Files (x86)\Microchip\xc8\v2.05\pic\sources\c99\common\sprcmul.c"
 Parameters:    Size  Location     Type
  b               4   18[COMRAM] long 
  a               4   22[COMRAM] long 
 Auto vars:     Size  Location     Type
  prod            4   37[COMRAM] struct .
  grs             4   31[COMRAM] unsigned long 
  temp            2   41[COMRAM] struct .
  bexp            1   36[COMRAM] unsigned char 
  aexp            1   35[COMRAM] unsigned char 
  sign            1   30[COMRAM] unsigned char 
 Return value:  Size  Location     Type
                  4   18[COMRAM] unsigned char 
 Registers used:
		wreg, status,2, status,0, prodl, prodh
 Tracked objects:
		On entry : 
		On exit  : 
		Unchanged: 
 Data sizes:     COMRAM   BANK0   BANK1   BANK2   BANK3   BANK4   BANK5   BANK6   BANK7   BANK8   BANK9  BANK10  BANK11  BANK12  BANK13  BANK14
      Params:         8       0       0       0       0       0       0       0       0       0       0       0       0       0       0       0
      Locals:        13       0       0       0       0       0       0       0       0       0       0       0       0       0       0       0
      Temps:          4       0       0       0       0       0       0       0       0       0       0       0       0       0       0       0
      Totals:        25       0       0       0       0       0       0       0       0       0       0       0       0       0       0       0
Total ram usage:       25 bytes
 Hardware stack levels used:    1
 Hardware stack levels required when called:    1
 This function calls:
		Nothing
 This function is called by:
		_fijarVelocidad
 This function uses a non-reentrant model


 *************** function ___fladd *****************
 Defined at:
		line 10 in file "C:\Program Files (x86)\Microchip\xc8\v2.05\pic\sources\c99\common\sprcadd.c"
 Parameters:    Size  Location     Type
  b               4   43[COMRAM] unsigned char 
  a               4   47[COMRAM] unsigned char 
 Auto vars:     Size  Location     Type
  grs             1   58[COMRAM] unsigned char 
  bexp            1   57[COMRAM] unsigned char 
  aexp            1   56[COMRAM] unsigned char 
  signs           1   55[COMRAM] unsigned char 
 Return value:  Size  Location     Type
                  4   43[COMRAM] unsigned char 
 Registers used:
		wreg, status,2, status,0
 Tracked objects:
		On entry : 
		On exit  : 
		Unchanged: 
 Data sizes:     COMRAM   BANK0   BANK1   BANK2   BANK3   BANK4   BANK5   BANK6   BANK7   BANK8   BANK9  BANK10  BANK11  BANK12  BANK13  BANK14
      Params:         8       0       0       0       0       0       0       0       0       0       0       0       0       0       0       0
      Locals:         4       0       0       0       0       0       0       0       0       0       0       0       0       0       0       0
      Temps:          4       0       0       0       0       0       0       0       0       0       0       0       0       0       0       0
      Totals:        16       0       0       0       0       0       0       0       0       0       0       0       0       0       0       0
Total ram usage:       16 bytes
 Hardware stack levels used:    1
 Hardware stack levels required when called:    1
 This function calls:
		Nothing
 This function is called by:
		_fijarVelocidad
 This function uses a non-reentrant model


 *************** function _enviarRS232 *****************
 Defined at:
		line 33 in file "./../../LIBRERIAS/funciones_auto.h"
 Parameters:    Size  Location     Type
  valores         2    4[COMRAM] PTR unsigned char 
		 -> STR_4(8), STR_3(7), logicaEstadoSiguiente@texto(20), 
  numero_valor    1    6[COMRAM] unsigned char 
 Auto vars:     Size  Location     Type
  i               1    9[COMRAM] unsigned char 
 Return value:  Size  Location     Type
                  1    wreg      void 
 Registers used:
		wreg, fsr1l, fsr1h, status,2, status,0, tblptrl, tblptrh, tblptru
 Tracked objects:
		On entry : 
		On exit  : 
		Unchanged: 
 Data sizes:     COMRAM   BANK0   BANK1   BANK2   BANK3   BANK4   BANK5   BANK6   BANK7   BANK8   BANK9  BANK10  BANK11  BANK12  BANK13  BANK14
      Params:         3       0       0       0       0       0       0       0       0       0       0       0       0       0       0       0
      Locals:         1       0       0       0       0       0       0       0       0       0       0       0       0       0       0       0
      Temps:          2       0       0       0       0       0       0       0       0       0       0       0       0       0       0       0
      Totals:         6       0       0       0       0       0       0       0       0       0       0       0       0       0       0       0
Total ram usage:        6 bytes
 Hardware stack levels used:    1
 Hardware stack levels required when called:    1
 This function calls:
		Nothing
 This function is called by:
		_logicaEstadoSiguiente
		_main
 This function uses a non-reentrant model


 *************** function _encenderMotor *****************
 Defined at:
		line 27 in file "./../../LIBRERIAS/funciones_auto.h"
 Parameters:    Size  Location     Type
		None
 Auto vars:     Size  Location     Type
		None
 Return value:  Size  Location     Type
                  1    wreg      void 
 Registers used:
		wreg, status,2, status,0, cstack
 Tracked objects:
		On entry : 
		On exit  : 
		Unchanged: 
 Data sizes:     COMRAM   BANK0   BANK1   BANK2   BANK3   BANK4   BANK5   BANK6   BANK7   BANK8   BANK9  BANK10  BANK11  BANK12  BANK13  BANK14
      Params:         0       0       0       0       0       0       0       0       0       0       0       0       0       0       0       0
      Locals:         0       0       0       0       0       0       0       0       0       0       0       0       0       0       0       0
      Temps:          2       0       0       0       0       0       0       0       0       0       0       0       0       0       0       0
      Totals:         2       0       0       0       0       0       0       0       0       0       0       0       0       0       0       0
Total ram usage:        2 bytes
 Hardware stack levels used:    1
 Hardware stack levels required when called:    2
 This function calls:
		_rutinaArranque
 This function is called by:
		_logicaEstadoSiguiente
 This function uses a non-reentrant model


 *************** function _rutinaArranque *****************
 Defined at:
		line 15 in file "./../../LIBRERIAS/funciones_auto.h"
 Parameters:    Size  Location     Type
		None
 Auto vars:     Size  Location     Type
		None
 Return value:  Size  Location     Type
                  1    wreg      void 
 Registers used:
		wreg, status,2
 Tracked objects:
		On entry : 
		On exit  : 
		Unchanged: 
 Data sizes:     COMRAM   BANK0   BANK1   BANK2   BANK3   BANK4   BANK5   BANK6   BANK7   BANK8   BANK9  BANK10  BANK11  BANK12  BANK13  BANK14
      Params:         0       0       0       0       0       0       0       0       0       0       0       0       0       0       0       0
      Locals:         0       0       0       0       0       0       0       0       0       0       0       0       0       0       0       0
      Temps:          2       0       0       0       0       0       0       0       0       0       0       0       0       0       0       0
      Totals:         2       0       0       0       0       0       0       0       0       0       0       0       0       0       0       0
Total ram usage:        2 bytes
 Hardware stack levels used:    1
 Hardware stack levels required when called:    1
 This function calls:
		Nothing
 This function is called by:
		_encenderMotor
 This function uses a non-reentrant model


 *************** function _configurarRS232 *****************
 Defined at:
		line 26 in file "./../../LIBRERIAS/configuracion_auto.h"
 Parameters:    Size  Location     Type
		None
 Auto vars:     Size  Location     Type
		None
 Return value:  Size  Location     Type
                  1    wreg      void 
 Registers used:
		wreg, status,2
 Tracked objects:
		On entry : 
		On exit  : 
		Unchanged: 
 Data sizes:     COMRAM   BANK0   BANK1   BANK2   BANK3   BANK4   BANK5   BANK6   BANK7   BANK8   BANK9  BANK10  BANK11  BANK12  BANK13  BANK14
      Params:         0       0       0       0       0       0       0       0       0       0       0       0       0       0       0       0
      Locals:         0       0       0       0       0       0       0       0       0       0       0       0       0       0       0       0
      Temps:          0       0       0       0       0       0       0       0       0       0       0       0       0       0       0       0
      Totals:         0       0       0       0       0       0       0       0       0       0       0       0       0       0       0       0
Total ram usage:        0 bytes
 Hardware stack levels used:    1
 Hardware stack levels required when called:    1
 This function calls:
		Nothing
 This function is called by:
		_main
 This function uses a non-reentrant model


 *************** function _configurarPuertos *****************
 Defined at:
		line 3 in file "./../../LIBRERIAS/configuracion_auto.h"
 Parameters:    Size  Location     Type
		None
 Auto vars:     Size  Location     Type
		None
 Return value:  Size  Location     Type
                  1    wreg      void 
 Registers used:
		wreg, status,2
 Tracked objects:
		On entry : 
		On exit  : 
		Unchanged: 
 Data sizes:     COMRAM   BANK0   BANK1   BANK2   BANK3   BANK4   BANK5   BANK6   BANK7   BANK8   BANK9  BANK10  BANK11  BANK12  BANK13  BANK14
      Params:         0       0       0       0       0       0       0       0       0       0       0       0       0       0       0       0
      Locals:         0       0       0       0       0       0       0       0       0       0       0       0       0       0       0       0
      Temps:          0       0       0       0       0       0       0       0       0       0       0       0       0       0       0       0
      Totals:         0       0       0       0       0       0       0       0       0       0       0       0       0       0       0       0
Total ram usage:        0 bytes
 Hardware stack levels used:    1
 Hardware stack levels required when called:    1
 This function calls:
		Nothing
 This function is called by:
		_main
 This function uses a non-reentrant model


 *************** function _configurarPWM7 *****************
 Defined at:
		line 14 in file "./../../LIBRERIAS/configuracion_auto.h"
 Parameters:    Size  Location     Type
		None
 Auto vars:     Size  Location     Type
		None
 Return value:  Size  Location     Type
                  1    wreg      void 
 Registers used:
		wreg, status,2
 Tracked objects:
		On entry : 
		On exit  : 
		Unchanged: 
 Data sizes:     COMRAM   BANK0   BANK1   BANK2   BANK3   BANK4   BANK5   BANK6   BANK7   BANK8   BANK9  BANK10  BANK11  BANK12  BANK13  BANK14
      Params:         0       0       0       0       0       0       0       0       0       0       0       0       0       0       0       0
      Locals:         0       0       0       0       0       0       0       0       0       0       0       0       0       0       0       0
      Temps:          0       0       0       0       0       0       0       0       0       0       0       0       0       0       0       0
      Totals:         0       0       0       0       0       0       0       0       0       0       0       0       0       0       0       0
Total ram usage:        0 bytes
 Hardware stack levels used:    1
 Hardware stack levels required when called:    1
 This function calls:
		Nothing
 This function is called by:
		_main
 This function uses a non-reentrant model


 *************** function _configurarInterrupciones *****************
 Defined at:
		line 9 in file "./../../LIBRERIAS/configuracion_auto.h"
 Parameters:    Size  Location     Type
		None
 Auto vars:     Size  Location     Type
		None
 Return value:  Size  Location     Type
                  1    wreg      void 
 Registers used:
		None
 Tracked objects:
		On entry : 
		On exit  : 
		Unchanged: 
 Data sizes:     COMRAM   BANK0   BANK1   BANK2   BANK3   BANK4   BANK5   BANK6   BANK7   BANK8   BANK9  BANK10  BANK11  BANK12  BANK13  BANK14
      Params:         0       0       0       0       0       0       0       0       0       0       0       0       0       0       0       0
      Locals:         0       0       0       0       0       0       0       0       0       0       0       0       0       0       0       0
      Temps:          0       0       0       0       0       0       0       0       0       0       0       0       0       0       0       0
      Totals:         0       0       0       0       0       0       0       0       0       0       0       0       0       0       0       0
Total ram usage:        0 bytes
 Hardware stack levels used:    1
 Hardware stack levels required when called:    1
 This function calls:
		Nothing
 This function is called by:
		_main
 This function uses a non-reentrant model


 *************** function _rutina *****************
 Defined at:
		line 23 in file "Test_PWM_bluethoot.c"
 Parameters:    Size  Location     Type
		None
 Auto vars:     Size  Location     Type
  dato            1    3[COMRAM] unsigned char 
 Return value:  Size  Location     Type
                  1    wreg      void 
 Registers used:
		wreg, fsr2l, fsr2h, status,2, status,0
 Tracked objects:
		On entry : 
		On exit  : 
		Unchanged: 
 Data sizes:     COMRAM   BANK0   BANK1   BANK2   BANK3   BANK4   BANK5   BANK6   BANK7   BANK8   BANK9  BANK10  BANK11  BANK12  BANK13  BANK14
      Params:         0       0       0       0       0       0       0       0       0       0       0       0       0       0       0       0
      Locals:         1       0       0       0       0       0       0       0       0       0       0       0       0       0       0       0
      Temps:          3       0       0       0       0       0       0       0       0       0       0       0       0       0       0       0
      Totals:         4       0       0       0       0       0       0       0       0       0       0       0       0       0       0       0
Total ram usage:        4 bytes
 Hardware stack levels used:    1
 This function calls:
		Nothing
 This function is called by:
		Interrupt level 2
 This function uses a non-reentrant model



MODULE INFORMATION

Module		Function		Class		Link	Load	Size
C:\Program Files (x86)\Microchip\xc8\v2.05\pic\sources\c99\common\putch.c
		_putch         		CODE           	1D42	0000	3

C:\Program Files (x86)\Microchip\xc8\v2.05\pic\sources\c99\common\putch.c estimated size: 3

./../../LIBRERIAS/funciones_auto.h
		_rutinaArranque		CODE           	1CCC	0000	41
		_fijarVelocidad		CODE           	17D2	0000	225
		_encenderMotor 		CODE           	1C98	0000	53
		_enviarRS232   		CODE           	1BBA	0000	81

./../../LIBRERIAS/funciones_auto.h estimated size: 400

C:\Program Files (x86)\Microchip\xc8\v2.05\pic\sources\c99\common\nf_fputc.c
		_fputc         		CODE           	1A46	0000	161

C:\Program Files (x86)\Microchip\xc8\v2.05\pic\sources\c99\common\nf_fputc.c estimated size: 161

Test_PWM_bluethoot.c
		_rutina        		CODE           	0008	0000	91
		_main          		CODE           	1AE6	0000	127

Test_PWM_bluethoot.c estimated size: 218

C:\Program Files (x86)\Microchip\xc8\v2.05\pic\sources\c99\common\xxtofl.c
		___xxtofl      		CODE           	1580	0000	321

C:\Program Files (x86)\Microchip\xc8\v2.05\pic\sources\c99\common\xxtofl.c estimated size: 321

C:\Program Files (x86)\Microchip\xc8\v2.05\pic\sources\c99\common\fltol.c
		___fltol       		CODE           	198C	0000	187

C:\Program Files (x86)\Microchip\xc8\v2.05\pic\sources\c99\common\fltol.c estimated size: 187

C:\Program Files (x86)\Microchip\xc8\v2.05\pic\sources\c99\common\sprcmul.c
		___flmul       		CODE           	0F22	0000	851

C:\Program Files (x86)\Microchip\xc8\v2.05\pic\sources\c99\common\sprcmul.c estimated size: 851

./../../LIBRERIAS/Estados.h
		_logicaEstadoSiguiente		CODE           	16C0	0000	275

./../../LIBRERIAS/Estados.h estimated size: 275

./../../LIBRERIAS/configuracion_auto.h
		_configurarPWM7		CODE           	1CF4	0000	33
		_configurarRS232		CODE           	1D14	0000	25
		_configurarPuertos		CODE           	1D2C	0000	13
		_configurarInterrupciones		CODE           	1D38	0000	7

./../../LIBRERIAS/configuracion_auto.h estimated size: 78

C:\Program Files (x86)\Microchip\xc8\v2.05\pic\sources\c99\common\doprnt.c
		_vfpfcnvrt     		CODE           	18B2	0000	219
		_vfprintf      		CODE           	1B64	0000	87

C:\Program Files (x86)\Microchip\xc8\v2.05\pic\sources\c99\common\doprnt.c estimated size: 306

shared
		__initialization		CODE           	1C58	0000	55

shared estimated size: 55

C:\Program Files (x86)\Microchip\xc8\v2.05\pic\sources\c99\common\nf_sprintf.c
		_sprintf       		CODE           	1C0A	0000	79

C:\Program Files (x86)\Microchip\xc8\v2.05\pic\sources\c99\common\nf_sprintf.c estimated size: 79

C:\Program Files (x86)\Microchip\xc8\v2.05\pic\sources\c99\common\sprcadd.c
		___fladd       		CODE           	1274	0000	781

C:\Program Files (x86)\Microchip\xc8\v2.05\pic\sources\c99\common\sprcadd.c estimated size: 781

