Microchip MPLAB XC8 Compiler V2.05 ()

Linker command line:

-W-3 --edf=C:\Program Files (x86)\Microchip\xc8\v2.05\pic\dat\en_msgs.txt \
  -cs -h+dist/default/production\PWM.X.production.sym \
  --cmf=dist/default/production\PWM.X.production.cmf -z -Q18F47J53 \
  -oC:\Users\LAUTAR~1\AppData\Local\Temp\sa5k.2 --defsym=__MPLAB_BUILD=1 \
  -Mdist/default/production/PWM.X.production.map -E1 -ver=XC8 --acfsm=1493 \
  -ASTACK=060h-0EAFh -pstack=STACK -ACODE=00h-01FFF7h -ACONST=00h-01FFF7h \
  -ASMALLCONST=0F00h-0FFFhx496,01FF00h-01FFF7h \
  -AMEDIUMCONST=0F00h-0FFFFh,010F00h-01FFF7h -ACOMRAM=01h-05Fh \
  -AABS1=00h-0EAFh -ABIGRAM=01h-0EAFh \
  -ARAM=060h-0FFh,0100h-01FFhx13,0E00h-0EAFh -ABANK0=060h-0FFh \
  -ABANK1=0100h-01FFh -ABANK2=0200h-02FFh -ABANK3=0300h-03FFh \
  -ABANK4=0400h-04FFh -ABANK5=0500h-05FFh -ABANK6=0600h-06FFh \
  -ABANK7=0700h-07FFh -ABANK8=0800h-08FFh -ABANK9=0900h-09FFh \
  -ABANK10=0A00h-0AFFh -ABANK11=0B00h-0BFFh -ABANK12=0C00h-0CFFh \
  -ABANK13=0D00h-0DFFh -ABANK14=0E00h-0EAFh \
  -ASFR=0EB0h-0EFFh,0F00h-0F5Fh,0F60h-0FFFh \
  -preset_vec=00h,intcode=08h,intcodelo,powerup,init -pramtop=0F00h \
  -psmallconst=SMALLCONST -pmediumconst=MEDIUMCONST -pconst=CONST \
  -AFARRAM=00h-00h -ACONFIG=01FFF8h-01FFFFh -pconfig=CONFIG \
  -pjflash_buffer=01F800h \
  -prdata=COMRAM,nvrram=COMRAM,nvbit=COMRAM,rbss=COMRAM,rbit=COMRAM \
  -pfarbss=FARRAM,fardata=FARRAM,nvFARRAM=FARRAM \
  -pintsave_regs=BIGRAM,bigbss=BIGRAM,bigdata=BIGRAM -pbss=RAM \
  -pidata=CODE,irdata=CODE,ibigdata=CODE,ifardata=CODE -prparam=COMRAM \
  C:\Users\LAUTAR~1\AppData\Local\Temp\sa5k.o \
  dist/default/production\PWM.X.production.o 

Object code version is 3.11

Machine type is 18F47J53

Call graph: (short form)




                Name                               Link     Load   Length Selector   Space Scale
C:\Users\LAUTAR~1\AppData\Local\Temp\sa5k.o
                init                                 3C       3C        4        4       0
                reset_vec                             0        0        4        0       0
                config                            1FFF8    1FFF8        8    1FFF8       0
dist/default/production\PWM.X.production.o
                intcode                               8        8       34        4       0
                temp                                  5        5        1        1       1
                text3                                40       40       4E        4       0
                text2                                B4       B4        E        4       0
                text1                                8E       8E       18        4       0
                text0                                A6       A6        E        4       0
                cstackCOMRAM                          1        1        3        1       1
                bssCOMRAM                             4        4        1        1       1
                cinit                                C2       C2        C        4       0

TOTAL           Name                               Link     Load   Length     Space
        CLASS   STACK          

        CLASS   CODE           
                intcode                               8        8       34         0
                init                                 3C       3C        4         0
                reset_vec                             0        0        4         0
                text3                                40       40       4E         0
                text2                                B4       B4        E         0
                text1                                8E       8E       18         0
                text0                                A6       A6        E         0
                cinit                                C2       C2        C         0

        CLASS   CONST          

        CLASS   SMALLCONST     

        CLASS   MEDIUMCONST    

        CLASS   COMRAM         
                temp                                  5        5        1         1
                cstackCOMRAM                          1        1        3         1
                bssCOMRAM                             4        4        1         1

        CLASS   ABS1           

        CLASS   BIGRAM         

        CLASS   RAM            

        CLASS   BANK0          

        CLASS   BANK1          

        CLASS   BANK2          

        CLASS   BANK3          

        CLASS   BANK4          

        CLASS   BANK5          

        CLASS   BANK6          

        CLASS   BANK7          

        CLASS   BANK8          

        CLASS   BANK9          

        CLASS   BANK10         

        CLASS   BANK11         

        CLASS   BANK12         

        CLASS   BANK13         

        CLASS   BANK14         

        CLASS   SFR            

        CLASS   FARRAM         

        CLASS   CONFIG         
                config                            1FFF8    1FFF8        8         0

        CLASS   IDLOC          



SEGMENTS        Name                           Load    Length   Top    Selector   Space  Class

                reset_vec                      000000  000004  000004         0       0  CODE    
                cstackCOMRAM                   000001  000005  000006         1       1  COMRAM  
                intcode                        000008  0000C6  0000CE         4       0  CODE    
                config                         01FFF8  000008  020000     1FFF8       0  CONFIG  


UNUSED ADDRESS RANGES

        Name                Unused          Largest block    Delta
        BANK0            00060-000FF              A0
        BANK1            00100-001FF             100
        BANK10           00A00-00AFF             100
        BANK11           00B00-00BFF             100
        BANK12           00C00-00CFF             100
        BANK13           00D00-00DFF             100
        BANK14           00E00-00EAF              B0
        BANK2            00200-002FF             100
        BANK3            00300-003FF             100
        BANK4            00400-004FF             100
        BANK5            00500-005FF             100
        BANK6            00600-006FF             100
        BANK7            00700-007FF             100
        BANK8            00800-008FF             100
        BANK9            00900-009FF             100
        BIGRAM           00006-00EAF             EAA
        CODE             00004-00007               4
                         000CE-1FFF7           1FF2A
        COMRAM           00006-0005F              5A
        CONST            00004-00007               4
                         000CE-1FFF7           1FF2A
        MEDIUMCONST      00F00-0FFFF            F100
                         10F00-1FFF7            F0F8
        RAM              00060-00EAF             100
        SFR              00EB0-00FFF              60
        SMALLCONST       00F00-1FFF7             100
        STACK            00060-00EAF             E50

                                  Symbol Table

_ANCON0                     (abs)         00F48
_ANCON1                     (abs)         00F49
_CCP7CONbits                (abs)         00F09
_CCPR7L                     (abs)         00F0A
_CCPTMRS1bits               (abs)         00F51
_INTCONbits                 (abs)         00FF2
_PIE1bits                   (abs)         00F9D
_PIR1bits                   (abs)         00F9E
_PORTBbits                  (abs)         00F81
_PR2                        (abs)         00FCB
_T1CON                      (abs)         00FCD
_T1CONbits                  (abs)         00FCD
_T2CON                      (abs)         00FCA
_T2CONbits                  (abs)         00FCA
_TMR1                       (abs)         00FCE
_TMR2                       (abs)         00FCC
_TRISBbits                  (abs)         00F93
__CFG_ADCSEL$BIT12          (abs)         00000
__CFG_CFGPLLEN$ON           (abs)         00000
__CFG_CLKOEC$ON             (abs)         00000
__CFG_CP0$OFF               (abs)         00000
__CFG_CPUDIV$OSC1           (abs)         00000
__CFG_DSBOREN$OFF           (abs)         00000
__CFG_DSWDTEN$OFF           (abs)         00000
__CFG_DSWDTOSC$INTOSCREF    (abs)         00000
__CFG_DSWDTPS$G2            (abs)         00000
__CFG_FCMEN$ON              (abs)         00000
__CFG_IESO$ON               (abs)         00000
__CFG_IOL1WAY$ON            (abs)         00000
__CFG_LS48MHZ$SYS48X8       (abs)         00000
__CFG_MSSP7B_EN$MSK7        (abs)         00000
__CFG_OSC$HSPLL             (abs)         00000
__CFG_PLLDIV$3              (abs)         00000
__CFG_RTCOSC$T1OSCREF       (abs)         00000
__CFG_SOSCSEL$HIGH          (abs)         00000
__CFG_STVREN$ON             (abs)         00000
__CFG_WDTEN$OFF             (abs)         00000
__CFG_WDTPS$32768           (abs)         00000
__CFG_WPCFG$OFF             (abs)         00000
__CFG_WPDIS$OFF             (abs)         00000
__CFG_WPEND$PAGE_WPFP       (abs)         00000
__CFG_WPFP$PAGE_127         (abs)         00000
__CFG_XINST$OFF             (abs)         00000
__HRAM                      (abs)         00000
__Habs1                     abs1          00000
__Hbank0                    bank0         00000
__Hbank1                    bank1         00000
__Hbank10                   bank10        00000
__Hbank11                   bank11        00000
__Hbank12                   bank12        00000
__Hbank13                   bank13        00000
__Hbank14                   bank14        00000
__Hbank2                    bank2         00000
__Hbank3                    bank3         00000
__Hbank4                    bank4         00000
__Hbank5                    bank5         00000
__Hbank6                    bank6         00000
__Hbank7                    bank7         00000
__Hbank8                    bank8         00000
__Hbank9                    bank9         00000
__Hbigbss                   bigbss        00000
__Hbigdata                  bigdata       00000
__Hbigram                   bigram        00000
__Hbss                      bss           00000
__HbssCOMRAM                bssCOMRAM     00000
__Hcinit                    cinit         00000
__Hclrtext                  clrtext       00000
__Hcomram                   comram        00000
__Hconfig                   config        20000
__Hconst                    const         00000
__HcstackCOMRAM             cstackCOMRAM  00000
__Hdata                     data          00000
__Hfarbss                   farbss        00000
__Hfardata                  fardata       00000
__Hibigdata                 ibigdata      00000
__Hidata                    idata         00000
__Hidloc                    idloc         00000
__Hifardata                 ifardata      00000
__Hinit                     init          00040
__Hintcode                  intcode       0003C
__Hintcode_body             intcode_body  00000
__Hintcodelo                intcodelo     0003C
__Hintentry                 intentry      00000
__Hintret                   intret        00000
__Hintsave_regs             intsave_regs  00000
__Hirdata                   irdata        00000
__Hjflash_buffer            jflash_buffer 1F800
__Hmediumconst              mediumconst   00000
__HnvFARRAM                 nvFARRAM      00000
__Hnvbit                    nvbit         00000
__Hnvrram                   nvrram        00000
__Hparam                    rparam        00000
__Hpowerup                  powerup       0003C
__Hram                      ram           00000
__Hramtop                   ramtop        00F00
__Hrbit                     rbit          00000
__Hrbss                     rbss          00000
__Hrdata                    rdata         00000
__Hreset_vec                reset_vec     00004
__Hrparam                   rparam        00000
__Hsfr                      sfr           00000
__Hsmallconst               smallconst    00000
__Hspace_0                  (abs)         20000
__Hspace_1                  (abs)         00006
__Hspace_2                  (abs)         00000
__Hstack                    stack         00000
__Hstruct                   struct        00000
__Htemp                     temp          00006
__Htext                     text          00000
__Htext0                    text0         00000
__Htext1                    text1         00000
__Htext2                    text2         00000
__Htext3                    text3         00000
__LRAM                      (abs)         00001
__Labs1                     abs1          00000
__Lbank0                    bank0         00000
__Lbank1                    bank1         00000
__Lbank10                   bank10        00000
__Lbank11                   bank11        00000
__Lbank12                   bank12        00000
__Lbank13                   bank13        00000
__Lbank14                   bank14        00000
__Lbank2                    bank2         00000
__Lbank3                    bank3         00000
__Lbank4                    bank4         00000
__Lbank5                    bank5         00000
__Lbank6                    bank6         00000
__Lbank7                    bank7         00000
__Lbank8                    bank8         00000
__Lbank9                    bank9         00000
__Lbigbss                   bigbss        00000
__Lbigdata                  bigdata       00000
__Lbigram                   bigram        00000
__Lbss                      bss           00000
__LbssCOMRAM                bssCOMRAM     00000
__Lcinit                    cinit         00000
__Lclrtext                  clrtext       00000
__Lcomram                   comram        00000
__Lconfig                   config        1FFF8
__Lconst                    const         00000
__LcstackCOMRAM             cstackCOMRAM  00000
__Ldata                     data          00000
__Lfarbss                   farbss        00000
__Lfardata                  fardata       00000
__Libigdata                 ibigdata      00000
__Lidata                    idata         00000
__Lidloc                    idloc         00000
__Lifardata                 ifardata      00000
__Linit                     init          0003C
__Lintcode                  intcode       00008
__Lintcode_body             intcode_body  00000
__Lintcodelo                intcodelo     0003C
__Lintentry                 intentry      00000
__Lintret                   intret        00000
__Lintsave_regs             intsave_regs  00000
__Lirdata                   irdata        00000
__Ljflash_buffer            jflash_buffer 1F800
__Lmediumconst              mediumconst   00000
__LnvFARRAM                 nvFARRAM      00000
__Lnvbit                    nvbit         00000
__Lnvrram                   nvrram        00000
__Lparam                    rparam        00000
__Lpowerup                  powerup       0003C
__Lram                      ram           00000
__Lramtop                   ramtop        00F00
__Lrbit                     rbit          00000
__Lrbss                     rbss          00000
__Lrdata                    rdata         00000
__Lreset_vec                reset_vec     00000
__Lrparam                   rparam        00000
__Lsfr                      sfr           00000
__Lsmallconst               smallconst    00000
__Lspace_0                  (abs)         00000
__Lspace_1                  (abs)         00000
__Lspace_2                  (abs)         00000
__Lstack                    stack         00000
__Lstruct                   struct        00000
__Ltemp                     temp          00005
__Ltext                     text          00000
__Ltext0                    text0         00000
__Ltext1                    text1         00000
__Ltext2                    text2         00000
__Ltext3                    text3         00000
__S0                        (abs)         20000
__S1                        (abs)         00006
__S2                        (abs)         00000
___inthi_sp                 stack         00000
___intlo_sp                 stack         00000
___param_bank               (abs)         00000
___rparam_used              (abs)         00001
___sp                       stack         00000
__accesstop                 (abs)         00060
__activetblptr              (abs)         00000
__end_of__initialization    cinit         000C4
__end_of_configurarPWM7     text3         0008E
__end_of_configurarPuertos  text2         000C2
__end_of_configurarTMR1     text1         000A6
__end_of_main               text0         000B4
__end_of_rutina_high        intcode       0003C
__initialization            cinit         000C2
__mediumconst               mediumconst   00000
__pbssCOMRAM                bssCOMRAM     00004
__pcinit                    cinit         000C2
__pcstackCOMRAM             cstackCOMRAM  00001
__pintcode                  intcode       00008
__ptext0                    text0         000A6
__ptext1                    text1         0008E
__ptext2                    text2         000B4
__ptext3                    text3         00040
__ramtop                    ramtop        00F00
__size_of_configurarPWM7    (abs)         00000
__size_of_configurarPuertos (abs)         00000
__size_of_configurarTMR1    (abs)         00000
__size_of_main              (abs)         00000
__size_of_rutina_high       (abs)         00000
__smallconst                smallconst    00000
_configurarPWM7             text3         00040
_configurarPuertos          text2         000B4
_configurarTMR1             text1         0008E
_contador                   bssCOMRAM     00004
_main                       text0         000A6
_rutina_high                intcode       00008
btemp                       temp          00005
end_of_initialization       cinit         000C4
int$flags                   temp          00005
intlevel0                   text          00000
intlevel1                   text          00000
intlevel2                   text          00000
intlevel3                   text          00000
stackhi                     (abs)         00EAF
stacklo                     (abs)         00060
start                       init          0003C
start_initialization        cinit         000C2
ttemp5                      temp          00006
ttemp6                      temp          00009
ttemp7                      temp          0000D
wtemp8                      temp          00006


FUNCTION INFORMATION:

 *************** function _main *****************
 Defined at:
		line 37 in file "main.c"
 Parameters:    Size  Location     Type
		None
 Auto vars:     Size  Location     Type
		None
 Return value:  Size  Location     Type
                  1    wreg      void 
 Registers used:
		wreg, status,2, cstack
 Tracked objects:
		On entry : 
		On exit  : 
		Unchanged: 
 Data sizes:     COMRAM   BANK0   BANK1   BANK2   BANK3   BANK4   BANK5   BANK6   BANK7   BANK8   BANK9  BANK10  BANK11  BANK12  BANK13  BANK14
      Params:         0       0       0       0       0       0       0       0       0       0       0       0       0       0       0       0
      Locals:         0       0       0       0       0       0       0       0       0       0       0       0       0       0       0       0
      Temps:          0       0       0       0       0       0       0       0       0       0       0       0       0       0       0       0
      Totals:         0       0       0       0       0       0       0       0       0       0       0       0       0       0       0       0
Total ram usage:        0 bytes
 Hardware stack levels required when called:    2
 This function calls:
		_configurarPWM7
		_configurarPuertos
		_configurarTMR1
 This function is called by:
		Startup code after reset
 This function uses a non-reentrant model


 *************** function _configurarTMR1 *****************
 Defined at:
		line 53 in file "main.c"
 Parameters:    Size  Location     Type
		None
 Auto vars:     Size  Location     Type
		None
 Return value:  Size  Location     Type
                  1    wreg      void 
 Registers used:
		wreg, status,2
 Tracked objects:
		On entry : 
		On exit  : 
		Unchanged: 
 Data sizes:     COMRAM   BANK0   BANK1   BANK2   BANK3   BANK4   BANK5   BANK6   BANK7   BANK8   BANK9  BANK10  BANK11  BANK12  BANK13  BANK14
      Params:         0       0       0       0       0       0       0       0       0       0       0       0       0       0       0       0
      Locals:         0       0       0       0       0       0       0       0       0       0       0       0       0       0       0       0
      Temps:          0       0       0       0       0       0       0       0       0       0       0       0       0       0       0       0
      Totals:         0       0       0       0       0       0       0       0       0       0       0       0       0       0       0       0
Total ram usage:        0 bytes
 Hardware stack levels used:    1
 Hardware stack levels required when called:    1
 This function calls:
		Nothing
 This function is called by:
		_main
 This function uses a non-reentrant model


 *************** function _configurarPuertos *****************
 Defined at:
		line 46 in file "main.c"
 Parameters:    Size  Location     Type
		None
 Auto vars:     Size  Location     Type
		None
 Return value:  Size  Location     Type
                  1    wreg      void 
 Registers used:
		wreg, status,2
 Tracked objects:
		On entry : 
		On exit  : 
		Unchanged: 
 Data sizes:     COMRAM   BANK0   BANK1   BANK2   BANK3   BANK4   BANK5   BANK6   BANK7   BANK8   BANK9  BANK10  BANK11  BANK12  BANK13  BANK14
      Params:         0       0       0       0       0       0       0       0       0       0       0       0       0       0       0       0
      Locals:         0       0       0       0       0       0       0       0       0       0       0       0       0       0       0       0
      Temps:          0       0       0       0       0       0       0       0       0       0       0       0       0       0       0       0
      Totals:         0       0       0       0       0       0       0       0       0       0       0       0       0       0       0       0
Total ram usage:        0 bytes
 Hardware stack levels used:    1
 Hardware stack levels required when called:    1
 This function calls:
		Nothing
 This function is called by:
		_main
 This function uses a non-reentrant model


 *************** function _configurarPWM7 *****************
 Defined at:
		line 63 in file "main.c"
 Parameters:    Size  Location     Type
		None
 Auto vars:     Size  Location     Type
		None
 Return value:  Size  Location     Type
                  1    wreg      void 
 Registers used:
		wreg, status,2
 Tracked objects:
		On entry : 
		On exit  : 
		Unchanged: 
 Data sizes:     COMRAM   BANK0   BANK1   BANK2   BANK3   BANK4   BANK5   BANK6   BANK7   BANK8   BANK9  BANK10  BANK11  BANK12  BANK13  BANK14
      Params:         0       0       0       0       0       0       0       0       0       0       0       0       0       0       0       0
      Locals:         0       0       0       0       0       0       0       0       0       0       0       0       0       0       0       0
      Temps:          2       0       0       0       0       0       0       0       0       0       0       0       0       0       0       0
      Totals:         2       0       0       0       0       0       0       0       0       0       0       0       0       0       0       0
Total ram usage:        2 bytes
 Hardware stack levels used:    1
 Hardware stack levels required when called:    1
 This function calls:
		Nothing
 This function is called by:
		_main
 This function uses a non-reentrant model


 *************** function _rutina_high *****************
 Defined at:
		line 26 in file "main.c"
 Parameters:    Size  Location     Type
		None
 Auto vars:     Size  Location     Type
		None
 Return value:  Size  Location     Type
                  1    wreg      void 
 Registers used:
		wreg, status,2, status,0
 Tracked objects:
		On entry : 
		On exit  : 
		Unchanged: 
 Data sizes:     COMRAM   BANK0   BANK1   BANK2   BANK3   BANK4   BANK5   BANK6   BANK7   BANK8   BANK9  BANK10  BANK11  BANK12  BANK13  BANK14
      Params:         0       0       0       0       0       0       0       0       0       0       0       0       0       0       0       0
      Locals:         0       0       0       0       0       0       0       0       0       0       0       0       0       0       0       0
      Temps:          1       0       0       0       0       0       0       0       0       0       0       0       0       0       0       0
      Totals:         1       0       0       0       0       0       0       0       0       0       0       0       0       0       0       0
Total ram usage:        1 bytes
 Hardware stack levels used:    1
 This function calls:
		Nothing
 This function is called by:
		Interrupt level 2
 This function uses a non-reentrant model



MODULE INFORMATION

Module		Function		Class		Link	Load	Size
shared
		__initialization		CODE           	00C2	0000	3

shared estimated size: 3

main.c
		_configurarTMR1		CODE           	008E	0000	25
		_configurarPWM7		CODE           	0040	0000	79
		_main          		CODE           	00A6	0000	15
		_configurarPuertos		CODE           	00B4	0000	15
		_rutina_high   		CODE           	0008	0000	53

main.c estimated size: 187

